Archive member included because of file (symbol)

bin/libIncitatus.a(incit.o)   helloworld.o (puts)

Memory Configuration

Name             Origin             Length             Attributes
*default*        0x0000000000000000 0xffffffffffffffff

Linker script and memory map


.text           0x0000000040000000      0x25c load address 0x0000000000000000
 *(.text)
 .text          0x0000000040000000       0x23 helloworld.o
                0x0000000040000000                main
 *fill*         0x0000000040000023        0x1 
 .text          0x0000000040000024      0x12a bin/libIncitatus.a(incit.o)
                0x000000004000005b                puts
                0x0000000040000096                putc
                0x00000000400000d8                exit
                0x0000000040000113                spawn
                0x0000000040000150                . = ALIGN (0x4)
 *fill*         0x000000004000014e        0x2 
 *(.eh_frame)
 .eh_frame      0x0000000040000150       0x34 helloworld.o
 .eh_frame      0x0000000040000184       0xc4 bin/libIncitatus.a(incit.o)
                0x0000000040000248                . = ALIGN (0x4)
 *(.data)
 .data          0x0000000040000248        0x0 helloworld.o
 .data          0x0000000040000248        0x0 bin/libIncitatus.a(incit.o)
                0x0000000040000248                . = ALIGN (0x4)
 *(.rodata)
 .rodata        0x0000000040000248       0x14 helloworld.o
                0x000000004000025c                . = ALIGN (0x4)
 *(.bss)
 .bss           0x000000004000025c        0x0 helloworld.o
 .bss           0x000000004000025c        0x0 bin/libIncitatus.a(incit.o)
                0x000000004000025c                . = ALIGN (0x4)
 *(.COMMON)
                0x000000004000025c                . = ALIGN (0x4)
LOAD helloworld.o
LOAD bin/libIncitatus.a
OUTPUT(HelloWorld binary)

.comment        0x0000000000000000       0x24
 .comment       0x0000000000000000       0x12 helloworld.o
 .comment       0x0000000000000012       0x12 bin/libIncitatus.a(incit.o)
