Archive member included because of file (symbol)

bin/libIncitatus.a(incit.o)   helloworld.o (puts)

Memory Configuration

Name             Origin             Length             Attributes
*default*        0x0000000000000000 0xffffffffffffffff

Linker script and memory map


.text           0x0000000040000000      0x4d8 load address 0x0000000000000000
 *(.text)
 .text          0x0000000040000000       0x93 helloworld.o
                0x0000000040000000                main
 *fill*         0x0000000040000093        0x1 
 .text          0x0000000040000094      0x28b bin/libIncitatus.a(incit.o)
                0x00000000400000cb                puts
                0x0000000040000106                putc
                0x0000000040000148                exit
                0x0000000040000183                spawn
                0x00000000400001be                fchdir
                0x00000000400001f9                fparent
                0x0000000040000234                readdir
                0x000000004000026e                fgetcwd
                0x00000000400002aa                fstat
                0x00000000400002e4                getcwd
                0x0000000040000320                . = ALIGN (0x4)
 *fill*         0x000000004000031f        0x1 
 *(.eh_frame)
 .eh_frame      0x0000000040000320       0x34 helloworld.o
 .eh_frame      0x0000000040000354      0x184 bin/libIncitatus.a(incit.o)
                0x00000000400004d8                . = ALIGN (0x4)
 *(.data)
 .data          0x00000000400004d8        0x0 helloworld.o
 .data          0x00000000400004d8        0x0 bin/libIncitatus.a(incit.o)
                0x00000000400004d8                . = ALIGN (0x4)
 *(.rodata)
                0x00000000400004d8                . = ALIGN (0x4)
 *(.bss)
 .bss           0x00000000400004d8        0x0 helloworld.o
 .bss           0x00000000400004d8        0x0 bin/libIncitatus.a(incit.o)
                0x00000000400004d8                . = ALIGN (0x4)
 *(.COMMON)
                0x00000000400004d8                . = ALIGN (0x4)
LOAD helloworld.o
LOAD bin/libIncitatus.a
OUTPUT(HelloWorld binary)

.comment        0x0000000000000000       0x24
 .comment       0x0000000000000000       0x12 helloworld.o
 .comment       0x0000000000000012       0x12 bin/libIncitatus.a(incit.o)
