Archive member included because of file (symbol)

bin/libIncitatus.a(incit.o)   ls.o (puts)

Memory Configuration

Name             Origin             Length             Attributes
*default*        0x0000000000000000 0xffffffffffffffff

Linker script and memory map


.text           0x0000000040000000      0x4f8 load address 0x0000000000000000
 *(.text)
 .text          0x0000000040000000       0xb0 ls.o
                0x0000000040000000                main
 .text          0x00000000400000b0      0x28b bin/libIncitatus.a(incit.o)
                0x00000000400000e7                puts
                0x0000000040000122                putc
                0x0000000040000164                exit
                0x000000004000019f                spawn
                0x00000000400001da                fchdir
                0x0000000040000215                fparent
                0x0000000040000250                readdir
                0x000000004000028a                fgetcwd
                0x00000000400002c6                fstat
                0x0000000040000300                getcwd
                0x000000004000033c                . = ALIGN (0x4)
 *fill*         0x000000004000033b        0x1 
 *(.eh_frame)
 .eh_frame      0x000000004000033c       0x38 ls.o
 .eh_frame      0x0000000040000374      0x184 bin/libIncitatus.a(incit.o)
                0x00000000400004f8                . = ALIGN (0x4)
 *(.data)
 .data          0x00000000400004f8        0x0 ls.o
 .data          0x00000000400004f8        0x0 bin/libIncitatus.a(incit.o)
                0x00000000400004f8                . = ALIGN (0x4)
 *(.rodata)
                0x00000000400004f8                . = ALIGN (0x4)
 *(.bss)
 .bss           0x00000000400004f8        0x0 ls.o
 .bss           0x00000000400004f8        0x0 bin/libIncitatus.a(incit.o)
                0x00000000400004f8                . = ALIGN (0x4)
 *(.COMMON)
                0x00000000400004f8                . = ALIGN (0x4)
LOAD ls.o
LOAD bin/libIncitatus.a
OUTPUT(ls binary)

.comment        0x0000000000000000       0x24
 .comment       0x0000000000000000       0x12 ls.o
 .comment       0x0000000000000012       0x12 bin/libIncitatus.a(incit.o)
