
Allocating common symbols
Common symbol       size              file

Scheduler_removeProcess
                    0x4               sched.o
HeapMemory_realloc  0x4               heap.o
Scheduler_addProcess
                    0x4               sched.o
Scheduler_getNextProcess
                    0x4               sched.o
errno               0x4               heap.o
HeapMemory_free     0x4               heap.o
multibootInfo       0x4               kernel.o
PhysicalMemory_getInfo
                    0x4               pmm.o
HeapMemory_calloc   0x4               heap.o
vgaRam              0x4               vga.o
vgaHeight           0x1               vga.o
vgaWidth            0x1               vga.o
PhysicalMemory_allocateFrame
                    0x4               pmm.o
HeapMemory_alloc    0x4               heap.o
PhysicalMemory_freeFrame
                    0x4               pmm.o
Scheduler_getCurrentProcess
                    0x4               sched.o

Memory Configuration

Name             Origin             Length             Attributes
*default*        0x0000000000000000 0xffffffffffffffff

Linker script and memory map


.text           0x0000000000100000    0x10000
                0x0000000000100000                text = .
                0x0000000000100000                _text = .
                0x0000000000100000                __text = .
 *(.text)
 .text          0x0000000000100000       0x2c start.o
                0x0000000000100000                mbHead
                0x0000000000100020                Start
 .text          0x000000000010002c      0x1fb kernel.o
                0x0000000000100032                Kernel
 *fill*         0x0000000000100227        0x1 
 .text          0x0000000000100228       0x45 vga.o
                0x0000000000100245                VGA_getModule
 *fill*         0x000000000010026d        0x3 
 .text          0x0000000000100270      0x5df console.o
                0x00000000001005e4                Console_printf
                0x0000000000100697                Console_printChar
                0x000000000010076a                Console_printString
                0x0000000000100792                Console_clearScreen
                0x00000000001007fd                Console_setColor
                0x0000000000100813                Console_getModule
 *fill*         0x000000000010084f        0x1 
 .text          0x0000000000100850       0x7d sys.o
                0x0000000000100878                Sys_restart
                0x0000000000100894                Sys_panic
 *fill*         0x00000000001008cd        0x3 
 .text          0x00000000001008d0      0x2ac module.o
                0x00000000001008d0                Module_load
                0x0000000000100b36                Module_getLoadedModuleNames
                0x0000000000100b72                Module_getNumberOfLoadedModules
 .text          0x0000000000100b7c      0x449 gdt.o
                0x0000000000100f6f                GDT_setTSS
                0x0000000000100f94                GDT_getModule
 *fill*         0x0000000000100fc5        0x3 
 .text          0x0000000000100fc8      0x252 pic.o
                0x0000000000101102                PIC8259_setMask
                0x00000000001011ad                PIC8259_sendEOI
                0x00000000001011e9                PIC8259_getModule
 *fill*         0x000000000010121a        0x2 
 .text          0x000000000010121c      0xdaa idt.o
                0x0000000000101d80                IDT_registerHandler
                0x0000000000101e07                IDT_handlerException
                0x0000000000101ea5                IDT_handlerIRQ
                0x0000000000101f77                IDT_getModule
 *fill*         0x0000000000101fc6        0xa 
 .text          0x0000000000101fd0      0x265 idtAsm.o
                0x0000000000102054                IDT_handler0
                0x000000000010205e                IDT_handler1
                0x0000000000102068                IDT_handler2
                0x0000000000102072                IDT_handler3
                0x000000000010207c                IDT_handler4
                0x0000000000102086                IDT_handler5
                0x0000000000102090                IDT_handler6
                0x000000000010209a                IDT_handler7
                0x00000000001020a4                IDT_handler8
                0x00000000001020ac                IDT_handler9
                0x00000000001020b6                IDT_handler10
                0x00000000001020be                IDT_handler11
                0x00000000001020c6                IDT_handler12
                0x00000000001020ce                IDT_handler13
                0x00000000001020d6                IDT_handler14
                0x00000000001020de                IDT_handler15
                0x00000000001020e8                IDT_handler16
                0x00000000001020f2                IDT_handler17
                0x00000000001020fc                IDT_handler18
                0x0000000000102106                IDT_handler19
                0x0000000000102110                IDT_handler20
                0x000000000010211a                IDT_handler21
                0x0000000000102124                IDT_handler22
                0x000000000010212e                IDT_handler23
                0x0000000000102138                IDT_handler24
                0x0000000000102142                IDT_handler25
                0x000000000010214c                IDT_handler26
                0x0000000000102156                IDT_handler27
                0x0000000000102160                IDT_handler28
                0x000000000010216a                IDT_handler29
                0x0000000000102174                IDT_handler30
                0x000000000010217e                IDT_handler31
                0x0000000000102188                IDT_handler128
                0x0000000000102195                IDT_request0
                0x000000000010219f                IDT_request1
                0x00000000001021a9                IDT_request2
                0x00000000001021b3                IDT_request3
                0x00000000001021bd                IDT_request4
                0x00000000001021c7                IDT_request5
                0x00000000001021d1                IDT_request6
                0x00000000001021db                IDT_request7
                0x00000000001021e5                IDT_request8
                0x00000000001021ef                IDT_request9
                0x00000000001021f9                IDT_request10
                0x0000000000102203                IDT_request11
                0x000000000010220d                IDT_request12
                0x0000000000102217                IDT_request13
                0x0000000000102221                IDT_request14
                0x000000000010222b                IDT_request15
 *fill*         0x0000000000102235        0x3 
 .text          0x0000000000102238      0x18f pit.o
                0x000000000010231f                PIT8253_measureRuntime
                0x0000000000102342                PIT8253_sleep
                0x0000000000102382                PIT8253_getModule
 *fill*         0x00000000001023c7        0x1 
 .text          0x00000000001023c8       0xa9 cpu.o
                0x00000000001023c8                CPU_getCR
                0x0000000000102429                CPU_setCR
 *fill*         0x0000000000102471        0x3 
 .text          0x0000000000102474      0x2e9 bitmap.o
                0x0000000000102474                Bitmap_setBit
                0x0000000000102528                Bitmap_clearBit
                0x00000000001025de                Bitmap_isSet
                0x000000000010268d                Bitmap_toggle
                0x0000000000102747                Bitmap_init
 *fill*         0x000000000010275d        0x3 
 .text          0x0000000000102760      0x185 stack.o
                0x0000000000102760                Stack_push
                0x0000000000102807                Stack_pop
                0x00000000001028a9                Stack_peek
                0x00000000001028c5                Stack_init
 *fill*         0x00000000001028e5        0x3 
 .text          0x00000000001028e8      0x129 math.o
                0x00000000001028e8                Math_abs
                0x0000000000102923                Math_sqrt
                0x000000000010295e                Math_sin
                0x0000000000102999                Math_cos
                0x00000000001029d4                Math_tan
 *fill*         0x0000000000102a11        0x3 
 .text          0x0000000000102a14       0x5c pmm.o
                0x0000000000102a3f                PhysicalMemory_getModule
 .text          0x0000000000102a70      0x23b smm.o
                0x0000000000102a70                StackPMM_allocateFrame
                0x0000000000102a9a                StackPMM_freeFrame
                0x0000000000102b2b                StackPMM_init
                0x0000000000102c72                StackPMM_getInfo
 *fill*         0x0000000000102cab        0x1 
 .text          0x0000000000102cac      0x418 bmm.o
                0x0000000000102e07                BitmapPMM_allocateFrame
                0x0000000000102e85                BitmapPMM_freeFrame
                0x0000000000102f1e                BitmapPMM_getInfo
                0x0000000000102f63                BitmapPMM_init
 .text          0x00000000001030c4     0x1795 vmm.o
                0x00000000001036ac                VirtualMemory_quickMap
                0x0000000000103869                VirtualMemory_quickUnmap
                0x0000000000103a2e                VirtualMemory_getKernelDir
                0x0000000000103a38                VirtualMemory_switchPageDir
                0x0000000000103af8                VirtualMemory_mapKernel
                0x0000000000103d40                VirtualMemory_createPageDirectory
                0x0000000000103ec4                VirtualMemory_destroyPageDirectory
                0x0000000000104147                VirtualMemory_mapPage
                0x00000000001043cd                VirtualMemory_unmapPage
                0x0000000000104642                VirtualMemory_getPhysicalAddress
                0x000000000010480a                VirtualMemory_getModule
 *fill*         0x0000000000104859        0x3 
 .text          0x000000000010485c      0x535 heap.o
                0x0000000000104930                HeapMemory_expand
                0x0000000000104d4c                HeapMemory_getModule
 *fill*         0x0000000000104d91        0x3 
 .text          0x0000000000104d94     0x5f15 dl.o
                0x0000000000108577                DougLea_malloc
                0x0000000000108aac                DougLea_free
                0x00000000001098c1                DougLea_calloc
                0x000000000010a7eb                DougLea_realloc
                0x000000000010a8f7                DougLea_realloc_in_place
                0x000000000010a97c                DougLea_memalign
                0x000000000010a9b1                DougLea_posix_memalign
                0x000000000010aa57                DougLea_valloc
                0x000000000010aa89                DougLea_pvalloc
                0x000000000010aaca                DougLea_independent_calloc
                0x000000000010ab01                DougLea_independent_comalloc
                0x000000000010ab32                DougLea_bulk_free
                0x000000000010ab54                DougLea_malloc_trim
                0x000000000010ab8c                DougLea_malloc_footprint
                0x000000000010ab96                DougLea_malloc_max_footprint
                0x000000000010aba0                DougLea_malloc_footprint_limit
                0x000000000010abc0                DougLea_malloc_set_footprint_limit
                0x000000000010ac16                DougLea_mallinfo
                0x000000000010ac39                DougLea_mallopt
                0x000000000010ac53                DougLea_malloc_usable_size
 *fill*         0x000000000010aca9        0x3 
 .text          0x000000000010acac      0x49a arrlist.o
                0x000000000010acac                ArrayList_get
                0x000000000010ad32                ArrayList_add
                0x000000000010ae13                ArrayList_getIndex
                0x000000000010ae50                ArrayList_exists
                0x000000000010ae75                ArrayList_getSize
                0x000000000010ae80                ArrayList_remove
                0x000000000010aeaf                ArrayList_removeAt
                0x000000000010af7e                ArrayList_isEmpty
                0x000000000010af9d                ArrayList_destroy
                0x000000000010afc1                ArrayList_new
 *fill*         0x000000000010b146        0x2 
 .text          0x000000000010b148      0x1a8 dumbH.o
                0x000000000010b148                DumbHeapManager_malloc
                0x000000000010b1a2                DumbHeapManager_realloc
                0x000000000010b213                DumbHeapManager_calloc
                0x000000000010b284                DumbHeapManager_free
 .text          0x000000000010b2f0      0x446 linkl.o
                0x000000000010b4cc                LinkedList_add
                0x000000000010b616                LinkedList_remove
                0x000000000010b6af                LinkedList_removeFromFront
                0x000000000010b6cb                LinkedList_getFront
                0x000000000010b6d7                LinkedList_new
                0x000000000010b6f5                LinkedList_destroy
 *fill*         0x000000000010b736        0x2 
 .text          0x000000000010b738      0x2d4 string.o
                0x000000000010b738                String_startsWith
                0x000000000010b782                String_endsWith
                0x000000000010b7ec                String_charAt
                0x000000000010b7fb                String_length
                0x000000000010b823                String_charToInt
                0x000000000010b838                String_stringToInt
                0x000000000010b8b4                String_numberToString
                0x000000000010b951                String_copy
                0x000000000010b987                String_compare
                0x000000000010b9cd                String_countChar
 .text          0x000000000010ba0c      0x369 fifo.o
                0x000000000010ba0c                CircularFIFOBuffer_new
                0x000000000010bb5a                CircularFIFOBuffer_destroy
                0x000000000010bb7e                CircularFIFOBuffer_read
                0x000000000010bc45                CircularFIFOBuffer_write
 *fill*         0x000000000010bd75        0x3 
 .text          0x000000000010bd78       0x72 sched.o
                0x000000000010bda5                Scheduler_getModule
 *fill*         0x000000000010bdea        0x2 
 .text          0x000000000010bdec      0x25a rr.o
                0x000000000010bdec                RoundRobin_addProcess
                0x000000000010be94                RoundRobin_removeProcess
                0x000000000010bf97                RoundRobin_getNextProcess
                0x000000000010c03c                RoundRobin_getCurrentProcess
 *fill*         0x000000000010c046        0x2 
 .text          0x000000000010c048      0x1d1 fcfs.o
                0x000000000010c048                FCFS_addProcess
                0x000000000010c0f0                FCFS_removeProcess
                0x000000000010c205                FCFS_getNextProcess
                0x000000000010c20f                FCFS_getCurrentProcess
 *fill*         0x000000000010c219        0x3 
 .text          0x000000000010c21c      0xaef pm.o
                0x000000000010c692                ProcessManager_switch
                0x000000000010c843                ProcessManager_killProcess
                0x000000000010ca81                ProcessManager_spawnProcess
 *fill*         0x000000000010cd0b        0x1 
 .text          0x000000000010cd0c      0x567 kbd.o
                0x000000000010cec3                Keyboard_getChar
                0x000000000010ced8                Keyboard_setLeds
                0x000000000010cf74                Keyboard_init
 *fill*         0x000000000010d273        0x1 
 .text          0x000000000010d274      0x2d9 mouse.o
                0x000000000010d345                Mouse_init
 *fill*         0x000000000010d54d        0x3 
 .text          0x000000000010d550      0x69e ps2.o
                0x000000000010db5a                PS2Controller_send
                0x000000000010db89                PS2Controller_receive
                0x000000000010dba9                PS2Controller_getModule
 *fill*         0x000000000010dbee        0x2 
 .text          0x000000000010dbf0      0xe37 ramdisk.o
                0x000000000010e920                RamDisk_init
 *fill*         0x000000000010ea27        0x1 
 .text          0x000000000010ea28      0x299 tar.o
                0x000000000010eb07                Tar_nextHeader
                0x000000000010ebd8                Tar_getHeader
                0x000000000010ec1f                Tar_getNumberOfFiles
 *fill*         0x000000000010ecc1        0x3 
 .text          0x000000000010ecc4      0x85a vfs.o
                0x000000000010eeca                VFS_openFile
                0x000000000010eff7                VFS_closeFile
                0x000000000010f10e                VFS_getParent
                0x000000000010f280                VFS_readDir
                0x000000000010f30d                VFS_changeDirectory
                0x000000000010f401                VFS_getWorkingDirectoryStr
                0x000000000010f4a5                VFS_getFileStats
                0x000000000010f4c7                VFS_getWorkingDirectoryPtr
                0x000000000010f4d9                VFS_getModule
 *fill*         0x000000000010f51e        0x2 
 .text          0x000000000010f520      0x1f8 user.o
                0x000000000010f6d3                Usermode_getModule
                0x0000000000110000                . = ALIGN (0x1000)
 *fill*         0x000000000010f718      0x8e8 

.eh_frame       0x0000000000110000     0x1fec
 .eh_frame      0x0000000000110000       0x58 kernel.o
 .eh_frame      0x0000000000110058       0x40 vga.o
                                         0x58 (size before relaxing)
 .eh_frame      0x0000000000110098      0x1e0 console.o
                                        0x1f8 (size before relaxing)
 .eh_frame      0x0000000000110278       0xa0 sys.o
                                         0xb8 (size before relaxing)
 .eh_frame      0x0000000000110318       0x60 module.o
                                         0x78 (size before relaxing)
 .eh_frame      0x0000000000110378       0xc0 gdt.o
                                         0xd8 (size before relaxing)
 .eh_frame      0x0000000000110438       0xcc pic.o
                                         0xe4 (size before relaxing)
 .eh_frame      0x0000000000110504      0x108 idt.o
                                        0x120 (size before relaxing)
 .eh_frame      0x000000000011060c       0xe0 pit.o
                                         0xf8 (size before relaxing)
 .eh_frame      0x00000000001106ec       0x44 cpu.o
                                         0x5c (size before relaxing)
 .eh_frame      0x0000000000110730       0xb8 bitmap.o
                                         0xd0 (size before relaxing)
 .eh_frame      0x00000000001107e8       0x80 stack.o
                                         0x98 (size before relaxing)
 .eh_frame      0x0000000000110868       0xa0 math.o
                                         0xb8 (size before relaxing)
 .eh_frame      0x0000000000110908       0x40 pmm.o
                                         0x58 (size before relaxing)
 .eh_frame      0x0000000000110948       0x80 smm.o
                                         0x98 (size before relaxing)
 .eh_frame      0x00000000001109c8       0xe0 bmm.o
                                         0xf8 (size before relaxing)
 .eh_frame      0x0000000000110aa8      0x290 vmm.o
                                        0x2a8 (size before relaxing)
 .eh_frame      0x0000000000110d38       0x88 heap.o
                                         0xa0 (size before relaxing)
 .eh_frame      0x0000000000110dc0      0x5dc dl.o
                                        0x5f4 (size before relaxing)
 .eh_frame      0x000000000011139c      0x140 arrlist.o
                                        0x158 (size before relaxing)
 .eh_frame      0x00000000001114dc       0x80 dumbH.o
                                         0x98 (size before relaxing)
 .eh_frame      0x000000000011155c      0x100 linkl.o
                                        0x118 (size before relaxing)
 .eh_frame      0x000000000011165c      0x140 string.o
                                        0x158 (size before relaxing)
 .eh_frame      0x000000000011179c       0x80 fifo.o
                                         0x98 (size before relaxing)
 .eh_frame      0x000000000011181c       0x40 sched.o
                                         0x58 (size before relaxing)
 .eh_frame      0x000000000011185c       0x80 rr.o
                                         0x98 (size before relaxing)
 .eh_frame      0x00000000001118dc       0x80 fcfs.o
                                         0x98 (size before relaxing)
 .eh_frame      0x000000000011195c       0xe0 pm.o
                                         0xf8 (size before relaxing)
 .eh_frame      0x0000000000111a3c       0xa0 kbd.o
                                         0xb8 (size before relaxing)
 .eh_frame      0x0000000000111adc       0x60 mouse.o
                                         0x78 (size before relaxing)
 .eh_frame      0x0000000000111b3c      0x144 ps2.o
                                        0x15c (size before relaxing)
 .eh_frame      0x0000000000111c80       0xf8 ramdisk.o
                                        0x110 (size before relaxing)
 .eh_frame      0x0000000000111d78       0x80 tar.o
                                         0x98 (size before relaxing)
 .eh_frame      0x0000000000111df8      0x184 vfs.o
                                        0x19c (size before relaxing)
 .eh_frame      0x0000000000111f7c       0x70 user.o
                                         0x88 (size before relaxing)

.iplt           0x0000000000111ff0        0x0
 .iplt          0x0000000000000000        0x0 start.o

.rel.dyn        0x0000000000111fec        0x0
 .rel.iplt      0x0000000000000000        0x0 start.o
 .rel.text      0x0000000000000000        0x0 start.o

.data           0x0000000000112000     0x1000
                0x0000000000112000                data = .
                0x0000000000112000                _data = .
                0x0000000000112000                __data = .
 *(.data)
 .data          0x0000000000112000        0x0 kernel.o
 .data          0x0000000000112000        0x0 vga.o
 .data          0x0000000000112000        0x0 console.o
 .data          0x0000000000112000        0x0 sys.o
 .data          0x0000000000112000        0x0 module.o
 .data          0x0000000000112000        0x0 gdt.o
 .data          0x0000000000112000        0x0 pic.o
 .data          0x0000000000112000        0x0 idt.o
 .data          0x0000000000112000        0x0 pit.o
 .data          0x0000000000112000        0x0 cpu.o
 .data          0x0000000000112000        0x0 bitmap.o
 .data          0x0000000000112000        0x0 stack.o
 .data          0x0000000000112000        0x0 math.o
 .data          0x0000000000112000        0x0 pmm.o
 .data          0x0000000000112000        0x0 smm.o
 .data          0x0000000000112000        0x0 bmm.o
 .data          0x0000000000112000        0x0 vmm.o
 .data          0x0000000000112000        0x0 heap.o
 .data          0x0000000000112000        0x0 dl.o
 .data          0x0000000000112000        0x0 arrlist.o
 .data          0x0000000000112000        0x4 dumbH.o
 .data          0x0000000000112004        0x0 linkl.o
 .data          0x0000000000112004        0x0 string.o
 .data          0x0000000000112004        0x0 fifo.o
 .data          0x0000000000112004        0x0 sched.o
 .data          0x0000000000112004        0x0 rr.o
 .data          0x0000000000112004        0x0 fcfs.o
 .data          0x0000000000112004        0x4 pm.o
 .data          0x0000000000112008        0x0 kbd.o
 .data          0x0000000000112008        0x0 mouse.o
 .data          0x0000000000112008        0x0 ps2.o
 .data          0x0000000000112008        0x0 ramdisk.o
 .data          0x0000000000112008        0x0 tar.o
 .data          0x0000000000112008        0x0 vfs.o
 *fill*         0x0000000000112008       0x18 
 .data          0x0000000000112020       0x2c user.o
 *(.rodata)
 .rodata        0x000000000011204c       0x54 kernel.o
 .rodata        0x00000000001120a0       0x12 vga.o
 .rodata        0x00000000001120b2       0x6d console.o
 .rodata        0x000000000011211f        0xe sys.o
 .rodata        0x000000000011212d       0x3d module.o
 .rodata        0x000000000011216a       0x18 gdt.o
 .rodata        0x0000000000112182        0xa pic.o
 .rodata        0x000000000011218c       0x9f idt.o
 .rodata        0x000000000011222b        0x9 pit.o
 .rodata        0x0000000000112234       0x28 cpu.o
 .rodata        0x000000000011225c       0x41 bitmap.o
 .rodata        0x000000000011229d       0x40 stack.o
 .rodata        0x00000000001122dd       0x18 pmm.o
 .rodata        0x00000000001122f5       0x46 smm.o
 .rodata        0x000000000011233b       0x5f bmm.o
 *fill*         0x000000000011239a        0x2 
 .rodata        0x000000000011239c       0xcc vmm.o
 .rodata        0x0000000000112468       0x8f heap.o
 .rodata        0x00000000001124f7       0x41 dl.o
 .rodata        0x0000000000112538       0x44 arrlist.o
 .rodata        0x000000000011257c       0x50 dumbH.o
 .rodata        0x00000000001125cc       0x45 linkl.o
 .rodata        0x0000000000112611       0x11 string.o
 *fill*         0x0000000000112622        0x2 
 .rodata        0x0000000000112624       0x50 fifo.o
 .rodata        0x0000000000112674       0x12 sched.o
 *fill*         0x0000000000112686        0x2 
 .rodata        0x0000000000112688       0x4c rr.o
 .rodata        0x00000000001126d4       0x43 fcfs.o
 *fill*         0x0000000000112717        0x1 
 .rodata        0x0000000000112718       0xa1 pm.o
 *fill*         0x00000000001127b9        0x7 
 .rodata        0x00000000001127c0      0x2eb kbd.o
 *fill*         0x0000000000112aab        0x1 
 .rodata        0x0000000000112aac       0xc4 mouse.o
 .rodata        0x0000000000112b70      0x13e ps2.o
 *fill*         0x0000000000112cae        0x2 
 .rodata        0x0000000000112cb0       0xec ramdisk.o
 .rodata        0x0000000000112d9c       0x45 tar.o
 .rodata        0x0000000000112de1       0x89 vfs.o
 .rodata        0x0000000000112e6a       0x83 user.o
                0x0000000000113000                . = ALIGN (0x1000)
 *fill*         0x0000000000112eed      0x113 

.igot.plt       0x0000000000113000        0x0
 .igot.plt      0x0000000000000000        0x0 start.o

.bss            0x0000000000113000    0x1203c
                0x0000000000113000                bss = .
                0x0000000000113000                _bss = .
                0x0000000000113000                __bss = .
 *(.bss)
 .bss           0x0000000000113000     0xff00 start.o
 .bss           0x0000000000122f00        0x0 kernel.o
 .bss           0x0000000000122f00       0x34 vga.o
 *fill*         0x0000000000122f34        0xc 
 .bss           0x0000000000122f40       0x37 console.o
 *fill*         0x0000000000122f77        0x1 
 .bss           0x0000000000122f78        0x0 sys.o
 *fill*         0x0000000000122f78        0x8 
 .bss           0x0000000000122f80       0x84 module.o
 *fill*         0x0000000000123004       0x1c 
 .bss           0x0000000000123020       0xec gdt.o
 *fill*         0x000000000012310c       0x14 
 .bss           0x0000000000123120       0x34 pic.o
 *fill*         0x0000000000123154        0xc 
 .bss           0x0000000000123160      0xc60 idt.o
 .bss           0x0000000000123dc0       0x38 pit.o
 .bss           0x0000000000123df8        0x0 cpu.o
 .bss           0x0000000000123df8        0x0 bitmap.o
 .bss           0x0000000000123df8        0x0 stack.o
 .bss           0x0000000000123df8        0x0 math.o
 *fill*         0x0000000000123df8        0x8 
 .bss           0x0000000000123e00       0x34 pmm.o
 .bss           0x0000000000123e34       0x14 smm.o
 .bss           0x0000000000123e48       0x18 bmm.o
 .bss           0x0000000000123e60       0x38 vmm.o
 *fill*         0x0000000000123e98        0x8 
 .bss           0x0000000000123ea0       0x38 heap.o
 *fill*         0x0000000000123ed8        0x8 
 .bss           0x0000000000123ee0      0x1f8 dl.o
 .bss           0x00000000001240d8        0x0 arrlist.o
 .bss           0x00000000001240d8        0x4 dumbH.o
 .bss           0x00000000001240dc        0x0 linkl.o
 *fill*         0x00000000001240dc        0x4 
 .bss           0x00000000001240e0       0x20 string.o
 .bss           0x0000000000124100        0x0 fifo.o
 .bss           0x0000000000124100       0x34 sched.o
 .bss           0x0000000000124134        0x8 rr.o
 .bss           0x000000000012413c        0x8 fcfs.o
 .bss           0x0000000000124144        0x0 pm.o
 .bss           0x0000000000124144        0x8 kbd.o
 .bss           0x000000000012414c        0x4 mouse.o
 *fill*         0x0000000000124150       0x10 
 .bss           0x0000000000124160       0x54 ps2.o
 *fill*         0x00000000001241b4        0xc 
 .bss           0x00000000001241c0       0xe8 ramdisk.o
 .bss           0x00000000001242a8        0x0 tar.o
 *fill*         0x00000000001242a8       0x18 
 .bss           0x00000000001242c0       0x38 vfs.o
 *fill*         0x00000000001242f8        0x8 
 .bss           0x0000000000124300       0x34 user.o
                0x0000000000125000                . = ALIGN (0x1000)
 *fill*         0x0000000000124334      0xccc 
 COMMON         0x0000000000125000        0x4 kernel.o
                0x0000000000125000                multibootInfo
 COMMON         0x0000000000125004        0x6 vga.o
                0x0000000000125004                vgaRam
                0x0000000000125008                vgaHeight
                0x0000000000125009                vgaWidth
 *fill*         0x000000000012500a        0x2 
 COMMON         0x000000000012500c        0xc pmm.o
                0x000000000012500c                PhysicalMemory_getInfo
                0x0000000000125010                PhysicalMemory_allocateFrame
                0x0000000000125014                PhysicalMemory_freeFrame
 COMMON         0x0000000000125018       0x14 heap.o
                0x0000000000125018                HeapMemory_realloc
                0x000000000012501c                errno
                0x0000000000125020                HeapMemory_free
                0x0000000000125024                HeapMemory_calloc
                0x0000000000125028                HeapMemory_alloc
 COMMON         0x000000000012502c       0x10 sched.o
                0x000000000012502c                Scheduler_removeProcess
                0x0000000000125030                Scheduler_addProcess
                0x0000000000125034                Scheduler_getNextProcess
                0x0000000000125038                Scheduler_getCurrentProcess
                0x000000000012503c                end = .
                0x000000000012503c                _end = .
                0x000000000012503c                __end = .
LOAD start.o
LOAD kernel.o
LOAD vga.o
LOAD console.o
LOAD sys.o
LOAD module.o
LOAD gdt.o
LOAD pic.o
LOAD idt.o
LOAD idtAsm.o
LOAD pit.o
LOAD cpu.o
LOAD bitmap.o
LOAD stack.o
LOAD math.o
LOAD pmm.o
LOAD smm.o
LOAD bmm.o
LOAD vmm.o
LOAD heap.o
LOAD dl.o
LOAD arrlist.o
LOAD dumbH.o
LOAD linkl.o
LOAD string.o
LOAD fifo.o
LOAD sched.o
LOAD rr.o
LOAD fcfs.o
LOAD pm.o
LOAD kbd.o
LOAD mouse.o
LOAD ps2.o
LOAD ramdisk.o
LOAD tar.o
LOAD vfs.o
LOAD user.o
OUTPUT(bootloader/kernel elf32-i386)

.comment        0x0000000000000000       0x11
 .comment       0x0000000000000000       0x11 kernel.o
                                         0x12 (size before relaxing)
 .comment       0x0000000000000000       0x12 vga.o
 .comment       0x0000000000000000       0x12 console.o
 .comment       0x0000000000000000       0x12 sys.o
 .comment       0x0000000000000000       0x12 module.o
 .comment       0x0000000000000000       0x12 gdt.o
 .comment       0x0000000000000000       0x12 pic.o
 .comment       0x0000000000000000       0x12 idt.o
 .comment       0x0000000000000000       0x12 pit.o
 .comment       0x0000000000000000       0x12 cpu.o
 .comment       0x0000000000000000       0x12 bitmap.o
 .comment       0x0000000000000000       0x12 stack.o
 .comment       0x0000000000000000       0x12 math.o
 .comment       0x0000000000000000       0x12 pmm.o
 .comment       0x0000000000000000       0x12 smm.o
 .comment       0x0000000000000000       0x12 bmm.o
 .comment       0x0000000000000000       0x12 vmm.o
 .comment       0x0000000000000000       0x12 heap.o
 .comment       0x0000000000000000       0x12 dl.o
 .comment       0x0000000000000000       0x12 arrlist.o
 .comment       0x0000000000000000       0x12 dumbH.o
 .comment       0x0000000000000000       0x12 linkl.o
 .comment       0x0000000000000000       0x12 string.o
 .comment       0x0000000000000000       0x12 fifo.o
 .comment       0x0000000000000000       0x12 sched.o
 .comment       0x0000000000000000       0x12 rr.o
 .comment       0x0000000000000000       0x12 fcfs.o
 .comment       0x0000000000000000       0x12 pm.o
 .comment       0x0000000000000000       0x12 kbd.o
 .comment       0x0000000000000000       0x12 mouse.o
 .comment       0x0000000000000000       0x12 ps2.o
 .comment       0x0000000000000000       0x12 ramdisk.o
 .comment       0x0000000000000000       0x12 tar.o
 .comment       0x0000000000000000       0x12 vfs.o
 .comment       0x0000000000000000       0x12 user.o
