
Allocating common symbols
Common symbol       size              file

Scheduler_removeProcess
                    0x4               sched.o
HeapMemory_realloc  0x4               heap.o
Scheduler_addProcess
                    0x4               sched.o
Scheduler_getNextProcess
                    0x4               sched.o
errno               0x4               heap.o
HeapMemory_free     0x4               heap.o
PhysicalMemory_getInfo
                    0x4               pmm.o
HeapMemory_calloc   0x4               heap.o
vgaRam              0x4               vga.o
vgaHeight           0x1               vga.o
vgaWidth            0x1               vga.o
PhysicalMemory_allocateFrame
                    0x4               pmm.o
HeapMemory_alloc    0x4               heap.o
PhysicalMemory_freeFrame
                    0x4               pmm.o
Scheduler_getCurrentProcess
                    0x4               sched.o

Memory Configuration

Name             Origin             Length             Attributes
*default*        0x0000000000000000 0xffffffffffffffff

Linker script and memory map


.text           0x0000000000100000     0xa000
                0x0000000000100000                text = .
                0x0000000000100000                _text = .
                0x0000000000100000                __text = .
 *(.text)
 .text          0x0000000000100000       0x2c start.o
                0x0000000000100000                mbHead
                0x0000000000100020                Start
 *fill*         0x000000000010002c        0x4 
 .text          0x0000000000100030      0x183 kernel.o
                0x0000000000100030                Kernel
 *fill*         0x00000000001001b3        0xd 
 .text          0x00000000001001c0       0x44 vga.o
                0x00000000001001e0                VGA_getModule
 *fill*         0x0000000000100204        0xc 
 .text          0x0000000000100210      0x568 console.o
                0x0000000000100220                Console_printString
                0x0000000000100250                Console_printf
                0x0000000000100480                Console_printChar
                0x00000000001006d0                Console_clearScreen
                0x0000000000100730                Console_setColor
                0x0000000000100740                Console_getModule
 *fill*         0x0000000000100778        0x8 
 .text          0x0000000000100780       0x41 sys.o
                0x0000000000100780                Sys_restart
                0x0000000000100790                Sys_panic
 *fill*         0x00000000001007c1        0xf 
 .text          0x00000000001007d0      0x2c6 module.o
                0x00000000001007d0                Module_load
                0x0000000000100a50                Module_getLoadedModuleNames
                0x0000000000100a90                Module_getNumberOfLoadedModules
 *fill*         0x0000000000100a96        0xa 
 .text          0x0000000000100aa0      0x11d gdt.o
                0x0000000000100b90                GDT_getModule
 *fill*         0x0000000000100bbd        0x3 
 .text          0x0000000000100bc0       0xad pic.o
                0x0000000000100bf0                PIC8259_setMask
                0x0000000000100c30                PIC8259_sendEOI
                0x0000000000100c40                PIC8259_getModule
 *fill*         0x0000000000100c6d        0x3 
 .text          0x0000000000100c70      0xa7b idt.o
                0x00000000001014a0                IDT_registerHandler
                0x0000000000101550                IDT_handlerException
                0x00000000001015e0                IDT_handlerIRQ
                0x00000000001016a0                IDT_getModule
 *fill*         0x00000000001016eb        0x5 
 .text          0x00000000001016f0      0x23b idtAsm.o
                0x000000000010175d                IDT_handler0
                0x0000000000101764                IDT_handler1
                0x000000000010176b                IDT_handler2
                0x0000000000101775                IDT_handler3
                0x000000000010177f                IDT_handler4
                0x0000000000101789                IDT_handler5
                0x0000000000101793                IDT_handler6
                0x000000000010179d                IDT_handler7
                0x00000000001017a7                IDT_handler8
                0x00000000001017af                IDT_handler9
                0x00000000001017b9                IDT_handler10
                0x00000000001017c1                IDT_handler11
                0x00000000001017c9                IDT_handler12
                0x00000000001017d1                IDT_handler13
                0x00000000001017d9                IDT_handler14
                0x00000000001017e1                IDT_handler15
                0x00000000001017eb                IDT_handler16
                0x00000000001017f5                IDT_handler17
                0x00000000001017ff                IDT_handler18
                0x0000000000101809                IDT_handler19
                0x0000000000101813                IDT_handler20
                0x000000000010181d                IDT_handler21
                0x0000000000101827                IDT_handler22
                0x0000000000101831                IDT_handler23
                0x000000000010183b                IDT_handler24
                0x0000000000101845                IDT_handler25
                0x000000000010184f                IDT_handler26
                0x0000000000101859                IDT_handler27
                0x0000000000101863                IDT_handler28
                0x000000000010186d                IDT_handler29
                0x0000000000101877                IDT_handler30
                0x0000000000101881                IDT_handler31
                0x000000000010188b                IDT_request0
                0x0000000000101895                IDT_request1
                0x000000000010189f                IDT_request2
                0x00000000001018a9                IDT_request3
                0x00000000001018b3                IDT_request4
                0x00000000001018bd                IDT_request5
                0x00000000001018c7                IDT_request6
                0x00000000001018d1                IDT_request7
                0x00000000001018db                IDT_request8
                0x00000000001018e5                IDT_request9
                0x00000000001018ef                IDT_request10
                0x00000000001018f9                IDT_request11
                0x0000000000101903                IDT_request12
                0x000000000010190d                IDT_request13
                0x0000000000101917                IDT_request14
                0x0000000000101921                IDT_request15
 *fill*         0x000000000010192b        0x5 
 .text          0x0000000000101930      0x181 pit.o
                0x0000000000101a00                PIT8253_measureRuntime
                0x0000000000101a20                PIT8253_sleep
                0x0000000000101a70                PIT8253_getModule
 *fill*         0x0000000000101ab1        0xf 
 .text          0x0000000000101ac0       0xd8 cpu.o
                0x0000000000101ac0                CPU_getCR
                0x0000000000101b30                CPU_setCR
 *fill*         0x0000000000101b98        0x8 
 .text          0x0000000000101ba0      0x2b2 bitmap.o
                0x0000000000101ba0                Bitmap_setBit
                0x0000000000101c40                Bitmap_clearBit
                0x0000000000101ce0                Bitmap_isSet
                0x0000000000101d80                Bitmap_toggle
                0x0000000000101e40                Bitmap_init
 *fill*         0x0000000000101e52        0xe 
 .text          0x0000000000101e60      0x159 stack.o
                0x0000000000101e60                Stack_push
                0x0000000000101f00                Stack_pop
                0x0000000000101f90                Stack_peek
                0x0000000000101fa0                Stack_init
 *fill*         0x0000000000101fb9        0x7 
 .text          0x0000000000101fc0       0x4d math.o
                0x0000000000101fc0                Math_abs
                0x0000000000101fd0                Math_sqrt
                0x0000000000101fe0                Math_sin
                0x0000000000101ff0                Math_cos
                0x0000000000102000                Math_tan
 *fill*         0x000000000010200d        0x3 
 .text          0x0000000000102010       0x7f pmm.o
                0x0000000000102050                PhysicalMemory_getModule
 *fill*         0x000000000010208f        0x1 
 .text          0x0000000000102090      0x2c1 smm.o
                0x0000000000102090                StackPMM_allocateFrame
                0x00000000001020c0                StackPMM_freeFrame
                0x0000000000102150                StackPMM_init
                0x0000000000102330                StackPMM_getInfo
 *fill*         0x0000000000102351        0xf 
 .text          0x0000000000102360      0x44e bmm.o
                0x0000000000102360                BitmapPMM_allocateFrame
                0x00000000001023e0                BitmapPMM_freeFrame
                0x0000000000102490                BitmapPMM_getInfo
                0x00000000001024c0                BitmapPMM_init
 *fill*         0x00000000001027ae        0x2 
 .text          0x00000000001027b0     0x119b vmm.o
                0x0000000000102bf0                VirtualMemory_getKernelDir
                0x0000000000102c00                VirtualMemory_switchPageDir
                0x0000000000102e00                VirtualMemory_mapPage
                0x0000000000102fe0                VirtualMemory_unmapPage
                0x0000000000103180                VirtualMemory_destroyPageDirectory
                0x00000000001033d0                VirtualMemory_createPageDirectory
                0x0000000000103560                VirtualMemory_mapKernel
                0x0000000000103760                VirtualMemory_getPhysicalAddress
                0x0000000000103900                VirtualMemory_getModule
 *fill*         0x000000000010394b        0x5 
 .text          0x0000000000103950      0x4e1 heap.o
                0x0000000000103990                HeapMemory_expand
                0x0000000000103df0                HeapMemory_getModule
 *fill*         0x0000000000103e31        0xf 
 .text          0x0000000000103e40     0x37a3 dl.o
                0x0000000000104c80                DougLea_malloc
                0x0000000000106730                DougLea_free
                0x0000000000106f30                DougLea_calloc
                0x0000000000106fb0                DougLea_realloc
                0x0000000000107080                DougLea_realloc_in_place
                0x00000000001070f0                DougLea_memalign
                0x0000000000107120                DougLea_posix_memalign
                0x00000000001071a0                DougLea_valloc
                0x00000000001071d0                DougLea_pvalloc
                0x0000000000107210                DougLea_independent_calloc
                0x0000000000107240                DougLea_independent_comalloc
                0x0000000000107260                DougLea_bulk_free
                0x0000000000107320                DougLea_malloc_trim
                0x0000000000107350                DougLea_malloc_footprint
                0x0000000000107360                DougLea_malloc_max_footprint
                0x0000000000107370                DougLea_malloc_footprint_limit
                0x0000000000107380                DougLea_malloc_set_footprint_limit
                0x00000000001073b0                DougLea_mallinfo
                0x0000000000107530                DougLea_mallopt
                0x00000000001075b0                DougLea_malloc_usable_size
 *fill*         0x00000000001075e3        0xd 
 .text          0x00000000001075f0      0x4e9 arrlist.o
                0x00000000001075f0                ArrayList_get
                0x0000000000107680                ArrayList_add
                0x0000000000107760                ArrayList_getIndex
                0x0000000000107790                ArrayList_exists
                0x00000000001077d0                ArrayList_getSize
                0x00000000001077e0                ArrayList_removeAt
                0x00000000001078a0                ArrayList_remove
                0x00000000001078e0                ArrayList_isEmpty
                0x0000000000107910                ArrayList_destroy
                0x0000000000107940                ArrayList_new
 *fill*         0x0000000000107ad9        0x7 
 .text          0x0000000000107ae0      0x19b dumbH.o
                0x0000000000107ae0                DumbHeapManager_malloc
                0x0000000000107b30                DumbHeapManager_realloc
                0x0000000000107ba0                DumbHeapManager_calloc
                0x0000000000107c10                DumbHeapManager_free
 *fill*         0x0000000000107c7b        0x5 
 .text          0x0000000000107c80      0x4e2 linkl.o
                0x0000000000107e30                LinkedList_add
                0x0000000000107fa0                LinkedList_remove
                0x0000000000108050                LinkedList_removeFromFront
                0x0000000000108060                LinkedList_push
                0x0000000000108070                LinkedList_pop
                0x0000000000108080                LinkedList_peek
                0x0000000000108110                LinkedList_new
                0x0000000000108130                LinkedList_destroy
 *fill*         0x0000000000108162        0xe 
 .text          0x0000000000108170      0x34b process.o
                0x0000000000108170                Process_new
                0x0000000000108490                Process_destroy
 *fill*         0x00000000001084bb        0x5 
 .text          0x00000000001084c0       0x71 sched.o
                0x00000000001084f0                Scheduler_getModule
 *fill*         0x0000000000108531        0xf 
 .text          0x0000000000108540      0x286 rr.o
                0x0000000000108540                RoundRobin_addProcess
                0x0000000000108600                RoundRobin_removeProcess
                0x0000000000108720                RoundRobin_getNextProcess
                0x00000000001087c0                RoundRobin_getCurrentProcess
 *fill*         0x00000000001087c6        0xa 
 .text          0x00000000001087d0      0x361 pm.o
                0x0000000000108940                ProcessManager_switch
                0x0000000000108af0                ProcessManager_getModule
 *fill*         0x0000000000108b31        0xf 
 .text          0x0000000000108b40      0x4b1 kbd.o
                0x0000000000108b70                Keyboard_setLeds
                0x0000000000108d30                Keyboard_init
 *fill*         0x0000000000108ff1        0xf 
 .text          0x0000000000109000      0x291 mouse.o
                0x00000000001090b0                Mouse_init
 *fill*         0x0000000000109291        0xf 
 .text          0x00000000001092a0      0x671 ps2.o
                0x0000000000109850                PS2Controller_send
                0x0000000000109890                PS2Controller_receive
                0x00000000001098d0                PS2Controller_getModule
                0x000000000010a000                . = ALIGN (0x1000)
 *fill*         0x0000000000109911      0x6ef 

.rodata.str1.1  0x000000000010a000      0x4e3
 .rodata.str1.1
                0x000000000010a000       0x3d kernel.o
 .rodata.str1.1
                0x000000000010a03d       0x12 vga.o
 .rodata.str1.1
                0x000000000010a04f       0x55 console.o
                                         0x7e (size before relaxing)
 .rodata.str1.1
                0x000000000010a0a4        0x9 sys.o
                                          0xe (size before relaxing)
 .rodata.str1.1
                0x000000000010a0ad       0x14 module.o
                                         0x3d (size before relaxing)
 .rodata.str1.1
                0x000000000010a0c1       0x18 gdt.o
 .rodata.str1.1
                0x000000000010a0d9        0xa pic.o
 .rodata.str1.1
                0x000000000010a0e3       0x56 idt.o
                                         0x7f (size before relaxing)
 .rodata.str1.1
                0x000000000010a139        0x9 pit.o
 .rodata.str1.1
                0x000000000010a142       0x18 bitmap.o
                                         0x41 (size before relaxing)
 .rodata.str1.1
                0x000000000010a15a       0x17 stack.o
                                         0x40 (size before relaxing)
 .rodata.str1.1
                0x000000000010a171       0x18 pmm.o
 .rodata.str1.1
                0x000000000010a189       0x1d smm.o
                                         0x46 (size before relaxing)
 .rodata.str1.1
                0x000000000010a1a6       0x1e bmm.o
                                         0x5f (size before relaxing)
 .rodata.str1.1
                0x000000000010a1c4       0x63 vmm.o
                                         0xa7 (size before relaxing)
 .rodata.str1.1
                0x000000000010a227       0x2c heap.o
                                         0x6d (size before relaxing)
 .rodata.str1.1
                0x000000000010a253       0x1b arrlist.o
                                         0x44 (size before relaxing)
 .rodata.str1.1
                0x0000000000000000       0x29 dumbH.o
 .rodata.str1.1
                0x000000000010a26e       0x1c linkl.o
                                         0x45 (size before relaxing)
 .rodata.str1.1
                0x000000000010a28a       0x1d process.o
                                         0x5e (size before relaxing)
 .rodata.str1.1
                0x000000000010a2a7       0x12 sched.o
 .rodata.str1.1
                0x0000000000000000       0x29 rr.o
 .rodata.str1.1
                0x000000000010a2b9       0x71 pm.o
                                         0x9a (size before relaxing)
 .rodata.str1.1
                0x000000000010a32a       0x94 kbd.o
                                         0xa2 (size before relaxing)
 .rodata.str1.1
                0x000000000010a3be       0x30 mouse.o
                                         0x53 (size before relaxing)
 .rodata.str1.1
                0x000000000010a3ee       0xf5 ps2.o
                                        0x118 (size before relaxing)

.eh_frame       0x000000000010a4e4     0x15e4
 .eh_frame      0x000000000010a4e4       0x3c kernel.o
 .eh_frame      0x000000000010a520       0x28 vga.o
                                         0x40 (size before relaxing)
 .eh_frame      0x000000000010a548      0x138 console.o
                                        0x150 (size before relaxing)
 .eh_frame      0x000000000010a680       0x2c sys.o
                                         0x44 (size before relaxing)
 .eh_frame      0x000000000010a6ac       0x68 module.o
                                         0x80 (size before relaxing)
 .eh_frame      0x000000000010a714       0x28 gdt.o
                                         0x40 (size before relaxing)
 .eh_frame      0x000000000010a73c       0x5c pic.o
                                         0x74 (size before relaxing)
 .eh_frame      0x000000000010a798       0xa8 idt.o
                                         0xc0 (size before relaxing)
 .eh_frame      0x000000000010a840       0xb8 pit.o
                                         0xd0 (size before relaxing)
 .eh_frame      0x000000000010a8f8       0x28 cpu.o
                                         0x40 (size before relaxing)
 .eh_frame      0x000000000010a920       0xd4 bitmap.o
                                         0xec (size before relaxing)
 .eh_frame      0x000000000010a9f4       0x70 stack.o
                                         0x88 (size before relaxing)
 .eh_frame      0x000000000010aa64       0x64 math.o
                                         0x7c (size before relaxing)
 .eh_frame      0x000000000010aac8       0x2c pmm.o
                                         0x44 (size before relaxing)
 .eh_frame      0x000000000010aaf4       0x90 smm.o
                                         0xa8 (size before relaxing)
 .eh_frame      0x000000000010ab84       0xb0 bmm.o
                                         0xc8 (size before relaxing)
 .eh_frame      0x000000000010ac34      0x248 vmm.o
                                        0x260 (size before relaxing)
 .eh_frame      0x000000000010ae7c       0x68 heap.o
                                         0x80 (size before relaxing)
 .eh_frame      0x000000000010aee4      0x598 dl.o
                                        0x5b0 (size before relaxing)
 .eh_frame      0x000000000010b47c      0x174 arrlist.o
                                        0x18c (size before relaxing)
 .eh_frame      0x000000000010b5f0       0x6c dumbH.o
                                         0x84 (size before relaxing)
 .eh_frame      0x000000000010b65c      0x130 linkl.o
                                        0x148 (size before relaxing)
 .eh_frame      0x000000000010b78c       0x60 process.o
                                         0x78 (size before relaxing)
 .eh_frame      0x000000000010b7ec       0x28 sched.o
                                         0x40 (size before relaxing)
 .eh_frame      0x000000000010b814       0x80 rr.o
                                         0x98 (size before relaxing)
 .eh_frame      0x000000000010b894       0xac pm.o
                                         0xc4 (size before relaxing)
 .eh_frame      0x000000000010b940       0xa0 kbd.o
                                         0xb8 (size before relaxing)
 .eh_frame      0x000000000010b9e0       0x60 mouse.o
                                         0x78 (size before relaxing)
 .eh_frame      0x000000000010ba40       0x88 ps2.o
                                         0xa0 (size before relaxing)

.rodata.str1.4  0x000000000010bac8      0x1a8
 .rodata.str1.4
                0x000000000010bac8       0x1f idt.o
 *fill*         0x000000000010bae7        0x1 
 .rodata.str1.4
                0x000000000010bae8       0x22 vmm.o
 *fill*         0x000000000010bb0a        0x2 
 .rodata.str1.4
                0x000000000010bb0c       0x1f heap.o
 *fill*         0x000000000010bb2b        0x1 
 .rodata.str1.4
                0x000000000010bb2c       0x24 dumbH.o
 .rodata.str1.4
                0x000000000010bb50       0x20 rr.o
 .rodata.str1.4
                0x000000000010bb70       0x24 pm.o
 .rodata.str1.4
                0x000000000010bb94       0x47 kbd.o
 *fill*         0x000000000010bbdb        0x1 
 .rodata.str1.4
                0x000000000010bbdc       0x70 mouse.o
 .rodata.str1.4
                0x000000000010bc4c       0x24 ps2.o
                                         0x23 (size before relaxing)

.iplt           0x000000000010bc70        0x0
 .iplt          0x0000000000000000        0x0 start.o

.rel.dyn        0x000000000010bc70        0x0
 .rel.iplt      0x0000000000000000        0x0 start.o
 .rel.text      0x0000000000000000        0x0 start.o

.data           0x000000000010bc80      0x380
                0x000000000010bc80                data = .
                0x000000000010bc80                _data = .
                0x000000000010bc80                __data = .
 *(.data)
 .data          0x000000000010bc80        0x0 kernel.o
 .data          0x000000000010bc80        0x0 vga.o
 .data          0x000000000010bc80        0x0 console.o
 .data          0x000000000010bc80        0x0 sys.o
 .data          0x000000000010bc80        0x0 module.o
 .data          0x000000000010bc80        0x0 gdt.o
 .data          0x000000000010bc80        0x0 pic.o
 .data          0x000000000010bc80        0x0 idt.o
 .data          0x000000000010bc80        0x0 pit.o
 .data          0x000000000010bc80        0x0 cpu.o
 .data          0x000000000010bc80        0x0 bitmap.o
 .data          0x000000000010bc80        0x0 stack.o
 .data          0x000000000010bc80        0x0 math.o
 .data          0x000000000010bc80        0x0 pmm.o
 .data          0x000000000010bc80        0x0 smm.o
 .data          0x000000000010bc80        0x0 bmm.o
 .data          0x000000000010bc80        0x0 vmm.o
 .data          0x000000000010bc80        0x0 heap.o
 .data          0x000000000010bc80        0x0 dl.o
 .data          0x000000000010bc80        0x0 arrlist.o
 .data          0x000000000010bc80        0x4 dumbH.o
 .data          0x000000000010bc84        0x0 linkl.o
 .data          0x000000000010bc84        0x0 process.o
 .data          0x000000000010bc84        0x0 sched.o
 .data          0x000000000010bc84        0x0 rr.o
 .data          0x000000000010bc84        0x0 pm.o
 .data          0x000000000010bc84        0x0 kbd.o
 .data          0x000000000010bc84        0x0 mouse.o
 .data          0x000000000010bc84        0x0 ps2.o
 *(.rodata)
 .rodata        0x000000000010bc84       0x28 cpu.o
 *fill*         0x000000000010bcac       0x14 
 .rodata        0x000000000010bcc0      0x200 kbd.o
                0x000000000010c000                . = ALIGN (0x1000)
 *fill*         0x000000000010bec0      0x140 

.igot.plt       0x000000000010c000        0x0
 .igot.plt      0x0000000000000000        0x0 start.o

.bss            0x000000000010c000    0x12038
                0x000000000010c000                bss = .
                0x000000000010c000                _bss = .
                0x000000000010c000                __bss = .
 *(.bss)
 .bss           0x000000000010c000     0xff00 start.o
 .bss           0x000000000011bf00        0x0 kernel.o
 .bss           0x000000000011bf00       0x34 vga.o
 *fill*         0x000000000011bf34        0xc 
 .bss           0x000000000011bf40       0x94 console.o
 .bss           0x000000000011bfd4        0x0 sys.o
 *fill*         0x000000000011bfd4        0xc 
 .bss           0x000000000011bfe0       0xa0 module.o
 .bss           0x000000000011c080       0x6e gdt.o
 *fill*         0x000000000011c0ee       0x12 
 .bss           0x000000000011c100       0x34 pic.o
 *fill*         0x000000000011c134        0xc 
 .bss           0x000000000011c140      0xc40 idt.o
 .bss           0x000000000011cd80       0x54 pit.o
 .bss           0x000000000011cdd4        0x0 cpu.o
 .bss           0x000000000011cdd4        0x0 bitmap.o
 .bss           0x000000000011cdd4        0x0 stack.o
 .bss           0x000000000011cdd4        0x0 math.o
 *fill*         0x000000000011cdd4        0xc 
 .bss           0x000000000011cde0       0x3c pmm.o
 .bss           0x000000000011ce1c       0x14 smm.o
 .bss           0x000000000011ce30       0x18 bmm.o
 *fill*         0x000000000011ce48       0x18 
 .bss           0x000000000011ce60       0x54 vmm.o
 *fill*         0x000000000011ceb4        0xc 
 .bss           0x000000000011cec0       0x54 heap.o
 *fill*         0x000000000011cf14        0xc 
 .bss           0x000000000011cf20      0x1f0 dl.o
 .bss           0x000000000011d110        0x0 arrlist.o
 .bss           0x000000000011d110        0x4 dumbH.o
 .bss           0x000000000011d114        0x0 linkl.o
 .bss           0x000000000011d114        0x0 process.o
 *fill*         0x000000000011d114        0xc 
 .bss           0x000000000011d120       0x34 sched.o
 .bss           0x000000000011d154        0x8 rr.o
 *fill*         0x000000000011d15c        0x4 
 .bss           0x000000000011d160       0x34 pm.o
 .bss           0x000000000011d194        0x4 kbd.o
 .bss           0x000000000011d198        0x4 mouse.o
 *fill*         0x000000000011d19c        0x4 
 .bss           0x000000000011d1a0       0x35 ps2.o
                0x000000000011e000                . = ALIGN (0x1000)
 *fill*         0x000000000011d1d5      0xe2b 
 COMMON         0x000000000011e000        0x6 vga.o
                0x000000000011e000                vgaRam
                0x000000000011e004                vgaHeight
                0x000000000011e005                vgaWidth
 *fill*         0x000000000011e006        0x2 
 COMMON         0x000000000011e008        0xc pmm.o
                0x000000000011e008                PhysicalMemory_getInfo
                0x000000000011e00c                PhysicalMemory_allocateFrame
                0x000000000011e010                PhysicalMemory_freeFrame
 COMMON         0x000000000011e014       0x14 heap.o
                0x000000000011e014                HeapMemory_realloc
                0x000000000011e018                errno
                0x000000000011e01c                HeapMemory_free
                0x000000000011e020                HeapMemory_calloc
                0x000000000011e024                HeapMemory_alloc
 COMMON         0x000000000011e028       0x10 sched.o
                0x000000000011e028                Scheduler_removeProcess
                0x000000000011e02c                Scheduler_addProcess
                0x000000000011e030                Scheduler_getNextProcess
                0x000000000011e034                Scheduler_getCurrentProcess
                0x000000000011e038                end = .
                0x000000000011e038                _end = .
                0x000000000011e038                __end = .
LOAD start.o
LOAD kernel.o
LOAD vga.o
LOAD console.o
LOAD sys.o
LOAD module.o
LOAD gdt.o
LOAD pic.o
LOAD idt.o
LOAD idtAsm.o
LOAD pit.o
LOAD cpu.o
LOAD bitmap.o
LOAD stack.o
LOAD math.o
LOAD pmm.o
LOAD smm.o
LOAD bmm.o
LOAD vmm.o
LOAD heap.o
LOAD dl.o
LOAD arrlist.o
LOAD dumbH.o
LOAD linkl.o
LOAD process.o
LOAD sched.o
LOAD rr.o
LOAD pm.o
LOAD kbd.o
LOAD mouse.o
LOAD ps2.o
OUTPUT(bootloader/kernel elf32-i386)

.comment        0x0000000000000000       0x11
 .comment       0x0000000000000000       0x11 kernel.o
                                         0x12 (size before relaxing)
 .comment       0x0000000000000000       0x12 vga.o
 .comment       0x0000000000000000       0x12 console.o
 .comment       0x0000000000000000       0x12 sys.o
 .comment       0x0000000000000000       0x12 module.o
 .comment       0x0000000000000000       0x12 gdt.o
 .comment       0x0000000000000000       0x12 pic.o
 .comment       0x0000000000000000       0x12 idt.o
 .comment       0x0000000000000000       0x12 pit.o
 .comment       0x0000000000000000       0x12 cpu.o
 .comment       0x0000000000000000       0x12 bitmap.o
 .comment       0x0000000000000000       0x12 stack.o
 .comment       0x0000000000000000       0x12 math.o
 .comment       0x0000000000000000       0x12 pmm.o
 .comment       0x0000000000000000       0x12 smm.o
 .comment       0x0000000000000000       0x12 bmm.o
 .comment       0x0000000000000000       0x12 vmm.o
 .comment       0x0000000000000000       0x12 heap.o
 .comment       0x0000000000000000       0x12 dl.o
 .comment       0x0000000000000000       0x12 arrlist.o
 .comment       0x0000000000000000       0x12 dumbH.o
 .comment       0x0000000000000000       0x12 linkl.o
 .comment       0x0000000000000000       0x12 process.o
 .comment       0x0000000000000000       0x12 sched.o
 .comment       0x0000000000000000       0x12 rr.o
 .comment       0x0000000000000000       0x12 pm.o
 .comment       0x0000000000000000       0x12 kbd.o
 .comment       0x0000000000000000       0x12 mouse.o
 .comment       0x0000000000000000       0x12 ps2.o
