
Allocating common symbols
Common symbol       size              file

Scheduler_removeProcess
                    0x4               sched.o
HeapMemory_realloc  0x4               heap.o
Scheduler_addProcess
                    0x4               sched.o
Scheduler_getNextProcess
                    0x4               sched.o
errno               0x4               heap.o
HeapMemory_free     0x4               heap.o
multibootInfo       0x4               kernel.o
PhysicalMemory_getInfo
                    0x4               pmm.o
HeapMemory_calloc   0x4               heap.o
vgaRam              0x4               vga.o
vgaHeight           0x1               vga.o
vgaWidth            0x1               vga.o
PhysicalMemory_allocateFrame
                    0x4               pmm.o
HeapMemory_alloc    0x4               heap.o
PhysicalMemory_freeFrame
                    0x4               pmm.o
Scheduler_getCurrentProcess
                    0x4               sched.o

Memory Configuration

Name             Origin             Length             Attributes
*default*        0x0000000000000000 0xffffffffffffffff

Linker script and memory map


.text           0x0000000000100000    0x10000
                0x0000000000100000                text = .
                0x0000000000100000                _text = .
                0x0000000000100000                __text = .
 *(.text)
 .text          0x0000000000100000       0x2c start.o
                0x0000000000100000                mbHead
                0x0000000000100020                Start
 .text          0x000000000010002c      0x1fb kernel.o
                0x0000000000100032                Kernel
 *fill*         0x0000000000100227        0x1 
 .text          0x0000000000100228       0x45 vga.o
                0x0000000000100245                VGA_getModule
 *fill*         0x000000000010026d        0x3 
 .text          0x0000000000100270      0x668 console.o
                0x00000000001005fe                Console_printf
                0x00000000001006b1                Console_printChar
                0x00000000001007f3                Console_printString
                0x000000000010081b                Console_clearScreen
                0x0000000000100886                Console_setColor
                0x000000000010089c                Console_getModule
 .text          0x00000000001008d8       0x7d sys.o
                0x0000000000100900                Sys_restart
                0x000000000010091c                Sys_panic
 *fill*         0x0000000000100955        0x3 
 .text          0x0000000000100958      0x2ac module.o
                0x0000000000100958                Module_load
                0x0000000000100bbe                Module_getLoadedModuleNames
                0x0000000000100bfa                Module_getNumberOfLoadedModules
 .text          0x0000000000100c04      0x449 gdt.o
                0x0000000000100ff7                GDT_setTSS
                0x000000000010101c                GDT_getModule
 *fill*         0x000000000010104d        0x3 
 .text          0x0000000000101050      0x252 pic.o
                0x000000000010118a                PIC8259_setMask
                0x0000000000101235                PIC8259_sendEOI
                0x0000000000101271                PIC8259_getModule
 *fill*         0x00000000001012a2        0x2 
 .text          0x00000000001012a4      0xdaa idt.o
                0x0000000000101e08                IDT_registerHandler
                0x0000000000101e8f                IDT_handlerException
                0x0000000000101f2d                IDT_handlerIRQ
                0x0000000000101fff                IDT_getModule
 *fill*         0x000000000010204e        0x2 
 .text          0x0000000000102050      0x265 idtAsm.o
                0x00000000001020d4                IDT_handler0
                0x00000000001020de                IDT_handler1
                0x00000000001020e8                IDT_handler2
                0x00000000001020f2                IDT_handler3
                0x00000000001020fc                IDT_handler4
                0x0000000000102106                IDT_handler5
                0x0000000000102110                IDT_handler6
                0x000000000010211a                IDT_handler7
                0x0000000000102124                IDT_handler8
                0x000000000010212c                IDT_handler9
                0x0000000000102136                IDT_handler10
                0x000000000010213e                IDT_handler11
                0x0000000000102146                IDT_handler12
                0x000000000010214e                IDT_handler13
                0x0000000000102156                IDT_handler14
                0x000000000010215e                IDT_handler15
                0x0000000000102168                IDT_handler16
                0x0000000000102172                IDT_handler17
                0x000000000010217c                IDT_handler18
                0x0000000000102186                IDT_handler19
                0x0000000000102190                IDT_handler20
                0x000000000010219a                IDT_handler21
                0x00000000001021a4                IDT_handler22
                0x00000000001021ae                IDT_handler23
                0x00000000001021b8                IDT_handler24
                0x00000000001021c2                IDT_handler25
                0x00000000001021cc                IDT_handler26
                0x00000000001021d6                IDT_handler27
                0x00000000001021e0                IDT_handler28
                0x00000000001021ea                IDT_handler29
                0x00000000001021f4                IDT_handler30
                0x00000000001021fe                IDT_handler31
                0x0000000000102208                IDT_handler128
                0x0000000000102215                IDT_request0
                0x000000000010221f                IDT_request1
                0x0000000000102229                IDT_request2
                0x0000000000102233                IDT_request3
                0x000000000010223d                IDT_request4
                0x0000000000102247                IDT_request5
                0x0000000000102251                IDT_request6
                0x000000000010225b                IDT_request7
                0x0000000000102265                IDT_request8
                0x000000000010226f                IDT_request9
                0x0000000000102279                IDT_request10
                0x0000000000102283                IDT_request11
                0x000000000010228d                IDT_request12
                0x0000000000102297                IDT_request13
                0x00000000001022a1                IDT_request14
                0x00000000001022ab                IDT_request15
 *fill*         0x00000000001022b5        0x3 
 .text          0x00000000001022b8      0x18f pit.o
                0x000000000010239f                PIT8253_measureRuntime
                0x00000000001023c2                PIT8253_sleep
                0x0000000000102402                PIT8253_getModule
 *fill*         0x0000000000102447        0x1 
 .text          0x0000000000102448       0xa9 cpu.o
                0x0000000000102448                CPU_getCR
                0x00000000001024a9                CPU_setCR
 *fill*         0x00000000001024f1        0x3 
 .text          0x00000000001024f4      0x2e9 bitmap.o
                0x00000000001024f4                Bitmap_setBit
                0x00000000001025a8                Bitmap_clearBit
                0x000000000010265e                Bitmap_isSet
                0x000000000010270d                Bitmap_toggle
                0x00000000001027c7                Bitmap_init
 *fill*         0x00000000001027dd        0x3 
 .text          0x00000000001027e0      0x185 stack.o
                0x00000000001027e0                Stack_push
                0x0000000000102887                Stack_pop
                0x0000000000102929                Stack_peek
                0x0000000000102945                Stack_init
 *fill*         0x0000000000102965        0x3 
 .text          0x0000000000102968      0x129 math.o
                0x0000000000102968                Math_abs
                0x00000000001029a3                Math_sqrt
                0x00000000001029de                Math_sin
                0x0000000000102a19                Math_cos
                0x0000000000102a54                Math_tan
 *fill*         0x0000000000102a91        0x3 
 .text          0x0000000000102a94       0x5c pmm.o
                0x0000000000102abf                PhysicalMemory_getModule
 .text          0x0000000000102af0      0x23b smm.o
                0x0000000000102af0                StackPMM_allocateFrame
                0x0000000000102b1a                StackPMM_freeFrame
                0x0000000000102bab                StackPMM_init
                0x0000000000102cf2                StackPMM_getInfo
 *fill*         0x0000000000102d2b        0x1 
 .text          0x0000000000102d2c      0x418 bmm.o
                0x0000000000102e87                BitmapPMM_allocateFrame
                0x0000000000102f05                BitmapPMM_freeFrame
                0x0000000000102f9e                BitmapPMM_getInfo
                0x0000000000102fe3                BitmapPMM_init
 .text          0x0000000000103144     0x179b vmm.o
                0x000000000010372c                VirtualMemory_quickMap
                0x00000000001038e9                VirtualMemory_quickUnmap
                0x0000000000103aae                VirtualMemory_getKernelDir
                0x0000000000103ab8                VirtualMemory_switchPageDir
                0x0000000000103b78                VirtualMemory_mapKernel
                0x0000000000103dc0                VirtualMemory_createPageDirectory
                0x0000000000103f44                VirtualMemory_destroyPageDirectory
                0x00000000001041cd                VirtualMemory_mapPage
                0x0000000000104453                VirtualMemory_unmapPage
                0x00000000001046c8                VirtualMemory_getPhysicalAddress
                0x0000000000104890                VirtualMemory_getModule
 *fill*         0x00000000001048df        0x1 
 .text          0x00000000001048e0      0x927 heap.o
                0x00000000001049b4                HeapMemory_expand
                0x0000000000104dd0                HeapMemory_expandUser
                0x00000000001051c2                HeapMemory_getModule
 *fill*         0x0000000000105207        0x1 
 .text          0x0000000000105208     0x5f15 dl.o
                0x00000000001089eb                DougLea_malloc
                0x0000000000108f20                DougLea_free
                0x0000000000109d35                DougLea_calloc
                0x000000000010ac5f                DougLea_realloc
                0x000000000010ad6b                DougLea_realloc_in_place
                0x000000000010adf0                DougLea_memalign
                0x000000000010ae25                DougLea_posix_memalign
                0x000000000010aecb                DougLea_valloc
                0x000000000010aefd                DougLea_pvalloc
                0x000000000010af3e                DougLea_independent_calloc
                0x000000000010af75                DougLea_independent_comalloc
                0x000000000010afa6                DougLea_bulk_free
                0x000000000010afc8                DougLea_malloc_trim
                0x000000000010b000                DougLea_malloc_footprint
                0x000000000010b00a                DougLea_malloc_max_footprint
                0x000000000010b014                DougLea_malloc_footprint_limit
                0x000000000010b034                DougLea_malloc_set_footprint_limit
                0x000000000010b08a                DougLea_mallinfo
                0x000000000010b0ad                DougLea_mallopt
                0x000000000010b0c7                DougLea_malloc_usable_size
 *fill*         0x000000000010b11d        0x3 
 .text          0x000000000010b120      0x49a arrlist.o
                0x000000000010b120                ArrayList_get
                0x000000000010b1a6                ArrayList_add
                0x000000000010b287                ArrayList_getIndex
                0x000000000010b2c4                ArrayList_exists
                0x000000000010b2e9                ArrayList_getSize
                0x000000000010b2f4                ArrayList_remove
                0x000000000010b323                ArrayList_removeAt
                0x000000000010b3f2                ArrayList_isEmpty
                0x000000000010b411                ArrayList_destroy
                0x000000000010b435                ArrayList_new
 *fill*         0x000000000010b5ba        0x2 
 .text          0x000000000010b5bc      0x1a8 dumbH.o
                0x000000000010b5bc                DumbHeapManager_malloc
                0x000000000010b616                DumbHeapManager_realloc
                0x000000000010b687                DumbHeapManager_calloc
                0x000000000010b6f8                DumbHeapManager_free
 .text          0x000000000010b764      0x446 linkl.o
                0x000000000010b940                LinkedList_add
                0x000000000010ba8a                LinkedList_remove
                0x000000000010bb23                LinkedList_removeFromFront
                0x000000000010bb3f                LinkedList_getFront
                0x000000000010bb4b                LinkedList_new
                0x000000000010bb69                LinkedList_destroy
 *fill*         0x000000000010bbaa        0x2 
 .text          0x000000000010bbac      0x2d4 string.o
                0x000000000010bbac                String_startsWith
                0x000000000010bbf6                String_endsWith
                0x000000000010bc60                String_charAt
                0x000000000010bc6f                String_length
                0x000000000010bc97                String_charToInt
                0x000000000010bcac                String_stringToInt
                0x000000000010bd28                String_numberToString
                0x000000000010bdc5                String_copy
                0x000000000010bdfb                String_compare
                0x000000000010be41                String_countChar
 .text          0x000000000010be80      0x369 fifo.o
                0x000000000010be80                CircularFIFOBuffer_new
                0x000000000010bfce                CircularFIFOBuffer_destroy
                0x000000000010bff2                CircularFIFOBuffer_read
                0x000000000010c0b9                CircularFIFOBuffer_write
 *fill*         0x000000000010c1e9        0x3 
 .text          0x000000000010c1ec       0x72 sched.o
                0x000000000010c219                Scheduler_getModule
 *fill*         0x000000000010c25e        0x2 
 .text          0x000000000010c260      0x25a rr.o
                0x000000000010c260                RoundRobin_addProcess
                0x000000000010c308                RoundRobin_removeProcess
                0x000000000010c40b                RoundRobin_getNextProcess
                0x000000000010c4b0                RoundRobin_getCurrentProcess
 *fill*         0x000000000010c4ba        0x2 
 .text          0x000000000010c4bc      0x1d1 fcfs.o
                0x000000000010c4bc                FCFS_addProcess
                0x000000000010c564                FCFS_removeProcess
                0x000000000010c679                FCFS_getNextProcess
                0x000000000010c683                FCFS_getCurrentProcess
 *fill*         0x000000000010c68d        0x3 
 .text          0x000000000010c690      0xb64 pm.o
                0x000000000010cb95                ProcessManager_switch
                0x000000000010cd46                ProcessManager_killProcess
                0x000000000010cf84                ProcessManager_spawnProcess
 .text          0x000000000010d1f4      0x567 kbd.o
                0x000000000010d3ab                Keyboard_getChar
                0x000000000010d3c0                Keyboard_setLeds
                0x000000000010d45c                Keyboard_init
 *fill*         0x000000000010d75b        0x1 
 .text          0x000000000010d75c      0x2d9 mouse.o
                0x000000000010d82d                Mouse_init
 *fill*         0x000000000010da35        0x3 
 .text          0x000000000010da38      0x69e ps2.o
                0x000000000010e042                PS2Controller_send
                0x000000000010e071                PS2Controller_receive
                0x000000000010e091                PS2Controller_getModule
 *fill*         0x000000000010e0d6        0x2 
 .text          0x000000000010e0d8      0x96d ramdisk.o
                0x000000000010e93e                RamDisk_init
 *fill*         0x000000000010ea45        0x3 
 .text          0x000000000010ea48      0x299 tar.o
                0x000000000010eb27                Tar_nextHeader
                0x000000000010ebf8                Tar_getHeader
                0x000000000010ec3f                Tar_getNumberOfFiles
 *fill*         0x000000000010ece1        0x3 
 .text          0x000000000010ece4      0xff2 vfs.o
                0x000000000010eee1                VFS_openFile
                0x000000000010f01e                VFS_closeFile
                0x000000000010f135                VFS_getParent
                0x000000000010f2a7                VFS_readDir
                0x000000000010f417                VFS_findDir
                0x000000000010f515                VFS_changeDirectory
                0x000000000010f609                VFS_getWorkingDirectoryStr
                0x000000000010f6ad                VFS_getFileStats
                0x000000000010f6cf                VFS_getWorkingDirectoryPtr
                0x000000000010f6e1                VFS_read
                0x000000000010f9b4                VFS_write
                0x000000000010fc87                VFS_mkdir
                0x000000000010fc91                VFS_getModule
 *fill*         0x000000000010fcd6        0x2 
 .text          0x000000000010fcd8      0x1f8 user.o
                0x000000000010fe8b                Usermode_getModule
                0x0000000000110000                . = ALIGN (0x1000)
 *fill*         0x000000000010fed0      0x130 

.eh_frame       0x0000000000110000     0x20b4
 .eh_frame      0x0000000000110000       0x58 kernel.o
 .eh_frame      0x0000000000110058       0x40 vga.o
                                         0x58 (size before relaxing)
 .eh_frame      0x0000000000110098      0x200 console.o
                                        0x218 (size before relaxing)
 .eh_frame      0x0000000000110298       0xa0 sys.o
                                         0xb8 (size before relaxing)
 .eh_frame      0x0000000000110338       0x60 module.o
                                         0x78 (size before relaxing)
 .eh_frame      0x0000000000110398       0xc0 gdt.o
                                         0xd8 (size before relaxing)
 .eh_frame      0x0000000000110458       0xcc pic.o
                                         0xe4 (size before relaxing)
 .eh_frame      0x0000000000110524      0x108 idt.o
                                        0x120 (size before relaxing)
 .eh_frame      0x000000000011062c       0xe0 pit.o
                                         0xf8 (size before relaxing)
 .eh_frame      0x000000000011070c       0x44 cpu.o
                                         0x5c (size before relaxing)
 .eh_frame      0x0000000000110750       0xb8 bitmap.o
                                         0xd0 (size before relaxing)
 .eh_frame      0x0000000000110808       0x80 stack.o
                                         0x98 (size before relaxing)
 .eh_frame      0x0000000000110888       0xa0 math.o
                                         0xb8 (size before relaxing)
 .eh_frame      0x0000000000110928       0x40 pmm.o
                                         0x58 (size before relaxing)
 .eh_frame      0x0000000000110968       0x80 smm.o
                                         0x98 (size before relaxing)
 .eh_frame      0x00000000001109e8       0xe0 bmm.o
                                         0xf8 (size before relaxing)
 .eh_frame      0x0000000000110ac8      0x290 vmm.o
                                        0x2a8 (size before relaxing)
 .eh_frame      0x0000000000110d58       0xb0 heap.o
                                         0xc8 (size before relaxing)
 .eh_frame      0x0000000000110e08      0x5dc dl.o
                                        0x5f4 (size before relaxing)
 .eh_frame      0x00000000001113e4      0x140 arrlist.o
                                        0x158 (size before relaxing)
 .eh_frame      0x0000000000111524       0x80 dumbH.o
                                         0x98 (size before relaxing)
 .eh_frame      0x00000000001115a4      0x100 linkl.o
                                        0x118 (size before relaxing)
 .eh_frame      0x00000000001116a4      0x140 string.o
                                        0x158 (size before relaxing)
 .eh_frame      0x00000000001117e4       0x80 fifo.o
                                         0x98 (size before relaxing)
 .eh_frame      0x0000000000111864       0x40 sched.o
                                         0x58 (size before relaxing)
 .eh_frame      0x00000000001118a4       0x80 rr.o
                                         0x98 (size before relaxing)
 .eh_frame      0x0000000000111924       0x80 fcfs.o
                                         0x98 (size before relaxing)
 .eh_frame      0x00000000001119a4       0xe0 pm.o
                                         0xf8 (size before relaxing)
 .eh_frame      0x0000000000111a84       0xa0 kbd.o
                                         0xb8 (size before relaxing)
 .eh_frame      0x0000000000111b24       0x60 mouse.o
                                         0x78 (size before relaxing)
 .eh_frame      0x0000000000111b84      0x144 ps2.o
                                        0x15c (size before relaxing)
 .eh_frame      0x0000000000111cc8       0xf8 ramdisk.o
                                        0x110 (size before relaxing)
 .eh_frame      0x0000000000111dc0       0x80 tar.o
                                         0x98 (size before relaxing)
 .eh_frame      0x0000000000111e40      0x204 vfs.o
                                        0x21c (size before relaxing)
 .eh_frame      0x0000000000112044       0x70 user.o
                                         0x88 (size before relaxing)

.iplt           0x00000000001120c0        0x0
 .iplt          0x0000000000000000        0x0 start.o

.rel.dyn        0x00000000001120b4        0x0
 .rel.iplt      0x0000000000000000        0x0 start.o
 .rel.text      0x0000000000000000        0x0 start.o

.data           0x00000000001120c0      0xf40
                0x00000000001120c0                data = .
                0x00000000001120c0                _data = .
                0x00000000001120c0                __data = .
 *(.data)
 .data          0x00000000001120c0        0x0 kernel.o
 .data          0x00000000001120c0        0x0 vga.o
 .data          0x00000000001120c0        0x0 console.o
 .data          0x00000000001120c0        0x0 sys.o
 .data          0x00000000001120c0        0x0 module.o
 .data          0x00000000001120c0        0x0 gdt.o
 .data          0x00000000001120c0        0x0 pic.o
 .data          0x00000000001120c0        0x0 idt.o
 .data          0x00000000001120c0        0x0 pit.o
 .data          0x00000000001120c0        0x0 cpu.o
 .data          0x00000000001120c0        0x0 bitmap.o
 .data          0x00000000001120c0        0x0 stack.o
 .data          0x00000000001120c0        0x0 math.o
 .data          0x00000000001120c0        0x0 pmm.o
 .data          0x00000000001120c0        0x0 smm.o
 .data          0x00000000001120c0        0x0 bmm.o
 .data          0x00000000001120c0        0x0 vmm.o
 .data          0x00000000001120c0        0x0 heap.o
 .data          0x00000000001120c0        0x0 dl.o
 .data          0x00000000001120c0        0x0 arrlist.o
 .data          0x00000000001120c0        0x4 dumbH.o
 .data          0x00000000001120c4        0x0 linkl.o
 .data          0x00000000001120c4        0x0 string.o
 .data          0x00000000001120c4        0x0 fifo.o
 .data          0x00000000001120c4        0x0 sched.o
 .data          0x00000000001120c4        0x0 rr.o
 .data          0x00000000001120c4        0x0 fcfs.o
 .data          0x00000000001120c4        0x4 pm.o
 .data          0x00000000001120c8        0x0 kbd.o
 .data          0x00000000001120c8        0x0 mouse.o
 .data          0x00000000001120c8        0x0 ps2.o
 .data          0x00000000001120c8        0x0 ramdisk.o
 .data          0x00000000001120c8        0x0 tar.o
 .data          0x00000000001120c8        0x0 vfs.o
 *fill*         0x00000000001120c8       0x18 
 .data          0x00000000001120e0       0x50 user.o
 *(.rodata)
 .rodata        0x0000000000112130       0x54 kernel.o
 .rodata        0x0000000000112184       0x12 vga.o
 .rodata        0x0000000000112196       0x6d console.o
 .rodata        0x0000000000112203        0xe sys.o
 .rodata        0x0000000000112211       0x3d module.o
 .rodata        0x000000000011224e       0x18 gdt.o
 .rodata        0x0000000000112266        0xa pic.o
 .rodata        0x0000000000112270       0x9f idt.o
 .rodata        0x000000000011230f        0x9 pit.o
 .rodata        0x0000000000112318       0x28 cpu.o
 .rodata        0x0000000000112340       0x41 bitmap.o
 .rodata        0x0000000000112381       0x40 stack.o
 .rodata        0x00000000001123c1       0x18 pmm.o
 .rodata        0x00000000001123d9       0x46 smm.o
 .rodata        0x000000000011241f       0x5f bmm.o
 *fill*         0x000000000011247e        0x2 
 .rodata        0x0000000000112480       0xcc vmm.o
 .rodata        0x000000000011254c       0x8f heap.o
 .rodata        0x00000000001125db       0x41 dl.o
 .rodata        0x000000000011261c       0x44 arrlist.o
 .rodata        0x0000000000112660       0x50 dumbH.o
 .rodata        0x00000000001126b0       0x45 linkl.o
 .rodata        0x00000000001126f5       0x11 string.o
 *fill*         0x0000000000112706        0x2 
 .rodata        0x0000000000112708       0x50 fifo.o
 .rodata        0x0000000000112758       0x12 sched.o
 *fill*         0x000000000011276a        0x2 
 .rodata        0x000000000011276c       0x4c rr.o
 .rodata        0x00000000001127b8       0x43 fcfs.o
 *fill*         0x00000000001127fb        0x1 
 .rodata        0x00000000001127fc       0xa1 pm.o
 *fill*         0x000000000011289d        0x3 
 .rodata        0x00000000001128a0      0x2eb kbd.o
 *fill*         0x0000000000112b8b        0x1 
 .rodata        0x0000000000112b8c       0xc4 mouse.o
 .rodata        0x0000000000112c50      0x13e ps2.o
 *fill*         0x0000000000112d8e        0x2 
 .rodata        0x0000000000112d90       0xec ramdisk.o
 .rodata        0x0000000000112e7c       0x45 tar.o
 .rodata        0x0000000000112ec1       0x89 vfs.o
 .rodata        0x0000000000112f4a       0x7e user.o
                0x0000000000113000                . = ALIGN (0x1000)
 *fill*         0x0000000000112fc8       0x38 

.igot.plt       0x0000000000113000        0x0
 .igot.plt      0x0000000000000000        0x0 start.o

.bss            0x0000000000113000    0x1203c
                0x0000000000113000                bss = .
                0x0000000000113000                _bss = .
                0x0000000000113000                __bss = .
 *(.bss)
 .bss           0x0000000000113000     0xff00 start.o
 .bss           0x0000000000122f00        0x0 kernel.o
 .bss           0x0000000000122f00       0x34 vga.o
 *fill*         0x0000000000122f34        0xc 
 .bss           0x0000000000122f40       0x37 console.o
 *fill*         0x0000000000122f77        0x1 
 .bss           0x0000000000122f78        0x0 sys.o
 *fill*         0x0000000000122f78        0x8 
 .bss           0x0000000000122f80       0x84 module.o
 *fill*         0x0000000000123004       0x1c 
 .bss           0x0000000000123020       0xec gdt.o
 *fill*         0x000000000012310c       0x14 
 .bss           0x0000000000123120       0x34 pic.o
 *fill*         0x0000000000123154        0xc 
 .bss           0x0000000000123160      0xc60 idt.o
 .bss           0x0000000000123dc0       0x38 pit.o
 .bss           0x0000000000123df8        0x0 cpu.o
 .bss           0x0000000000123df8        0x0 bitmap.o
 .bss           0x0000000000123df8        0x0 stack.o
 .bss           0x0000000000123df8        0x0 math.o
 *fill*         0x0000000000123df8        0x8 
 .bss           0x0000000000123e00       0x34 pmm.o
 .bss           0x0000000000123e34       0x14 smm.o
 .bss           0x0000000000123e48       0x18 bmm.o
 .bss           0x0000000000123e60       0x38 vmm.o
 *fill*         0x0000000000123e98        0x8 
 .bss           0x0000000000123ea0       0x38 heap.o
 *fill*         0x0000000000123ed8        0x8 
 .bss           0x0000000000123ee0      0x1f8 dl.o
 .bss           0x00000000001240d8        0x0 arrlist.o
 .bss           0x00000000001240d8        0x4 dumbH.o
 .bss           0x00000000001240dc        0x0 linkl.o
 *fill*         0x00000000001240dc        0x4 
 .bss           0x00000000001240e0       0x20 string.o
 .bss           0x0000000000124100        0x0 fifo.o
 .bss           0x0000000000124100       0x34 sched.o
 .bss           0x0000000000124134        0x8 rr.o
 .bss           0x000000000012413c        0x8 fcfs.o
 .bss           0x0000000000124144        0x0 pm.o
 .bss           0x0000000000124144        0x8 kbd.o
 .bss           0x000000000012414c        0x4 mouse.o
 *fill*         0x0000000000124150       0x10 
 .bss           0x0000000000124160       0x54 ps2.o
 *fill*         0x00000000001241b4        0xc 
 .bss           0x00000000001241c0       0xe8 ramdisk.o
 .bss           0x00000000001242a8        0x0 tar.o
 *fill*         0x00000000001242a8       0x18 
 .bss           0x00000000001242c0       0x38 vfs.o
 *fill*         0x00000000001242f8        0x8 
 .bss           0x0000000000124300       0x34 user.o
                0x0000000000125000                . = ALIGN (0x1000)
 *fill*         0x0000000000124334      0xccc 
 COMMON         0x0000000000125000        0x4 kernel.o
                0x0000000000125000                multibootInfo
 COMMON         0x0000000000125004        0x6 vga.o
                0x0000000000125004                vgaRam
                0x0000000000125008                vgaHeight
                0x0000000000125009                vgaWidth
 *fill*         0x000000000012500a        0x2 
 COMMON         0x000000000012500c        0xc pmm.o
                0x000000000012500c                PhysicalMemory_getInfo
                0x0000000000125010                PhysicalMemory_allocateFrame
                0x0000000000125014                PhysicalMemory_freeFrame
 COMMON         0x0000000000125018       0x14 heap.o
                0x0000000000125018                HeapMemory_realloc
                0x000000000012501c                errno
                0x0000000000125020                HeapMemory_free
                0x0000000000125024                HeapMemory_calloc
                0x0000000000125028                HeapMemory_alloc
 COMMON         0x000000000012502c       0x10 sched.o
                0x000000000012502c                Scheduler_removeProcess
                0x0000000000125030                Scheduler_addProcess
                0x0000000000125034                Scheduler_getNextProcess
                0x0000000000125038                Scheduler_getCurrentProcess
                0x000000000012503c                end = .
                0x000000000012503c                _end = .
                0x000000000012503c                __end = .
LOAD start.o
LOAD kernel.o
LOAD vga.o
LOAD console.o
LOAD sys.o
LOAD module.o
LOAD gdt.o
LOAD pic.o
LOAD idt.o
LOAD idtAsm.o
LOAD pit.o
LOAD cpu.o
LOAD bitmap.o
LOAD stack.o
LOAD math.o
LOAD pmm.o
LOAD smm.o
LOAD bmm.o
LOAD vmm.o
LOAD heap.o
LOAD dl.o
LOAD arrlist.o
LOAD dumbH.o
LOAD linkl.o
LOAD string.o
LOAD fifo.o
LOAD sched.o
LOAD rr.o
LOAD fcfs.o
LOAD pm.o
LOAD kbd.o
LOAD mouse.o
LOAD ps2.o
LOAD ramdisk.o
LOAD tar.o
LOAD vfs.o
LOAD user.o
OUTPUT(bootloader/kernel elf32-i386)

.comment        0x0000000000000000       0x11
 .comment       0x0000000000000000       0x11 kernel.o
                                         0x12 (size before relaxing)
 .comment       0x0000000000000000       0x12 vga.o
 .comment       0x0000000000000000       0x12 console.o
 .comment       0x0000000000000000       0x12 sys.o
 .comment       0x0000000000000000       0x12 module.o
 .comment       0x0000000000000000       0x12 gdt.o
 .comment       0x0000000000000000       0x12 pic.o
 .comment       0x0000000000000000       0x12 idt.o
 .comment       0x0000000000000000       0x12 pit.o
 .comment       0x0000000000000000       0x12 cpu.o
 .comment       0x0000000000000000       0x12 bitmap.o
 .comment       0x0000000000000000       0x12 stack.o
 .comment       0x0000000000000000       0x12 math.o
 .comment       0x0000000000000000       0x12 pmm.o
 .comment       0x0000000000000000       0x12 smm.o
 .comment       0x0000000000000000       0x12 bmm.o
 .comment       0x0000000000000000       0x12 vmm.o
 .comment       0x0000000000000000       0x12 heap.o
 .comment       0x0000000000000000       0x12 dl.o
 .comment       0x0000000000000000       0x12 arrlist.o
 .comment       0x0000000000000000       0x12 dumbH.o
 .comment       0x0000000000000000       0x12 linkl.o
 .comment       0x0000000000000000       0x12 string.o
 .comment       0x0000000000000000       0x12 fifo.o
 .comment       0x0000000000000000       0x12 sched.o
 .comment       0x0000000000000000       0x12 rr.o
 .comment       0x0000000000000000       0x12 fcfs.o
 .comment       0x0000000000000000       0x12 pm.o
 .comment       0x0000000000000000       0x12 kbd.o
 .comment       0x0000000000000000       0x12 mouse.o
 .comment       0x0000000000000000       0x12 ps2.o
 .comment       0x0000000000000000       0x12 ramdisk.o
 .comment       0x0000000000000000       0x12 tar.o
 .comment       0x0000000000000000       0x12 vfs.o
 .comment       0x0000000000000000       0x12 user.o
