
Allocating common symbols
Common symbol       size              file

Scheduler_removeProcess
                    0x4               sched.o
HeapMemory_realloc  0x4               heap.o
Scheduler_addProcess
                    0x4               sched.o
Scheduler_getNextProcess
                    0x4               sched.o
errno               0x4               heap.o
HeapMemory_free     0x4               heap.o
multibootInfo       0x4               kernel.o
PhysicalMemory_getInfo
                    0x4               pmm.o
HeapMemory_calloc   0x4               heap.o
vgaRam              0x4               vga.o
vgaHeight           0x1               vga.o
vgaWidth            0x1               vga.o
PhysicalMemory_allocateFrame
                    0x4               pmm.o
HeapMemory_alloc    0x4               heap.o
kernelProcess       0x4               pm.o
PhysicalMemory_freeFrame
                    0x4               pmm.o
Scheduler_getCurrentProcess
                    0x4               sched.o

Memory Configuration

Name             Origin             Length             Attributes
*default*        0x0000000000000000 0xffffffffffffffff

Linker script and memory map


.text           0x0000000000100000    0x11000
                0x0000000000100000                text = .
                0x0000000000100000                _text = .
                0x0000000000100000                __text = .
 *(.text)
 .text          0x0000000000100000       0x2c start.o
                0x0000000000100000                mbHead
                0x0000000000100020                Start
 .text          0x000000000010002c      0x210 kernel.o
                0x0000000000100038                Kernel_idle
                0x0000000000100042                Kernel
 .text          0x000000000010023c       0x45 vga.o
                0x0000000000100259                VGA_getModule
 *fill*         0x0000000000100281        0x3 
 .text          0x0000000000100284      0x668 console.o
                0x0000000000100612                Console_printf
                0x00000000001006c5                Console_printChar
                0x0000000000100807                Console_printString
                0x000000000010082f                Console_clearScreen
                0x000000000010089a                Console_setColor
                0x00000000001008b0                Console_getModule
 .text          0x00000000001008ec       0xb7 sys.o
                0x0000000000100932                Sys_restart
                0x000000000010094e                Sys_powerOff
                0x000000000010096a                Sys_panic
 *fill*         0x00000000001009a3        0x1 
 .text          0x00000000001009a4      0x2ac module.o
                0x00000000001009a4                Module_load
                0x0000000000100c0a                Module_getLoadedModuleNames
                0x0000000000100c46                Module_getNumberOfLoadedModules
 .text          0x0000000000100c50      0x449 gdt.o
                0x0000000000101043                GDT_setTSS
                0x0000000000101068                GDT_getModule
 *fill*         0x0000000000101099        0x3 
 .text          0x000000000010109c      0x252 pic.o
                0x00000000001011d6                PIC8259_setMask
                0x0000000000101281                PIC8259_sendEOI
                0x00000000001012bd                PIC8259_getModule
 *fill*         0x00000000001012ee        0x2 
 .text          0x00000000001012f0      0xdaa idt.o
                0x0000000000101e54                IDT_registerHandler
                0x0000000000101edb                IDT_handlerException
                0x0000000000101f79                IDT_handlerIRQ
                0x000000000010204b                IDT_getModule
 *fill*         0x000000000010209a        0x6 
 .text          0x00000000001020a0      0x265 idtAsm.o
                0x0000000000102124                IDT_handler0
                0x000000000010212e                IDT_handler1
                0x0000000000102138                IDT_handler2
                0x0000000000102142                IDT_handler3
                0x000000000010214c                IDT_handler4
                0x0000000000102156                IDT_handler5
                0x0000000000102160                IDT_handler6
                0x000000000010216a                IDT_handler7
                0x0000000000102174                IDT_handler8
                0x000000000010217c                IDT_handler9
                0x0000000000102186                IDT_handler10
                0x000000000010218e                IDT_handler11
                0x0000000000102196                IDT_handler12
                0x000000000010219e                IDT_handler13
                0x00000000001021a6                IDT_handler14
                0x00000000001021ae                IDT_handler15
                0x00000000001021b8                IDT_handler16
                0x00000000001021c2                IDT_handler17
                0x00000000001021cc                IDT_handler18
                0x00000000001021d6                IDT_handler19
                0x00000000001021e0                IDT_handler20
                0x00000000001021ea                IDT_handler21
                0x00000000001021f4                IDT_handler22
                0x00000000001021fe                IDT_handler23
                0x0000000000102208                IDT_handler24
                0x0000000000102212                IDT_handler25
                0x000000000010221c                IDT_handler26
                0x0000000000102226                IDT_handler27
                0x0000000000102230                IDT_handler28
                0x000000000010223a                IDT_handler29
                0x0000000000102244                IDT_handler30
                0x000000000010224e                IDT_handler31
                0x0000000000102258                IDT_handler128
                0x0000000000102265                IDT_request0
                0x000000000010226f                IDT_request1
                0x0000000000102279                IDT_request2
                0x0000000000102283                IDT_request3
                0x000000000010228d                IDT_request4
                0x0000000000102297                IDT_request5
                0x00000000001022a1                IDT_request6
                0x00000000001022ab                IDT_request7
                0x00000000001022b5                IDT_request8
                0x00000000001022bf                IDT_request9
                0x00000000001022c9                IDT_request10
                0x00000000001022d3                IDT_request11
                0x00000000001022dd                IDT_request12
                0x00000000001022e7                IDT_request13
                0x00000000001022f1                IDT_request14
                0x00000000001022fb                IDT_request15
 *fill*         0x0000000000102305        0x3 
 .text          0x0000000000102308      0x18f pit.o
                0x00000000001023ef                PIT8253_measureRuntime
                0x0000000000102412                PIT8253_sleep
                0x0000000000102452                PIT8253_getModule
 *fill*         0x0000000000102497        0x1 
 .text          0x0000000000102498       0xa9 cpu.o
                0x0000000000102498                CPU_getCR
                0x00000000001024f9                CPU_setCR
 *fill*         0x0000000000102541        0x3 
 .text          0x0000000000102544      0x2e9 bitmap.o
                0x0000000000102544                Bitmap_setBit
                0x00000000001025f8                Bitmap_clearBit
                0x00000000001026ae                Bitmap_isSet
                0x000000000010275d                Bitmap_toggle
                0x0000000000102817                Bitmap_init
 *fill*         0x000000000010282d        0x3 
 .text          0x0000000000102830      0x185 stack.o
                0x0000000000102830                Stack_push
                0x00000000001028d7                Stack_pop
                0x0000000000102979                Stack_peek
                0x0000000000102995                Stack_init
 *fill*         0x00000000001029b5        0x3 
 .text          0x00000000001029b8      0x129 math.o
                0x00000000001029b8                Math_abs
                0x00000000001029f3                Math_sqrt
                0x0000000000102a2e                Math_sin
                0x0000000000102a69                Math_cos
                0x0000000000102aa4                Math_tan
 *fill*         0x0000000000102ae1        0x3 
 .text          0x0000000000102ae4       0x5c pmm.o
                0x0000000000102b0f                PhysicalMemory_getModule
 .text          0x0000000000102b40      0x22d smm.o
                0x0000000000102b40                StackPMM_allocateFrame
                0x0000000000102b6a                StackPMM_freeFrame
                0x0000000000102bfb                StackPMM_init
                0x0000000000102d42                StackPMM_getInfo
 *fill*         0x0000000000102d6d        0x3 
 .text          0x0000000000102d70      0x405 bmm.o
                0x0000000000102ecb                BitmapPMM_allocateFrame
                0x0000000000102f49                BitmapPMM_freeFrame
                0x0000000000102fe2                BitmapPMM_getInfo
                0x0000000000103014                BitmapPMM_init
 *fill*         0x0000000000103175        0x3 
 .text          0x0000000000103178     0x179b vmm.o
                0x0000000000103760                VirtualMemory_quickMap
                0x000000000010391d                VirtualMemory_quickUnmap
                0x0000000000103ae2                VirtualMemory_getKernelDir
                0x0000000000103aec                VirtualMemory_switchPageDir
                0x0000000000103bac                VirtualMemory_mapKernel
                0x0000000000103df4                VirtualMemory_createPageDirectory
                0x0000000000103f78                VirtualMemory_destroyPageDirectory
                0x0000000000104201                VirtualMemory_mapPage
                0x0000000000104487                VirtualMemory_unmapPage
                0x00000000001046fc                VirtualMemory_getPhysicalAddress
                0x00000000001048c4                VirtualMemory_getModule
 *fill*         0x0000000000104913        0x1 
 .text          0x0000000000104914      0x954 heap.o
                0x00000000001049e8                HeapMemory_expand
                0x0000000000104e31                HeapMemory_expandUser
                0x0000000000105223                HeapMemory_getModule
 .text          0x0000000000105268     0x5f15 dl.o
                0x0000000000108a4b                DougLea_malloc
                0x0000000000108f80                DougLea_free
                0x0000000000109d95                DougLea_calloc
                0x000000000010acbf                DougLea_realloc
                0x000000000010adcb                DougLea_realloc_in_place
                0x000000000010ae50                DougLea_memalign
                0x000000000010ae85                DougLea_posix_memalign
                0x000000000010af2b                DougLea_valloc
                0x000000000010af5d                DougLea_pvalloc
                0x000000000010af9e                DougLea_independent_calloc
                0x000000000010afd5                DougLea_independent_comalloc
                0x000000000010b006                DougLea_bulk_free
                0x000000000010b028                DougLea_malloc_trim
                0x000000000010b060                DougLea_malloc_footprint
                0x000000000010b06a                DougLea_malloc_max_footprint
                0x000000000010b074                DougLea_malloc_footprint_limit
                0x000000000010b094                DougLea_malloc_set_footprint_limit
                0x000000000010b0ea                DougLea_mallinfo
                0x000000000010b10d                DougLea_mallopt
                0x000000000010b127                DougLea_malloc_usable_size
 *fill*         0x000000000010b17d        0x3 
 .text          0x000000000010b180      0x49a arrlist.o
                0x000000000010b180                ArrayList_get
                0x000000000010b206                ArrayList_add
                0x000000000010b2e7                ArrayList_getIndex
                0x000000000010b324                ArrayList_exists
                0x000000000010b349                ArrayList_getSize
                0x000000000010b354                ArrayList_remove
                0x000000000010b383                ArrayList_removeAt
                0x000000000010b452                ArrayList_isEmpty
                0x000000000010b471                ArrayList_destroy
                0x000000000010b495                ArrayList_new
 *fill*         0x000000000010b61a        0x2 
 .text          0x000000000010b61c      0x1a8 dumbH.o
                0x000000000010b61c                DumbHeapManager_malloc
                0x000000000010b676                DumbHeapManager_realloc
                0x000000000010b6e7                DumbHeapManager_calloc
                0x000000000010b758                DumbHeapManager_free
 .text          0x000000000010b7c4      0x446 linkl.o
                0x000000000010b9a0                LinkedList_add
                0x000000000010baea                LinkedList_remove
                0x000000000010bb83                LinkedList_removeFromFront
                0x000000000010bb9f                LinkedList_getFront
                0x000000000010bbab                LinkedList_new
                0x000000000010bbc9                LinkedList_destroy
 *fill*         0x000000000010bc0a        0x2 
 .text          0x000000000010bc0c      0x2d4 string.o
                0x000000000010bc0c                String_startsWith
                0x000000000010bc56                String_endsWith
                0x000000000010bcc0                String_charAt
                0x000000000010bccf                String_length
                0x000000000010bcf7                String_charToInt
                0x000000000010bd0c                String_stringToInt
                0x000000000010bd88                String_numberToString
                0x000000000010be25                String_copy
                0x000000000010be5b                String_compare
                0x000000000010bea1                String_countChar
 .text          0x000000000010bee0      0x369 fifo.o
                0x000000000010bee0                CircularFIFOBuffer_new
                0x000000000010c02e                CircularFIFOBuffer_destroy
                0x000000000010c052                CircularFIFOBuffer_read
                0x000000000010c119                CircularFIFOBuffer_write
 *fill*         0x000000000010c249        0x3 
 .text          0x000000000010c24c       0x2d sched.o
                0x000000000010c24c                Scheduler_init
 *fill*         0x000000000010c279        0x3 
 .text          0x000000000010c27c      0x1f3 rr.o
                0x000000000010c27c                RoundRobin_addProcess
                0x000000000010c32b                RoundRobin_removeProcess
                0x000000000010c42e                RoundRobin_getNextProcess
                0x000000000010c465                RoundRobin_getCurrentProcess
 *fill*         0x000000000010c46f        0x1 
 .text          0x000000000010c470      0x1d1 fcfs.o
                0x000000000010c470                FCFS_addProcess
                0x000000000010c518                FCFS_removeProcess
                0x000000000010c62d                FCFS_getNextProcess
                0x000000000010c637                FCFS_getCurrentProcess
 *fill*         0x000000000010c641        0x3 
 .text          0x000000000010c644     0x10f9 pm.o
                0x000000000010cdf2                ProcessManager_switch
                0x000000000010d065                ProcessManager_killProcess
                0x000000000010d42b                ProcessManager_spawnProcess
                0x000000000010d68a                ProcessManager_blockCurrentProcess
                0x000000000010d69f                ProcessManager_waitPID
                0x000000000010d6f8                ProcessManager_getModule
 *fill*         0x000000000010d73d        0x3 
 .text          0x000000000010d740      0x5b8 kbd.o
                0x000000000010d909                Keyboard_getChar
                0x000000000010d95d                Keyboard_setLeds
                0x000000000010d9f9                Keyboard_init
 .text          0x000000000010dcf8      0x2d9 mouse.o
                0x000000000010ddc9                Mouse_init
 *fill*         0x000000000010dfd1        0x3 
 .text          0x000000000010dfd4      0x69e ps2.o
                0x000000000010e5de                PS2Controller_send
                0x000000000010e60d                PS2Controller_receive
                0x000000000010e62d                PS2Controller_getModule
 *fill*         0x000000000010e672        0x2 
 .text          0x000000000010e674      0x96d ramdisk.o
                0x000000000010eeda                RamDisk_init
 *fill*         0x000000000010efe1        0x3 
 .text          0x000000000010efe4      0x299 tar.o
                0x000000000010f0c3                Tar_nextHeader
                0x000000000010f194                Tar_getHeader
                0x000000000010f1db                Tar_getNumberOfFiles
 *fill*         0x000000000010f27d        0x3 
 .text          0x000000000010f280     0x110f vfs.o
                0x000000000010f4aa                VFS_openFile
                0x000000000010f5f5                VFS_closeFile
                0x000000000010f70c                VFS_getParent
                0x000000000010f87e                VFS_readDir
                0x000000000010f9ee                VFS_findDir
                0x000000000010faec                VFS_changeDirectoryPtr
                0x000000000010fbe0                VFS_changeDirectoryStr
                0x000000000010fcc2                VFS_getWorkingDirectoryStr
                0x000000000010fd66                VFS_getFileStats
                0x000000000010fd88                VFS_getWorkingDirectoryPtr
                0x000000000010fd9a                VFS_read
                0x000000000011006d                VFS_write
                0x0000000000110340                VFS_mkdir
                0x000000000011034a                VFS_getModule
 *fill*         0x000000000011038f        0x1 
 .text          0x0000000000110390      0x208 user.o
                0x0000000000110553                Usermode_getModule
                0x0000000000111000                . = ALIGN (0x1000)
 *fill*         0x0000000000110598      0xa68 

.eh_frame       0x0000000000111000     0x21fc
 .eh_frame      0x0000000000111000       0x94 kernel.o
 .eh_frame      0x0000000000111094       0x40 vga.o
                                         0x58 (size before relaxing)
 .eh_frame      0x00000000001110d4      0x200 console.o
                                        0x218 (size before relaxing)
 .eh_frame      0x00000000001112d4       0xe0 sys.o
                                         0xf8 (size before relaxing)
 .eh_frame      0x00000000001113b4       0x60 module.o
                                         0x78 (size before relaxing)
 .eh_frame      0x0000000000111414       0xc0 gdt.o
                                         0xd8 (size before relaxing)
 .eh_frame      0x00000000001114d4       0xcc pic.o
                                         0xe4 (size before relaxing)
 .eh_frame      0x00000000001115a0      0x108 idt.o
                                        0x120 (size before relaxing)
 .eh_frame      0x00000000001116a8       0xe0 pit.o
                                         0xf8 (size before relaxing)
 .eh_frame      0x0000000000111788       0x44 cpu.o
                                         0x5c (size before relaxing)
 .eh_frame      0x00000000001117cc       0xb8 bitmap.o
                                         0xd0 (size before relaxing)
 .eh_frame      0x0000000000111884       0x80 stack.o
                                         0x98 (size before relaxing)
 .eh_frame      0x0000000000111904       0xa0 math.o
                                         0xb8 (size before relaxing)
 .eh_frame      0x00000000001119a4       0x40 pmm.o
                                         0x58 (size before relaxing)
 .eh_frame      0x00000000001119e4       0x80 smm.o
                                         0x98 (size before relaxing)
 .eh_frame      0x0000000000111a64       0xe0 bmm.o
                                         0xf8 (size before relaxing)
 .eh_frame      0x0000000000111b44      0x290 vmm.o
                                        0x2a8 (size before relaxing)
 .eh_frame      0x0000000000111dd4       0xb0 heap.o
                                         0xc8 (size before relaxing)
 .eh_frame      0x0000000000111e84      0x5dc dl.o
                                        0x5f4 (size before relaxing)
 .eh_frame      0x0000000000112460      0x140 arrlist.o
                                        0x158 (size before relaxing)
 .eh_frame      0x00000000001125a0       0x80 dumbH.o
                                         0x98 (size before relaxing)
 .eh_frame      0x0000000000112620      0x100 linkl.o
                                        0x118 (size before relaxing)
 .eh_frame      0x0000000000112720      0x140 string.o
                                        0x158 (size before relaxing)
 .eh_frame      0x0000000000112860       0x80 fifo.o
                                         0x98 (size before relaxing)
 .eh_frame      0x00000000001128e0       0x20 sched.o
                                         0x38 (size before relaxing)
 .eh_frame      0x0000000000112900       0x80 rr.o
                                         0x98 (size before relaxing)
 .eh_frame      0x0000000000112980       0x80 fcfs.o
                                         0x98 (size before relaxing)
 .eh_frame      0x0000000000112a00      0x1ac pm.o
                                        0x1c4 (size before relaxing)
 .eh_frame      0x0000000000112bac       0xa0 kbd.o
                                         0xb8 (size before relaxing)
 .eh_frame      0x0000000000112c4c       0x60 mouse.o
                                         0x78 (size before relaxing)
 .eh_frame      0x0000000000112cac      0x144 ps2.o
                                        0x15c (size before relaxing)
 .eh_frame      0x0000000000112df0       0xf8 ramdisk.o
                                        0x110 (size before relaxing)
 .eh_frame      0x0000000000112ee8       0x80 tar.o
                                         0x98 (size before relaxing)
 .eh_frame      0x0000000000112f68      0x224 vfs.o
                                        0x23c (size before relaxing)
 .eh_frame      0x000000000011318c       0x70 user.o
                                         0x88 (size before relaxing)

.iplt           0x0000000000113200        0x0
 .iplt          0x0000000000000000        0x0 start.o

.rel.dyn        0x00000000001131fc        0x0
 .rel.iplt      0x0000000000000000        0x0 start.o
 .rel.text      0x0000000000000000        0x0 start.o

.data           0x0000000000113200     0x1e00
                0x0000000000113200                data = .
                0x0000000000113200                _data = .
                0x0000000000113200                __data = .
 *(.data)
 .data          0x0000000000113200        0x0 kernel.o
 .data          0x0000000000113200        0x0 vga.o
 .data          0x0000000000113200        0x0 console.o
 .data          0x0000000000113200        0x0 sys.o
 .data          0x0000000000113200        0x0 module.o
 .data          0x0000000000113200        0x0 gdt.o
 .data          0x0000000000113200        0x0 pic.o
 .data          0x0000000000113200        0x0 idt.o
 .data          0x0000000000113200        0x0 pit.o
 .data          0x0000000000113200        0x0 cpu.o
 .data          0x0000000000113200        0x0 bitmap.o
 .data          0x0000000000113200        0x0 stack.o
 .data          0x0000000000113200        0x0 math.o
 .data          0x0000000000113200        0x0 pmm.o
 .data          0x0000000000113200        0x0 smm.o
 .data          0x0000000000113200        0x0 bmm.o
 .data          0x0000000000113200        0x0 vmm.o
 .data          0x0000000000113200        0x0 heap.o
 .data          0x0000000000113200        0x0 dl.o
 .data          0x0000000000113200        0x0 arrlist.o
 .data          0x0000000000113200        0x4 dumbH.o
 .data          0x0000000000113204        0x0 linkl.o
 .data          0x0000000000113204        0x0 string.o
 .data          0x0000000000113204        0x0 fifo.o
 .data          0x0000000000113204        0x0 sched.o
 .data          0x0000000000113204        0x0 rr.o
 .data          0x0000000000113204        0x0 fcfs.o
 .data          0x0000000000113204        0x0 pm.o
 .data          0x0000000000113204        0x0 kbd.o
 .data          0x0000000000113204        0x0 mouse.o
 .data          0x0000000000113204        0x0 ps2.o
 .data          0x0000000000113204        0x0 ramdisk.o
 .data          0x0000000000113204        0x0 tar.o
 .data          0x0000000000113204        0x0 vfs.o
 *fill*         0x0000000000113204       0x1c 
 .data          0x0000000000113220       0x60 user.o
 *(.rodata)
 .rodata        0x0000000000113280       0x54 kernel.o
 .rodata        0x00000000001132d4       0x12 vga.o
 .rodata        0x00000000001132e6       0x6d console.o
 .rodata        0x0000000000113353        0xe sys.o
 .rodata        0x0000000000113361       0x3d module.o
 .rodata        0x000000000011339e       0x18 gdt.o
 .rodata        0x00000000001133b6        0xa pic.o
 .rodata        0x00000000001133c0       0x9f idt.o
 .rodata        0x000000000011345f        0x9 pit.o
 .rodata        0x0000000000113468       0x28 cpu.o
 .rodata        0x0000000000113490       0x41 bitmap.o
 .rodata        0x00000000001134d1       0x40 stack.o
 .rodata        0x0000000000113511       0x18 pmm.o
 .rodata        0x0000000000113529       0x46 smm.o
 .rodata        0x000000000011356f       0x5f bmm.o
 *fill*         0x00000000001135ce        0x2 
 .rodata        0x00000000001135d0       0xcc vmm.o
 .rodata        0x000000000011369c       0x8f heap.o
 .rodata        0x000000000011372b       0x41 dl.o
 .rodata        0x000000000011376c       0x44 arrlist.o
 .rodata        0x00000000001137b0       0x50 dumbH.o
 .rodata        0x0000000000113800       0x45 linkl.o
 .rodata        0x0000000000113845       0x11 string.o
 *fill*         0x0000000000113856        0x2 
 .rodata        0x0000000000113858       0x50 fifo.o
 .rodata        0x00000000001138a8       0x4c rr.o
 .rodata        0x00000000001138f4       0x43 fcfs.o
 *fill*         0x0000000000113937        0x1 
 .rodata        0x0000000000113938       0xb6 pm.o
 *fill*         0x00000000001139ee       0x12 
 .rodata        0x0000000000113a00      0x2eb kbd.o
 *fill*         0x0000000000113ceb        0x1 
 .rodata        0x0000000000113cec       0xc4 mouse.o
 .rodata        0x0000000000113db0      0x13e ps2.o
 *fill*         0x0000000000113eee        0x2 
 .rodata        0x0000000000113ef0       0xec ramdisk.o
 .rodata        0x0000000000113fdc       0x45 tar.o
 .rodata        0x0000000000114021       0x89 vfs.o
 .rodata        0x00000000001140aa       0x7e user.o
                0x0000000000115000                . = ALIGN (0x1000)
 *fill*         0x0000000000114128      0xed8 

.igot.plt       0x0000000000115000        0x0
 .igot.plt      0x0000000000000000        0x0 start.o

.bss            0x0000000000115000    0x12040
                0x0000000000115000                bss = .
                0x0000000000115000                _bss = .
                0x0000000000115000                __bss = .
 *(.bss)
 .bss           0x0000000000115000     0xff00 start.o
 .bss           0x0000000000124f00        0x0 kernel.o
 .bss           0x0000000000124f00       0x34 vga.o
 *fill*         0x0000000000124f34        0xc 
 .bss           0x0000000000124f40       0x37 console.o
 *fill*         0x0000000000124f77        0x1 
 .bss           0x0000000000124f78        0x0 sys.o
 *fill*         0x0000000000124f78        0x8 
 .bss           0x0000000000124f80       0x84 module.o
 *fill*         0x0000000000125004       0x1c 
 .bss           0x0000000000125020       0xec gdt.o
 *fill*         0x000000000012510c       0x14 
 .bss           0x0000000000125120       0x34 pic.o
 *fill*         0x0000000000125154        0xc 
 .bss           0x0000000000125160      0xc60 idt.o
 .bss           0x0000000000125dc0       0x38 pit.o
 .bss           0x0000000000125df8        0x0 cpu.o
 .bss           0x0000000000125df8        0x0 bitmap.o
 .bss           0x0000000000125df8        0x0 stack.o
 .bss           0x0000000000125df8        0x0 math.o
 *fill*         0x0000000000125df8        0x8 
 .bss           0x0000000000125e00       0x34 pmm.o
 .bss           0x0000000000125e34       0x14 smm.o
 .bss           0x0000000000125e48       0x18 bmm.o
 .bss           0x0000000000125e60       0x38 vmm.o
 *fill*         0x0000000000125e98        0x8 
 .bss           0x0000000000125ea0       0x38 heap.o
 *fill*         0x0000000000125ed8        0x8 
 .bss           0x0000000000125ee0      0x1f8 dl.o
 .bss           0x00000000001260d8        0x0 arrlist.o
 .bss           0x00000000001260d8        0x4 dumbH.o
 .bss           0x00000000001260dc        0x0 linkl.o
 *fill*         0x00000000001260dc        0x4 
 .bss           0x00000000001260e0       0x20 string.o
 .bss           0x0000000000126100        0x0 fifo.o
 .bss           0x0000000000126100        0x0 sched.o
 .bss           0x0000000000126100        0x8 rr.o
 .bss           0x0000000000126108        0x8 fcfs.o
 *fill*         0x0000000000126110       0x10 
 .bss           0x0000000000126120       0x3c pm.o
 .bss           0x000000000012615c        0xc kbd.o
 .bss           0x0000000000126168        0x4 mouse.o
 *fill*         0x000000000012616c       0x14 
 .bss           0x0000000000126180       0x54 ps2.o
 *fill*         0x00000000001261d4        0xc 
 .bss           0x00000000001261e0       0xe8 ramdisk.o
 .bss           0x00000000001262c8        0x0 tar.o
 *fill*         0x00000000001262c8       0x18 
 .bss           0x00000000001262e0       0x38 vfs.o
 *fill*         0x0000000000126318        0x8 
 .bss           0x0000000000126320       0x34 user.o
                0x0000000000127000                . = ALIGN (0x1000)
 *fill*         0x0000000000126354      0xcac 
 COMMON         0x0000000000127000        0x4 kernel.o
                0x0000000000127000                multibootInfo
 COMMON         0x0000000000127004        0x6 vga.o
                0x0000000000127004                vgaRam
                0x0000000000127008                vgaHeight
                0x0000000000127009                vgaWidth
 *fill*         0x000000000012700a        0x2 
 COMMON         0x000000000012700c        0xc pmm.o
                0x000000000012700c                PhysicalMemory_getInfo
                0x0000000000127010                PhysicalMemory_allocateFrame
                0x0000000000127014                PhysicalMemory_freeFrame
 COMMON         0x0000000000127018       0x14 heap.o
                0x0000000000127018                HeapMemory_realloc
                0x000000000012701c                errno
                0x0000000000127020                HeapMemory_free
                0x0000000000127024                HeapMemory_calloc
                0x0000000000127028                HeapMemory_alloc
 COMMON         0x000000000012702c       0x10 sched.o
                0x000000000012702c                Scheduler_removeProcess
                0x0000000000127030                Scheduler_addProcess
                0x0000000000127034                Scheduler_getNextProcess
                0x0000000000127038                Scheduler_getCurrentProcess
 COMMON         0x000000000012703c        0x4 pm.o
                0x000000000012703c                kernelProcess
                0x0000000000127040                end = .
                0x0000000000127040                _end = .
                0x0000000000127040                __end = .
LOAD start.o
LOAD kernel.o
LOAD vga.o
LOAD console.o
LOAD sys.o
LOAD module.o
LOAD gdt.o
LOAD pic.o
LOAD idt.o
LOAD idtAsm.o
LOAD pit.o
LOAD cpu.o
LOAD bitmap.o
LOAD stack.o
LOAD math.o
LOAD pmm.o
LOAD smm.o
LOAD bmm.o
LOAD vmm.o
LOAD heap.o
LOAD dl.o
LOAD arrlist.o
LOAD dumbH.o
LOAD linkl.o
LOAD string.o
LOAD fifo.o
LOAD sched.o
LOAD rr.o
LOAD fcfs.o
LOAD pm.o
LOAD kbd.o
LOAD mouse.o
LOAD ps2.o
LOAD ramdisk.o
LOAD tar.o
LOAD vfs.o
LOAD user.o
OUTPUT(bootloader/kernel elf32-i386)

.comment        0x0000000000000000       0x11
 .comment       0x0000000000000000       0x11 kernel.o
                                         0x12 (size before relaxing)
 .comment       0x0000000000000000       0x12 vga.o
 .comment       0x0000000000000000       0x12 console.o
 .comment       0x0000000000000000       0x12 sys.o
 .comment       0x0000000000000000       0x12 module.o
 .comment       0x0000000000000000       0x12 gdt.o
 .comment       0x0000000000000000       0x12 pic.o
 .comment       0x0000000000000000       0x12 idt.o
 .comment       0x0000000000000000       0x12 pit.o
 .comment       0x0000000000000000       0x12 cpu.o
 .comment       0x0000000000000000       0x12 bitmap.o
 .comment       0x0000000000000000       0x12 stack.o
 .comment       0x0000000000000000       0x12 math.o
 .comment       0x0000000000000000       0x12 pmm.o
 .comment       0x0000000000000000       0x12 smm.o
 .comment       0x0000000000000000       0x12 bmm.o
 .comment       0x0000000000000000       0x12 vmm.o
 .comment       0x0000000000000000       0x12 heap.o
 .comment       0x0000000000000000       0x12 dl.o
 .comment       0x0000000000000000       0x12 arrlist.o
 .comment       0x0000000000000000       0x12 dumbH.o
 .comment       0x0000000000000000       0x12 linkl.o
 .comment       0x0000000000000000       0x12 string.o
 .comment       0x0000000000000000       0x12 fifo.o
 .comment       0x0000000000000000       0x12 sched.o
 .comment       0x0000000000000000       0x12 rr.o
 .comment       0x0000000000000000       0x12 fcfs.o
 .comment       0x0000000000000000       0x12 pm.o
 .comment       0x0000000000000000       0x12 kbd.o
 .comment       0x0000000000000000       0x12 mouse.o
 .comment       0x0000000000000000       0x12 ps2.o
 .comment       0x0000000000000000       0x12 ramdisk.o
 .comment       0x0000000000000000       0x12 tar.o
 .comment       0x0000000000000000       0x12 vfs.o
 .comment       0x0000000000000000       0x12 user.o
