
Allocating common symbols
Common symbol       size              file

Scheduler_removeProcess
                    0x4               sched.o
HeapMemory_realloc  0x4               heap.o
Scheduler_addProcess
                    0x4               sched.o
Scheduler_getNextProcess
                    0x4               sched.o
errno               0x4               heap.o
HeapMemory_free     0x4               heap.o
PhysicalMemory_getInfo
                    0x4               pmm.o
HeapMemory_calloc   0x4               heap.o
vgaRam              0x4               vga.o
vgaHeight           0x1               vga.o
vgaWidth            0x1               vga.o
PhysicalMemory_allocateFrame
                    0x4               pmm.o
HeapMemory_alloc    0x4               heap.o
PhysicalMemory_freeFrame
                    0x4               pmm.o
Scheduler_getCurrentProcess
                    0x4               sched.o

Memory Configuration

Name             Origin             Length             Attributes
*default*        0x0000000000000000 0xffffffffffffffff

Linker script and memory map


.text           0x0000000000100000     0x9000
                0x0000000000100000                text = .
                0x0000000000100000                _text = .
                0x0000000000100000                __text = .
 *(.text)
 .text          0x0000000000100000       0x2c start.o
                0x0000000000100000                mbHead
                0x0000000000100020                Start
 *fill*         0x000000000010002c        0x4 
 .text          0x0000000000100030      0x19f kernel.o
                0x0000000000100030                Kernel
 *fill*         0x00000000001001cf        0x1 
 .text          0x00000000001001d0       0x44 vga.o
                0x00000000001001f0                VGA_getModule
 *fill*         0x0000000000100214        0xc 
 .text          0x0000000000100220      0x568 console.o
                0x0000000000100230                Console_printString
                0x0000000000100260                Console_printf
                0x0000000000100490                Console_printChar
                0x00000000001006e0                Console_clearScreen
                0x0000000000100740                Console_setColor
                0x0000000000100750                Console_getModule
 *fill*         0x0000000000100788        0x8 
 .text          0x0000000000100790       0x41 sys.o
                0x0000000000100790                Sys_restart
                0x00000000001007a0                Sys_panic
 *fill*         0x00000000001007d1        0xf 
 .text          0x00000000001007e0      0x2c6 module.o
                0x00000000001007e0                Module_load
                0x0000000000100a60                Module_getLoadedModuleNames
                0x0000000000100aa0                Module_getNumberOfLoadedModules
 *fill*         0x0000000000100aa6        0xa 
 .text          0x0000000000100ab0      0x11d gdt.o
                0x0000000000100ba0                GDT_getModule
 *fill*         0x0000000000100bcd        0x3 
 .text          0x0000000000100bd0       0xad pic.o
                0x0000000000100c00                PIC8259_setMask
                0x0000000000100c40                PIC8259_sendEOI
                0x0000000000100c50                PIC8259_getModule
 *fill*         0x0000000000100c7d        0x3 
 .text          0x0000000000100c80      0xa7b idt.o
                0x00000000001014b0                IDT_registerHandler
                0x0000000000101560                IDT_handlerException
                0x00000000001015f0                IDT_handlerIRQ
                0x00000000001016b0                IDT_getModule
 *fill*         0x00000000001016fb        0x5 
 .text          0x0000000000101700      0x23b idtAsm.o
                0x000000000010176d                IDT_handler0
                0x0000000000101774                IDT_handler1
                0x000000000010177b                IDT_handler2
                0x0000000000101785                IDT_handler3
                0x000000000010178f                IDT_handler4
                0x0000000000101799                IDT_handler5
                0x00000000001017a3                IDT_handler6
                0x00000000001017ad                IDT_handler7
                0x00000000001017b7                IDT_handler8
                0x00000000001017bf                IDT_handler9
                0x00000000001017c9                IDT_handler10
                0x00000000001017d1                IDT_handler11
                0x00000000001017d9                IDT_handler12
                0x00000000001017e1                IDT_handler13
                0x00000000001017e9                IDT_handler14
                0x00000000001017f1                IDT_handler15
                0x00000000001017fb                IDT_handler16
                0x0000000000101805                IDT_handler17
                0x000000000010180f                IDT_handler18
                0x0000000000101819                IDT_handler19
                0x0000000000101823                IDT_handler20
                0x000000000010182d                IDT_handler21
                0x0000000000101837                IDT_handler22
                0x0000000000101841                IDT_handler23
                0x000000000010184b                IDT_handler24
                0x0000000000101855                IDT_handler25
                0x000000000010185f                IDT_handler26
                0x0000000000101869                IDT_handler27
                0x0000000000101873                IDT_handler28
                0x000000000010187d                IDT_handler29
                0x0000000000101887                IDT_handler30
                0x0000000000101891                IDT_handler31
                0x000000000010189b                IDT_request0
                0x00000000001018a5                IDT_request1
                0x00000000001018af                IDT_request2
                0x00000000001018b9                IDT_request3
                0x00000000001018c3                IDT_request4
                0x00000000001018cd                IDT_request5
                0x00000000001018d7                IDT_request6
                0x00000000001018e1                IDT_request7
                0x00000000001018eb                IDT_request8
                0x00000000001018f5                IDT_request9
                0x00000000001018ff                IDT_request10
                0x0000000000101909                IDT_request11
                0x0000000000101913                IDT_request12
                0x000000000010191d                IDT_request13
                0x0000000000101927                IDT_request14
                0x0000000000101931                IDT_request15
 *fill*         0x000000000010193b        0x5 
 .text          0x0000000000101940      0x181 pit.o
                0x0000000000101a10                PIT8253_measureRuntime
                0x0000000000101a30                PIT8253_sleep
                0x0000000000101a80                PIT8253_getModule
 *fill*         0x0000000000101ac1        0xf 
 .text          0x0000000000101ad0       0xd8 cpu.o
                0x0000000000101ad0                CPU_getCR
                0x0000000000101b40                CPU_setCR
 *fill*         0x0000000000101ba8        0x8 
 .text          0x0000000000101bb0      0x2b2 bitmap.o
                0x0000000000101bb0                Bitmap_setBit
                0x0000000000101c50                Bitmap_clearBit
                0x0000000000101cf0                Bitmap_isSet
                0x0000000000101d90                Bitmap_toggle
                0x0000000000101e50                Bitmap_init
 *fill*         0x0000000000101e62        0xe 
 .text          0x0000000000101e70      0x159 stack.o
                0x0000000000101e70                Stack_push
                0x0000000000101f10                Stack_pop
                0x0000000000101fa0                Stack_peek
                0x0000000000101fb0                Stack_init
 *fill*         0x0000000000101fc9        0x7 
 .text          0x0000000000101fd0       0x4d math.o
                0x0000000000101fd0                Math_abs
                0x0000000000101fe0                Math_sqrt
                0x0000000000101ff0                Math_sin
                0x0000000000102000                Math_cos
                0x0000000000102010                Math_tan
 *fill*         0x000000000010201d        0x3 
 .text          0x0000000000102020       0x7f pmm.o
                0x0000000000102060                PhysicalMemory_getModule
 *fill*         0x000000000010209f        0x1 
 .text          0x00000000001020a0      0x2c1 smm.o
                0x00000000001020a0                StackPMM_allocateFrame
                0x00000000001020d0                StackPMM_freeFrame
                0x0000000000102160                StackPMM_init
                0x0000000000102340                StackPMM_getInfo
 *fill*         0x0000000000102361        0xf 
 .text          0x0000000000102370      0x44e bmm.o
                0x0000000000102370                BitmapPMM_allocateFrame
                0x00000000001023f0                BitmapPMM_freeFrame
                0x00000000001024a0                BitmapPMM_getInfo
                0x00000000001024d0                BitmapPMM_init
 *fill*         0x00000000001027be        0x2 
 .text          0x00000000001027c0     0x119b vmm.o
                0x0000000000102c00                VirtualMemory_getKernelDir
                0x0000000000102c10                VirtualMemory_switchPageDir
                0x0000000000102e10                VirtualMemory_mapPage
                0x0000000000102ff0                VirtualMemory_unmapPage
                0x0000000000103190                VirtualMemory_destroyPageDirectory
                0x00000000001033e0                VirtualMemory_createPageDirectory
                0x0000000000103570                VirtualMemory_mapKernel
                0x0000000000103770                VirtualMemory_getPhysicalAddress
                0x0000000000103910                VirtualMemory_getModule
 *fill*         0x000000000010395b        0x5 
 .text          0x0000000000103960      0x4e1 heap.o
                0x00000000001039a0                HeapMemory_expand
                0x0000000000103e00                HeapMemory_getModule
 *fill*         0x0000000000103e41        0xf 
 .text          0x0000000000103e50     0x37a3 dl.o
                0x0000000000104c90                DougLea_malloc
                0x0000000000106740                DougLea_free
                0x0000000000106f40                DougLea_calloc
                0x0000000000106fc0                DougLea_realloc
                0x0000000000107090                DougLea_realloc_in_place
                0x0000000000107100                DougLea_memalign
                0x0000000000107130                DougLea_posix_memalign
                0x00000000001071b0                DougLea_valloc
                0x00000000001071e0                DougLea_pvalloc
                0x0000000000107220                DougLea_independent_calloc
                0x0000000000107250                DougLea_independent_comalloc
                0x0000000000107270                DougLea_bulk_free
                0x0000000000107330                DougLea_malloc_trim
                0x0000000000107360                DougLea_malloc_footprint
                0x0000000000107370                DougLea_malloc_max_footprint
                0x0000000000107380                DougLea_malloc_footprint_limit
                0x0000000000107390                DougLea_malloc_set_footprint_limit
                0x00000000001073c0                DougLea_mallinfo
                0x0000000000107540                DougLea_mallopt
                0x00000000001075c0                DougLea_malloc_usable_size
 *fill*         0x00000000001075f3        0xd 
 .text          0x0000000000107600      0x4e9 arrlist.o
                0x0000000000107600                ArrayList_get
                0x0000000000107690                ArrayList_add
                0x0000000000107770                ArrayList_getIndex
                0x00000000001077a0                ArrayList_exists
                0x00000000001077e0                ArrayList_getSize
                0x00000000001077f0                ArrayList_removeAt
                0x00000000001078b0                ArrayList_remove
                0x00000000001078f0                ArrayList_isEmpty
                0x0000000000107920                ArrayList_destroy
                0x0000000000107950                ArrayList_new
 *fill*         0x0000000000107ae9        0x7 
 .text          0x0000000000107af0      0x19b dumbH.o
                0x0000000000107af0                DumbHeapManager_malloc
                0x0000000000107b40                DumbHeapManager_realloc
                0x0000000000107bb0                DumbHeapManager_calloc
                0x0000000000107c20                DumbHeapManager_free
 *fill*         0x0000000000107c8b        0x5 
 .text          0x0000000000107c90      0x4e2 linkl.o
                0x0000000000107e40                LinkedList_add
                0x0000000000107fb0                LinkedList_remove
                0x0000000000108060                LinkedList_removeFromFront
                0x0000000000108070                LinkedList_push
                0x0000000000108080                LinkedList_pop
                0x0000000000108090                LinkedList_peek
                0x0000000000108120                LinkedList_new
                0x0000000000108140                LinkedList_destroy
 *fill*         0x0000000000108172        0xe 
 .text          0x0000000000108180      0x34b process.o
                0x0000000000108180                Process_new
                0x00000000001084a0                Process_destroy
 *fill*         0x00000000001084cb        0x5 
 .text          0x00000000001084d0       0x71 sched.o
                0x0000000000108500                Scheduler_getModule
 *fill*         0x0000000000108541        0xf 
 .text          0x0000000000108550      0x286 rr.o
                0x0000000000108550                RoundRobin_addProcess
                0x0000000000108610                RoundRobin_removeProcess
                0x0000000000108730                RoundRobin_getNextProcess
                0x00000000001087d0                RoundRobin_getCurrentProcess
 *fill*         0x00000000001087d6        0xa 
 .text          0x00000000001087e0      0x361 pm.o
                0x0000000000108950                ProcessManager_switch
                0x0000000000108b00                ProcessManager_getModule
                0x0000000000109000                . = ALIGN (0x1000)
 *fill*         0x0000000000108b41      0x4bf 

.rodata.str1.1  0x0000000000109000      0x348
 .rodata.str1.1
                0x0000000000109000       0x56 kernel.o
 .rodata.str1.1
                0x0000000000109056       0x12 vga.o
 .rodata.str1.1
                0x0000000000109068       0x55 console.o
                                         0x7e (size before relaxing)
 .rodata.str1.1
                0x00000000001090bd        0xe sys.o
 .rodata.str1.1
                0x00000000001090cb       0x14 module.o
                                         0x3d (size before relaxing)
 .rodata.str1.1
                0x00000000001090df       0x18 gdt.o
 .rodata.str1.1
                0x00000000001090f7        0xa pic.o
 .rodata.str1.1
                0x0000000000109101       0x56 idt.o
                                         0x7f (size before relaxing)
 .rodata.str1.1
                0x0000000000109157        0x9 pit.o
 .rodata.str1.1
                0x0000000000109160       0x18 bitmap.o
                                         0x41 (size before relaxing)
 .rodata.str1.1
                0x0000000000109178       0x17 stack.o
                                         0x40 (size before relaxing)
 .rodata.str1.1
                0x000000000010918f       0x18 pmm.o
 .rodata.str1.1
                0x00000000001091a7       0x1d smm.o
                                         0x46 (size before relaxing)
 .rodata.str1.1
                0x00000000001091c4       0x1e bmm.o
                                         0x5f (size before relaxing)
 .rodata.str1.1
                0x00000000001091e2       0x63 vmm.o
                                         0xa7 (size before relaxing)
 .rodata.str1.1
                0x0000000000109245       0x2c heap.o
                                         0x6d (size before relaxing)
 .rodata.str1.1
                0x0000000000109271       0x1b arrlist.o
                                         0x44 (size before relaxing)
 .rodata.str1.1
                0x0000000000000000       0x29 dumbH.o
 .rodata.str1.1
                0x000000000010928c       0x1c linkl.o
                                         0x45 (size before relaxing)
 .rodata.str1.1
                0x00000000001092a8       0x1d process.o
                                         0x5e (size before relaxing)
 .rodata.str1.1
                0x00000000001092c5       0x12 sched.o
 .rodata.str1.1
                0x0000000000000000       0x29 rr.o
 .rodata.str1.1
                0x00000000001092d7       0x71 pm.o
                                         0x9a (size before relaxing)

.eh_frame       0x0000000000109348     0x145c
 .eh_frame      0x0000000000109348       0x3c kernel.o
 .eh_frame      0x0000000000109384       0x28 vga.o
                                         0x40 (size before relaxing)
 .eh_frame      0x00000000001093ac      0x138 console.o
                                        0x150 (size before relaxing)
 .eh_frame      0x00000000001094e4       0x2c sys.o
                                         0x44 (size before relaxing)
 .eh_frame      0x0000000000109510       0x68 module.o
                                         0x80 (size before relaxing)
 .eh_frame      0x0000000000109578       0x28 gdt.o
                                         0x40 (size before relaxing)
 .eh_frame      0x00000000001095a0       0x5c pic.o
                                         0x74 (size before relaxing)
 .eh_frame      0x00000000001095fc       0xa8 idt.o
                                         0xc0 (size before relaxing)
 .eh_frame      0x00000000001096a4       0xb8 pit.o
                                         0xd0 (size before relaxing)
 .eh_frame      0x000000000010975c       0x28 cpu.o
                                         0x40 (size before relaxing)
 .eh_frame      0x0000000000109784       0xd4 bitmap.o
                                         0xec (size before relaxing)
 .eh_frame      0x0000000000109858       0x70 stack.o
                                         0x88 (size before relaxing)
 .eh_frame      0x00000000001098c8       0x64 math.o
                                         0x7c (size before relaxing)
 .eh_frame      0x000000000010992c       0x2c pmm.o
                                         0x44 (size before relaxing)
 .eh_frame      0x0000000000109958       0x90 smm.o
                                         0xa8 (size before relaxing)
 .eh_frame      0x00000000001099e8       0xb0 bmm.o
                                         0xc8 (size before relaxing)
 .eh_frame      0x0000000000109a98      0x248 vmm.o
                                        0x260 (size before relaxing)
 .eh_frame      0x0000000000109ce0       0x68 heap.o
                                         0x80 (size before relaxing)
 .eh_frame      0x0000000000109d48      0x598 dl.o
                                        0x5b0 (size before relaxing)
 .eh_frame      0x000000000010a2e0      0x174 arrlist.o
                                        0x18c (size before relaxing)
 .eh_frame      0x000000000010a454       0x6c dumbH.o
                                         0x84 (size before relaxing)
 .eh_frame      0x000000000010a4c0      0x130 linkl.o
                                        0x148 (size before relaxing)
 .eh_frame      0x000000000010a5f0       0x60 process.o
                                         0x78 (size before relaxing)
 .eh_frame      0x000000000010a650       0x28 sched.o
                                         0x40 (size before relaxing)
 .eh_frame      0x000000000010a678       0x80 rr.o
                                         0x98 (size before relaxing)
 .eh_frame      0x000000000010a6f8       0xac pm.o
                                         0xc4 (size before relaxing)

.rodata.str1.4  0x000000000010a7a4       0xcc
 .rodata.str1.4
                0x000000000010a7a4       0x1f idt.o
 *fill*         0x000000000010a7c3        0x1 
 .rodata.str1.4
                0x000000000010a7c4       0x22 vmm.o
 *fill*         0x000000000010a7e6        0x2 
 .rodata.str1.4
                0x000000000010a7e8       0x1f heap.o
 *fill*         0x000000000010a807        0x1 
 .rodata.str1.4
                0x000000000010a808       0x24 dumbH.o
 .rodata.str1.4
                0x000000000010a82c       0x20 rr.o
 .rodata.str1.4
                0x000000000010a84c       0x24 pm.o

.iplt           0x000000000010a870        0x0
 .iplt          0x0000000000000000        0x0 start.o

.rel.dyn        0x000000000010a870        0x0
 .rel.iplt      0x0000000000000000        0x0 start.o
 .rel.text      0x0000000000000000        0x0 start.o

.data           0x000000000010a870      0x790
                0x000000000010a870                data = .
                0x000000000010a870                _data = .
                0x000000000010a870                __data = .
 *(.data)
 .data          0x000000000010a870        0x0 kernel.o
 .data          0x000000000010a870        0x0 vga.o
 .data          0x000000000010a870        0x0 console.o
 .data          0x000000000010a870        0x0 sys.o
 .data          0x000000000010a870        0x0 module.o
 .data          0x000000000010a870        0x0 gdt.o
 .data          0x000000000010a870        0x0 pic.o
 .data          0x000000000010a870        0x0 idt.o
 .data          0x000000000010a870        0x0 pit.o
 .data          0x000000000010a870        0x0 cpu.o
 .data          0x000000000010a870        0x0 bitmap.o
 .data          0x000000000010a870        0x0 stack.o
 .data          0x000000000010a870        0x0 math.o
 .data          0x000000000010a870        0x0 pmm.o
 .data          0x000000000010a870        0x0 smm.o
 .data          0x000000000010a870        0x0 bmm.o
 .data          0x000000000010a870        0x0 vmm.o
 .data          0x000000000010a870        0x0 heap.o
 .data          0x000000000010a870        0x0 dl.o
 .data          0x000000000010a870        0x0 arrlist.o
 .data          0x000000000010a870        0x4 dumbH.o
 .data          0x000000000010a874        0x0 linkl.o
 .data          0x000000000010a874        0x0 process.o
 .data          0x000000000010a874        0x0 sched.o
 .data          0x000000000010a874        0x0 rr.o
 .data          0x000000000010a874        0x0 pm.o
 *(.rodata)
 .rodata        0x000000000010a874       0x28 cpu.o
                0x000000000010b000                . = ALIGN (0x1000)
 *fill*         0x000000000010a89c      0x764 

.igot.plt       0x000000000010b000        0x0
 .igot.plt      0x0000000000000000        0x0 start.o

.bss            0x000000000010b000    0x12038
                0x000000000010b000                bss = .
                0x000000000010b000                _bss = .
                0x000000000010b000                __bss = .
 *(.bss)
 .bss           0x000000000010b000     0xff00 start.o
 .bss           0x000000000011af00        0x0 kernel.o
 .bss           0x000000000011af00       0x34 vga.o
 *fill*         0x000000000011af34        0xc 
 .bss           0x000000000011af40       0x94 console.o
 .bss           0x000000000011afd4        0x0 sys.o
 *fill*         0x000000000011afd4        0xc 
 .bss           0x000000000011afe0       0xa0 module.o
 .bss           0x000000000011b080       0x6e gdt.o
 *fill*         0x000000000011b0ee       0x12 
 .bss           0x000000000011b100       0x34 pic.o
 *fill*         0x000000000011b134        0xc 
 .bss           0x000000000011b140      0xc40 idt.o
 .bss           0x000000000011bd80       0x54 pit.o
 .bss           0x000000000011bdd4        0x0 cpu.o
 .bss           0x000000000011bdd4        0x0 bitmap.o
 .bss           0x000000000011bdd4        0x0 stack.o
 .bss           0x000000000011bdd4        0x0 math.o
 *fill*         0x000000000011bdd4        0xc 
 .bss           0x000000000011bde0       0x3c pmm.o
 .bss           0x000000000011be1c       0x14 smm.o
 .bss           0x000000000011be30       0x18 bmm.o
 *fill*         0x000000000011be48       0x18 
 .bss           0x000000000011be60       0x54 vmm.o
 *fill*         0x000000000011beb4        0xc 
 .bss           0x000000000011bec0       0x54 heap.o
 *fill*         0x000000000011bf14        0xc 
 .bss           0x000000000011bf20      0x1f0 dl.o
 .bss           0x000000000011c110        0x0 arrlist.o
 .bss           0x000000000011c110        0x4 dumbH.o
 .bss           0x000000000011c114        0x0 linkl.o
 .bss           0x000000000011c114        0x0 process.o
 *fill*         0x000000000011c114        0xc 
 .bss           0x000000000011c120       0x34 sched.o
 .bss           0x000000000011c154        0x8 rr.o
 *fill*         0x000000000011c15c        0x4 
 .bss           0x000000000011c160       0x34 pm.o
                0x000000000011d000                . = ALIGN (0x1000)
 *fill*         0x000000000011c194      0xe6c 
 COMMON         0x000000000011d000        0x6 vga.o
                0x000000000011d000                vgaRam
                0x000000000011d004                vgaHeight
                0x000000000011d005                vgaWidth
 *fill*         0x000000000011d006        0x2 
 COMMON         0x000000000011d008        0xc pmm.o
                0x000000000011d008                PhysicalMemory_getInfo
                0x000000000011d00c                PhysicalMemory_allocateFrame
                0x000000000011d010                PhysicalMemory_freeFrame
 COMMON         0x000000000011d014       0x14 heap.o
                0x000000000011d014                HeapMemory_realloc
                0x000000000011d018                errno
                0x000000000011d01c                HeapMemory_free
                0x000000000011d020                HeapMemory_calloc
                0x000000000011d024                HeapMemory_alloc
 COMMON         0x000000000011d028       0x10 sched.o
                0x000000000011d028                Scheduler_removeProcess
                0x000000000011d02c                Scheduler_addProcess
                0x000000000011d030                Scheduler_getNextProcess
                0x000000000011d034                Scheduler_getCurrentProcess
                0x000000000011d038                end = .
                0x000000000011d038                _end = .
                0x000000000011d038                __end = .
LOAD start.o
LOAD kernel.o
LOAD vga.o
LOAD console.o
LOAD sys.o
LOAD module.o
LOAD gdt.o
LOAD pic.o
LOAD idt.o
LOAD idtAsm.o
LOAD pit.o
LOAD cpu.o
LOAD bitmap.o
LOAD stack.o
LOAD math.o
LOAD pmm.o
LOAD smm.o
LOAD bmm.o
LOAD vmm.o
LOAD heap.o
LOAD dl.o
LOAD arrlist.o
LOAD dumbH.o
LOAD linkl.o
LOAD process.o
LOAD sched.o
LOAD rr.o
LOAD pm.o
OUTPUT(bootloader/kernel elf32-i386)

.comment        0x0000000000000000       0x11
 .comment       0x0000000000000000       0x11 kernel.o
                                         0x12 (size before relaxing)
 .comment       0x0000000000000000       0x12 vga.o
 .comment       0x0000000000000000       0x12 console.o
 .comment       0x0000000000000000       0x12 sys.o
 .comment       0x0000000000000000       0x12 module.o
 .comment       0x0000000000000000       0x12 gdt.o
 .comment       0x0000000000000000       0x12 pic.o
 .comment       0x0000000000000000       0x12 idt.o
 .comment       0x0000000000000000       0x12 pit.o
 .comment       0x0000000000000000       0x12 cpu.o
 .comment       0x0000000000000000       0x12 bitmap.o
 .comment       0x0000000000000000       0x12 stack.o
 .comment       0x0000000000000000       0x12 math.o
 .comment       0x0000000000000000       0x12 pmm.o
 .comment       0x0000000000000000       0x12 smm.o
 .comment       0x0000000000000000       0x12 bmm.o
 .comment       0x0000000000000000       0x12 vmm.o
 .comment       0x0000000000000000       0x12 heap.o
 .comment       0x0000000000000000       0x12 dl.o
 .comment       0x0000000000000000       0x12 arrlist.o
 .comment       0x0000000000000000       0x12 dumbH.o
 .comment       0x0000000000000000       0x12 linkl.o
 .comment       0x0000000000000000       0x12 process.o
 .comment       0x0000000000000000       0x12 sched.o
 .comment       0x0000000000000000       0x12 rr.o
 .comment       0x0000000000000000       0x12 pm.o
