
Allocating common symbols
Common symbol       size              file

Scheduler_removeProcess
                    0x4               sched.o
HeapMemory_realloc  0x4               heap.o
Scheduler_addProcess
                    0x4               sched.o
Scheduler_getNextProcess
                    0x4               sched.o
errno               0x4               heap.o
HeapMemory_free     0x4               heap.o
multibootInfo       0x4               kernel.o
PhysicalMemory_getInfo
                    0x4               pmm.o
HeapMemory_calloc   0x4               heap.o
vgaRam              0x4               vga.o
vgaHeight           0x1               vga.o
vgaWidth            0x1               vga.o
PhysicalMemory_allocateFrame
                    0x4               pmm.o
HeapMemory_alloc    0x4               heap.o
PhysicalMemory_freeFrame
                    0x4               pmm.o
Scheduler_getCurrentProcess
                    0x4               sched.o

Memory Configuration

Name             Origin             Length             Attributes
*default*        0x0000000000000000 0xffffffffffffffff

Linker script and memory map


.text           0x0000000000100000     0xf000
                0x0000000000100000                text = .
                0x0000000000100000                _text = .
                0x0000000000100000                __text = .
 *(.text)
 .text          0x0000000000100000       0x2c start.o
                0x0000000000100000                mbHead
                0x0000000000100020                Start
 .text          0x000000000010002c      0x3cf kernel.o
                0x0000000000100148                Kernel
 *fill*         0x00000000001003fb        0x1 
 .text          0x00000000001003fc       0x45 vga.o
                0x0000000000100419                VGA_getModule
 *fill*         0x0000000000100441        0x3 
 .text          0x0000000000100444      0x5d7 console.o
                0x00000000001007b0                Console_printf
                0x0000000000100863                Console_printChar
                0x0000000000100936                Console_printString
                0x000000000010095e                Console_clearScreen
                0x00000000001009c9                Console_setColor
                0x00000000001009df                Console_getModule
 *fill*         0x0000000000100a1b        0x1 
 .text          0x0000000000100a1c       0x7d sys.o
                0x0000000000100a44                Sys_restart
                0x0000000000100a60                Sys_panic
 *fill*         0x0000000000100a99        0x3 
 .text          0x0000000000100a9c      0x2ac module.o
                0x0000000000100a9c                Module_load
                0x0000000000100d02                Module_getLoadedModuleNames
                0x0000000000100d3e                Module_getNumberOfLoadedModules
 .text          0x0000000000100d48      0x449 gdt.o
                0x000000000010113b                GDT_setTSS
                0x0000000000101160                GDT_getModule
 *fill*         0x0000000000101191        0x3 
 .text          0x0000000000101194      0x252 pic.o
                0x00000000001012ce                PIC8259_setMask
                0x0000000000101379                PIC8259_sendEOI
                0x00000000001013b5                PIC8259_getModule
 *fill*         0x00000000001013e6        0x2 
 .text          0x00000000001013e8      0xdaa idt.o
                0x0000000000101f4c                IDT_registerHandler
                0x0000000000101fd3                IDT_handlerException
                0x0000000000102071                IDT_handlerIRQ
                0x0000000000102143                IDT_getModule
 *fill*         0x0000000000102192        0xe 
 .text          0x00000000001021a0      0x25d idtAsm.o
                0x000000000010221c                IDT_handler0
                0x0000000000102226                IDT_handler1
                0x0000000000102230                IDT_handler2
                0x000000000010223a                IDT_handler3
                0x0000000000102244                IDT_handler4
                0x000000000010224e                IDT_handler5
                0x0000000000102258                IDT_handler6
                0x0000000000102262                IDT_handler7
                0x000000000010226c                IDT_handler8
                0x0000000000102274                IDT_handler9
                0x000000000010227e                IDT_handler10
                0x0000000000102286                IDT_handler11
                0x000000000010228e                IDT_handler12
                0x0000000000102296                IDT_handler13
                0x000000000010229e                IDT_handler14
                0x00000000001022a6                IDT_handler15
                0x00000000001022b0                IDT_handler16
                0x00000000001022ba                IDT_handler17
                0x00000000001022c4                IDT_handler18
                0x00000000001022ce                IDT_handler19
                0x00000000001022d8                IDT_handler20
                0x00000000001022e2                IDT_handler21
                0x00000000001022ec                IDT_handler22
                0x00000000001022f6                IDT_handler23
                0x0000000000102300                IDT_handler24
                0x000000000010230a                IDT_handler25
                0x0000000000102314                IDT_handler26
                0x000000000010231e                IDT_handler27
                0x0000000000102328                IDT_handler28
                0x0000000000102332                IDT_handler29
                0x000000000010233c                IDT_handler30
                0x0000000000102346                IDT_handler31
                0x0000000000102350                IDT_handler128
                0x000000000010235d                IDT_request0
                0x0000000000102367                IDT_request1
                0x0000000000102371                IDT_request2
                0x000000000010237b                IDT_request3
                0x0000000000102385                IDT_request4
                0x000000000010238f                IDT_request5
                0x0000000000102399                IDT_request6
                0x00000000001023a3                IDT_request7
                0x00000000001023ad                IDT_request8
                0x00000000001023b7                IDT_request9
                0x00000000001023c1                IDT_request10
                0x00000000001023cb                IDT_request11
                0x00000000001023d5                IDT_request12
                0x00000000001023df                IDT_request13
                0x00000000001023e9                IDT_request14
                0x00000000001023f3                IDT_request15
 *fill*         0x00000000001023fd        0x3 
 .text          0x0000000000102400      0x18f pit.o
                0x00000000001024e7                PIT8253_measureRuntime
                0x000000000010250a                PIT8253_sleep
                0x000000000010254a                PIT8253_getModule
 *fill*         0x000000000010258f        0x1 
 .text          0x0000000000102590       0xa9 cpu.o
                0x0000000000102590                CPU_getCR
                0x00000000001025f1                CPU_setCR
 *fill*         0x0000000000102639        0x3 
 .text          0x000000000010263c      0x2e9 bitmap.o
                0x000000000010263c                Bitmap_setBit
                0x00000000001026f0                Bitmap_clearBit
                0x00000000001027a6                Bitmap_isSet
                0x0000000000102855                Bitmap_toggle
                0x000000000010290f                Bitmap_init
 *fill*         0x0000000000102925        0x3 
 .text          0x0000000000102928      0x185 stack.o
                0x0000000000102928                Stack_push
                0x00000000001029cf                Stack_pop
                0x0000000000102a71                Stack_peek
                0x0000000000102a8d                Stack_init
 *fill*         0x0000000000102aad        0x3 
 .text          0x0000000000102ab0      0x129 math.o
                0x0000000000102ab0                Math_abs
                0x0000000000102aeb                Math_sqrt
                0x0000000000102b26                Math_sin
                0x0000000000102b61                Math_cos
                0x0000000000102b9c                Math_tan
 *fill*         0x0000000000102bd9        0x3 
 .text          0x0000000000102bdc       0x7e pmm.o
                0x0000000000102c19                PhysicalMemory_getModule
 *fill*         0x0000000000102c5a        0x2 
 .text          0x0000000000102c5c      0x309 smm.o
                0x0000000000102c5c                StackPMM_allocateFrame
                0x0000000000102c86                StackPMM_freeFrame
                0x0000000000102d17                StackPMM_init
                0x0000000000102f2c                StackPMM_getInfo
 *fill*         0x0000000000102f65        0x3 
 .text          0x0000000000102f68      0x4e7 bmm.o
                0x00000000001030c3                BitmapPMM_allocateFrame
                0x0000000000103141                BitmapPMM_freeFrame
                0x00000000001031da                BitmapPMM_getInfo
                0x000000000010321f                BitmapPMM_init
 *fill*         0x000000000010344f        0x1 
 .text          0x0000000000103450     0x123b vmm.o
                0x00000000001039f4                VirtualMemory_getKernelDir
                0x00000000001039fe                VirtualMemory_switchPageDir
                0x0000000000103abe                VirtualMemory_mapKernel
                0x0000000000103cfb                VirtualMemory_createPageDirectory
                0x0000000000103e7f                VirtualMemory_destroyPageDirectory
                0x0000000000104102                VirtualMemory_mapPage
                0x00000000001042af                VirtualMemory_unmapPage
                0x0000000000104474                VirtualMemory_getPhysicalAddress
                0x000000000010463c                VirtualMemory_getModule
 *fill*         0x000000000010468b        0x1 
 .text          0x000000000010468c      0x4c7 heap.o
                0x0000000000104760                HeapMemory_expand
                0x0000000000104b0e                HeapMemory_getModule
 *fill*         0x0000000000104b53        0x1 
 .text          0x0000000000104b54     0x5f15 dl.o
                0x0000000000108337                DougLea_malloc
                0x000000000010886c                DougLea_free
                0x0000000000109681                DougLea_calloc
                0x000000000010a5ab                DougLea_realloc
                0x000000000010a6b7                DougLea_realloc_in_place
                0x000000000010a73c                DougLea_memalign
                0x000000000010a771                DougLea_posix_memalign
                0x000000000010a817                DougLea_valloc
                0x000000000010a849                DougLea_pvalloc
                0x000000000010a88a                DougLea_independent_calloc
                0x000000000010a8c1                DougLea_independent_comalloc
                0x000000000010a8f2                DougLea_bulk_free
                0x000000000010a914                DougLea_malloc_trim
                0x000000000010a94c                DougLea_malloc_footprint
                0x000000000010a956                DougLea_malloc_max_footprint
                0x000000000010a960                DougLea_malloc_footprint_limit
                0x000000000010a980                DougLea_malloc_set_footprint_limit
                0x000000000010a9d6                DougLea_mallinfo
                0x000000000010a9f9                DougLea_mallopt
                0x000000000010aa13                DougLea_malloc_usable_size
 *fill*         0x000000000010aa69        0x3 
 .text          0x000000000010aa6c      0x49a arrlist.o
                0x000000000010aa6c                ArrayList_get
                0x000000000010aaf2                ArrayList_add
                0x000000000010abd3                ArrayList_getIndex
                0x000000000010ac10                ArrayList_exists
                0x000000000010ac35                ArrayList_getSize
                0x000000000010ac40                ArrayList_remove
                0x000000000010ac6f                ArrayList_removeAt
                0x000000000010ad3e                ArrayList_isEmpty
                0x000000000010ad5d                ArrayList_destroy
                0x000000000010ad81                ArrayList_new
 *fill*         0x000000000010af06        0x2 
 .text          0x000000000010af08      0x1a8 dumbH.o
                0x000000000010af08                DumbHeapManager_malloc
                0x000000000010af62                DumbHeapManager_realloc
                0x000000000010afd3                DumbHeapManager_calloc
                0x000000000010b044                DumbHeapManager_free
 .text          0x000000000010b0b0      0x4ef linkl.o
                0x000000000010b28c                LinkedList_add
                0x000000000010b3d6                LinkedList_remove
                0x000000000010b46f                LinkedList_removeFromFront
                0x000000000010b48b                LinkedList_push
                0x000000000010b4a5                LinkedList_pop
                0x000000000010b4c2                LinkedList_peek
                0x000000000010b540                LinkedList_new
                0x000000000010b55e                LinkedList_destroy
 *fill*         0x000000000010b59f        0x1 
 .text          0x000000000010b5a0      0x2d4 string.o
                0x000000000010b5a0                String_startsWith
                0x000000000010b5ea                String_endsWith
                0x000000000010b654                String_charAt
                0x000000000010b663                String_length
                0x000000000010b68b                String_charToInt
                0x000000000010b6a0                String_stringToInt
                0x000000000010b71c                String_numberToString
                0x000000000010b7b9                String_copy
                0x000000000010b7ef                String_compare
                0x000000000010b835                String_countChar
 .text          0x000000000010b874       0x72 sched.o
                0x000000000010b8a1                Scheduler_getModule
 *fill*         0x000000000010b8e6        0x2 
 .text          0x000000000010b8e8      0x209 rr.o
                0x000000000010b8e8                RoundRobin_addProcess
                0x000000000010b990                RoundRobin_removeProcess
                0x000000000010ba42                RoundRobin_getNextProcess
                0x000000000010bae7                RoundRobin_getCurrentProcess
 *fill*         0x000000000010baf1        0x3 
 .text          0x000000000010baf4      0xa88 pm.o
                0x000000000010be89                ProcessManager_switch
                0x000000000010c03a                ProcessManager_newProcess
                0x000000000010c312                ProcessManager_killProcess
                0x000000000010c537                ProcessManager_getModule
 .text          0x000000000010c57c      0x58d kbd.o
                0x000000000010c77f                Keyboard_setLeds
                0x000000000010c81b                Keyboard_init
 *fill*         0x000000000010cb09        0x3 
 .text          0x000000000010cb0c      0x2d9 mouse.o
                0x000000000010cbdd                Mouse_init
 *fill*         0x000000000010cde5        0x3 
 .text          0x000000000010cde8      0x69e ps2.o
                0x000000000010d3f2                PS2Controller_send
                0x000000000010d421                PS2Controller_receive
                0x000000000010d441                PS2Controller_getModule
 *fill*         0x000000000010d486        0x2 
 .text          0x000000000010d488      0xe37 ramdisk.o
                0x000000000010e1b8                RamDisk_init
 *fill*         0x000000000010e2bf        0x1 
 .text          0x000000000010e2c0      0x299 tar.o
                0x000000000010e39f                Tar_nextHeader
                0x000000000010e470                Tar_getHeader
                0x000000000010e4b7                Tar_getNumberOfFiles
 *fill*         0x000000000010e559        0x3 
 .text          0x000000000010e55c      0x373 vfs.o
                0x000000000010e652                VFS_openFile
                0x000000000010e779                VFS_closeFile
                0x000000000010e88a                VFS_getModule
 *fill*         0x000000000010e8cf        0x1 
 .text          0x000000000010e8d0      0x1d7 user.o
                0x000000000010e9ed                Usermode_getModule
                0x000000000010f000                . = ALIGN (0x1000)
 *fill*         0x000000000010eaa7      0x559 

.eh_frame       0x000000000010f000     0x1e88
 .eh_frame      0x000000000010f000       0x94 kernel.o
 .eh_frame      0x000000000010f094       0x40 vga.o
                                         0x58 (size before relaxing)
 .eh_frame      0x000000000010f0d4      0x1e0 console.o
                                        0x1f8 (size before relaxing)
 .eh_frame      0x000000000010f2b4       0xa0 sys.o
                                         0xb8 (size before relaxing)
 .eh_frame      0x000000000010f354       0x60 module.o
                                         0x78 (size before relaxing)
 .eh_frame      0x000000000010f3b4       0xc0 gdt.o
                                         0xd8 (size before relaxing)
 .eh_frame      0x000000000010f474       0xcc pic.o
                                         0xe4 (size before relaxing)
 .eh_frame      0x000000000010f540      0x108 idt.o
                                        0x120 (size before relaxing)
 .eh_frame      0x000000000010f648       0xe0 pit.o
                                         0xf8 (size before relaxing)
 .eh_frame      0x000000000010f728       0x44 cpu.o
                                         0x5c (size before relaxing)
 .eh_frame      0x000000000010f76c       0xb8 bitmap.o
                                         0xd0 (size before relaxing)
 .eh_frame      0x000000000010f824       0x80 stack.o
                                         0x98 (size before relaxing)
 .eh_frame      0x000000000010f8a4       0xa0 math.o
                                         0xb8 (size before relaxing)
 .eh_frame      0x000000000010f944       0x40 pmm.o
                                         0x58 (size before relaxing)
 .eh_frame      0x000000000010f984       0x80 smm.o
                                         0x98 (size before relaxing)
 .eh_frame      0x000000000010fa04       0xe0 bmm.o
                                         0xf8 (size before relaxing)
 .eh_frame      0x000000000010fae4      0x248 vmm.o
                                        0x260 (size before relaxing)
 .eh_frame      0x000000000010fd2c       0x80 heap.o
                                         0x98 (size before relaxing)
 .eh_frame      0x000000000010fdac      0x5dc dl.o
                                        0x5f4 (size before relaxing)
 .eh_frame      0x0000000000110388      0x140 arrlist.o
                                        0x158 (size before relaxing)
 .eh_frame      0x00000000001104c8       0x80 dumbH.o
                                         0x98 (size before relaxing)
 .eh_frame      0x0000000000110548      0x140 linkl.o
                                        0x158 (size before relaxing)
 .eh_frame      0x0000000000110688      0x140 string.o
                                        0x158 (size before relaxing)
 .eh_frame      0x00000000001107c8       0x40 sched.o
                                         0x58 (size before relaxing)
 .eh_frame      0x0000000000110808       0x80 rr.o
                                         0x98 (size before relaxing)
 .eh_frame      0x0000000000110888      0x158 pm.o
                                        0x170 (size before relaxing)
 .eh_frame      0x00000000001109e0       0x80 kbd.o
                                         0x98 (size before relaxing)
 .eh_frame      0x0000000000110a60       0x60 mouse.o
                                         0x78 (size before relaxing)
 .eh_frame      0x0000000000110ac0      0x144 ps2.o
                                        0x15c (size before relaxing)
 .eh_frame      0x0000000000110c04       0xf8 ramdisk.o
                                        0x110 (size before relaxing)
 .eh_frame      0x0000000000110cfc       0x80 tar.o
                                         0x98 (size before relaxing)
 .eh_frame      0x0000000000110d7c       0xa0 vfs.o
                                         0xb8 (size before relaxing)
 .eh_frame      0x0000000000110e1c       0x6c user.o
                                         0x84 (size before relaxing)

.iplt           0x0000000000110e90        0x0
 .iplt          0x0000000000000000        0x0 start.o

.rel.dyn        0x0000000000110e88        0x0
 .rel.iplt      0x0000000000000000        0x0 start.o
 .rel.text      0x0000000000000000        0x0 start.o

.data           0x0000000000110ea0     0x1160
                0x0000000000110ea0                data = .
                0x0000000000110ea0                _data = .
                0x0000000000110ea0                __data = .
 *(.data)
 .data          0x0000000000110ea0        0x0 kernel.o
 .data          0x0000000000110ea0        0x0 vga.o
 .data          0x0000000000110ea0        0x0 console.o
 .data          0x0000000000110ea0        0x0 sys.o
 .data          0x0000000000110ea0        0x0 module.o
 .data          0x0000000000110ea0        0x0 gdt.o
 .data          0x0000000000110ea0        0x0 pic.o
 .data          0x0000000000110ea0        0x0 idt.o
 .data          0x0000000000110ea0        0x0 pit.o
 .data          0x0000000000110ea0        0x0 cpu.o
 .data          0x0000000000110ea0        0x0 bitmap.o
 .data          0x0000000000110ea0        0x0 stack.o
 .data          0x0000000000110ea0        0x0 math.o
 .data          0x0000000000110ea0        0x0 pmm.o
 .data          0x0000000000110ea0        0x0 smm.o
 .data          0x0000000000110ea0        0x0 bmm.o
 .data          0x0000000000110ea0        0x0 vmm.o
 .data          0x0000000000110ea0        0x0 heap.o
 .data          0x0000000000110ea0        0x0 dl.o
 .data          0x0000000000110ea0        0x0 arrlist.o
 .data          0x0000000000110ea0        0x4 dumbH.o
 .data          0x0000000000110ea4        0x0 linkl.o
 .data          0x0000000000110ea4        0x0 string.o
 .data          0x0000000000110ea4        0x0 sched.o
 .data          0x0000000000110ea4        0x0 rr.o
 .data          0x0000000000110ea4        0x0 pm.o
 .data          0x0000000000110ea4        0x0 kbd.o
 .data          0x0000000000110ea4        0x0 mouse.o
 .data          0x0000000000110ea4        0x0 ps2.o
 .data          0x0000000000110ea4        0x0 ramdisk.o
 .data          0x0000000000110ea4        0x0 tar.o
 .data          0x0000000000110ea4        0x0 vfs.o
 .data          0x0000000000110ea4        0xc user.o
 *(.rodata)
 .rodata        0x0000000000110eb0       0x63 kernel.o
 .rodata        0x0000000000110f13       0x12 vga.o
 .rodata        0x0000000000110f25       0x6d console.o
 .rodata        0x0000000000110f92        0xe sys.o
 .rodata        0x0000000000110fa0       0x3d module.o
 .rodata        0x0000000000110fdd       0x18 gdt.o
 .rodata        0x0000000000110ff5        0xa pic.o
 *fill*         0x0000000000110fff        0x1 
 .rodata        0x0000000000111000       0x9f idt.o
 .rodata        0x000000000011109f        0x9 pit.o
 .rodata        0x00000000001110a8       0x28 cpu.o
 .rodata        0x00000000001110d0       0x41 bitmap.o
 .rodata        0x0000000000111111       0x40 stack.o
 .rodata        0x0000000000111151       0x18 pmm.o
 .rodata        0x0000000000111169       0x46 smm.o
 .rodata        0x00000000001111af       0x5f bmm.o
 *fill*         0x000000000011120e        0x2 
 .rodata        0x0000000000111210       0xcc vmm.o
 .rodata        0x00000000001112dc       0x8f heap.o
 .rodata        0x000000000011136b       0x41 dl.o
 .rodata        0x00000000001113ac       0x44 arrlist.o
 .rodata        0x00000000001113f0       0x50 dumbH.o
 .rodata        0x0000000000111440       0x45 linkl.o
 .rodata        0x0000000000111485       0x11 string.o
 .rodata        0x0000000000111496       0x12 sched.o
 .rodata        0x00000000001114a8       0x4c rr.o
 .rodata        0x00000000001114f4       0x88 pm.o
 *fill*         0x000000000011157c        0x4 
 .rodata        0x0000000000111580      0x2eb kbd.o
 *fill*         0x000000000011186b        0x1 
 .rodata        0x000000000011186c       0xc4 mouse.o
 .rodata        0x0000000000111930      0x13e ps2.o
 *fill*         0x0000000000111a6e        0x2 
 .rodata        0x0000000000111a70       0xec ramdisk.o
 .rodata        0x0000000000111b5c       0x45 tar.o
 .rodata        0x0000000000111ba1       0x71 vfs.o
 .rodata        0x0000000000111c12       0x4c user.o
                0x0000000000112000                . = ALIGN (0x1000)
 *fill*         0x0000000000111c5e      0x3a2 

.igot.plt       0x0000000000112000        0x0
 .igot.plt      0x0000000000000000        0x0 start.o

.bss            0x0000000000112000    0x1203c
                0x0000000000112000                bss = .
                0x0000000000112000                _bss = .
                0x0000000000112000                __bss = .
 *(.bss)
 .bss           0x0000000000112000     0xff00 start.o
 .bss           0x0000000000121f00        0x0 kernel.o
 .bss           0x0000000000121f00       0x34 vga.o
 *fill*         0x0000000000121f34        0xc 
 .bss           0x0000000000121f40       0x37 console.o
 *fill*         0x0000000000121f77        0x1 
 .bss           0x0000000000121f78        0x0 sys.o
 *fill*         0x0000000000121f78        0x8 
 .bss           0x0000000000121f80       0x84 module.o
 *fill*         0x0000000000122004       0x1c 
 .bss           0x0000000000122020       0xec gdt.o
 *fill*         0x000000000012210c       0x14 
 .bss           0x0000000000122120       0x34 pic.o
 *fill*         0x0000000000122154        0xc 
 .bss           0x0000000000122160      0xc60 idt.o
 .bss           0x0000000000122dc0       0x38 pit.o
 .bss           0x0000000000122df8        0x0 cpu.o
 .bss           0x0000000000122df8        0x0 bitmap.o
 .bss           0x0000000000122df8        0x0 stack.o
 .bss           0x0000000000122df8        0x0 math.o
 *fill*         0x0000000000122df8        0x8 
 .bss           0x0000000000122e00       0x3c pmm.o
 .bss           0x0000000000122e3c       0x14 smm.o
 .bss           0x0000000000122e50       0x18 bmm.o
 *fill*         0x0000000000122e68       0x18 
 .bss           0x0000000000122e80       0x38 vmm.o
 *fill*         0x0000000000122eb8        0x8 
 .bss           0x0000000000122ec0       0x38 heap.o
 *fill*         0x0000000000122ef8        0x8 
 .bss           0x0000000000122f00      0x1f8 dl.o
 .bss           0x00000000001230f8        0x0 arrlist.o
 .bss           0x00000000001230f8        0x4 dumbH.o
 .bss           0x00000000001230fc        0x0 linkl.o
 *fill*         0x00000000001230fc        0x4 
 .bss           0x0000000000123100       0x20 string.o
 .bss           0x0000000000123120       0x34 sched.o
 .bss           0x0000000000123154        0x8 rr.o
 *fill*         0x000000000012315c        0x4 
 .bss           0x0000000000123160       0x38 pm.o
 .bss           0x0000000000123198        0x4 kbd.o
 .bss           0x000000000012319c        0x4 mouse.o
 .bss           0x00000000001231a0       0x54 ps2.o
 *fill*         0x00000000001231f4        0xc 
 .bss           0x0000000000123200       0xe8 ramdisk.o
 .bss           0x00000000001232e8        0x0 tar.o
 *fill*         0x00000000001232e8       0x18 
 .bss           0x0000000000123300       0x38 vfs.o
 *fill*         0x0000000000123338        0x8 
 .bss           0x0000000000123340       0x38 user.o
                0x0000000000124000                . = ALIGN (0x1000)
 *fill*         0x0000000000123378      0xc88 
 COMMON         0x0000000000124000        0x4 kernel.o
                0x0000000000124000                multibootInfo
 COMMON         0x0000000000124004        0x6 vga.o
                0x0000000000124004                vgaRam
                0x0000000000124008                vgaHeight
                0x0000000000124009                vgaWidth
 *fill*         0x000000000012400a        0x2 
 COMMON         0x000000000012400c        0xc pmm.o
                0x000000000012400c                PhysicalMemory_getInfo
                0x0000000000124010                PhysicalMemory_allocateFrame
                0x0000000000124014                PhysicalMemory_freeFrame
 COMMON         0x0000000000124018       0x14 heap.o
                0x0000000000124018                HeapMemory_realloc
                0x000000000012401c                errno
                0x0000000000124020                HeapMemory_free
                0x0000000000124024                HeapMemory_calloc
                0x0000000000124028                HeapMemory_alloc
 COMMON         0x000000000012402c       0x10 sched.o
                0x000000000012402c                Scheduler_removeProcess
                0x0000000000124030                Scheduler_addProcess
                0x0000000000124034                Scheduler_getNextProcess
                0x0000000000124038                Scheduler_getCurrentProcess
                0x000000000012403c                end = .
                0x000000000012403c                _end = .
                0x000000000012403c                __end = .
LOAD start.o
LOAD kernel.o
LOAD vga.o
LOAD console.o
LOAD sys.o
LOAD module.o
LOAD gdt.o
LOAD pic.o
LOAD idt.o
LOAD idtAsm.o
LOAD pit.o
LOAD cpu.o
LOAD bitmap.o
LOAD stack.o
LOAD math.o
LOAD pmm.o
LOAD smm.o
LOAD bmm.o
LOAD vmm.o
LOAD heap.o
LOAD dl.o
LOAD arrlist.o
LOAD dumbH.o
LOAD linkl.o
LOAD string.o
LOAD sched.o
LOAD rr.o
LOAD pm.o
LOAD kbd.o
LOAD mouse.o
LOAD ps2.o
LOAD ramdisk.o
LOAD tar.o
LOAD vfs.o
LOAD user.o
OUTPUT(bootloader/kernel elf32-i386)

.comment        0x0000000000000000       0x11
 .comment       0x0000000000000000       0x11 kernel.o
                                         0x12 (size before relaxing)
 .comment       0x0000000000000000       0x12 vga.o
 .comment       0x0000000000000000       0x12 console.o
 .comment       0x0000000000000000       0x12 sys.o
 .comment       0x0000000000000000       0x12 module.o
 .comment       0x0000000000000000       0x12 gdt.o
 .comment       0x0000000000000000       0x12 pic.o
 .comment       0x0000000000000000       0x12 idt.o
 .comment       0x0000000000000000       0x12 pit.o
 .comment       0x0000000000000000       0x12 cpu.o
 .comment       0x0000000000000000       0x12 bitmap.o
 .comment       0x0000000000000000       0x12 stack.o
 .comment       0x0000000000000000       0x12 math.o
 .comment       0x0000000000000000       0x12 pmm.o
 .comment       0x0000000000000000       0x12 smm.o
 .comment       0x0000000000000000       0x12 bmm.o
 .comment       0x0000000000000000       0x12 vmm.o
 .comment       0x0000000000000000       0x12 heap.o
 .comment       0x0000000000000000       0x12 dl.o
 .comment       0x0000000000000000       0x12 arrlist.o
 .comment       0x0000000000000000       0x12 dumbH.o
 .comment       0x0000000000000000       0x12 linkl.o
 .comment       0x0000000000000000       0x12 string.o
 .comment       0x0000000000000000       0x12 sched.o
 .comment       0x0000000000000000       0x12 rr.o
 .comment       0x0000000000000000       0x12 pm.o
 .comment       0x0000000000000000       0x12 kbd.o
 .comment       0x0000000000000000       0x12 mouse.o
 .comment       0x0000000000000000       0x12 ps2.o
 .comment       0x0000000000000000       0x12 ramdisk.o
 .comment       0x0000000000000000       0x12 tar.o
 .comment       0x0000000000000000       0x12 vfs.o
 .comment       0x0000000000000000       0x12 user.o
