
Allocating common symbols
Common symbol       size              file

Scheduler_removeProcess
                    0x4               sched.o
HeapMemory_realloc  0x4               heap.o
Scheduler_addProcess
                    0x4               sched.o
Scheduler_getNextProcess
                    0x4               sched.o
errno               0x4               heap.o
HeapMemory_free     0x4               heap.o
multibootInfo       0x4               kernel.o
PhysicalMemory_getInfo
                    0x4               pmm.o
HeapMemory_calloc   0x4               heap.o
vgaRam              0x4               vga.o
vgaHeight           0x1               vga.o
vgaWidth            0x1               vga.o
PhysicalMemory_allocateFrame
                    0x4               pmm.o
HeapMemory_alloc    0x4               heap.o
kernelProcess       0x4               pm.o
PhysicalMemory_freeFrame
                    0x4               pmm.o
Scheduler_getCurrentProcess
                    0x4               sched.o

Memory Configuration

Name             Origin             Length             Attributes
*default*        0x0000000000000000 0xffffffffffffffff

Linker script and memory map


.text           0x0000000000100000    0x11000
                0x0000000000100000                text = .
                0x0000000000100000                _text = .
                0x0000000000100000                __text = .
 *(.text)
 .text          0x0000000000100000       0x2c start.o
                0x0000000000100000                mbHead
                0x0000000000100020                Start
 .text          0x000000000010002c      0x210 kernel.o
                0x0000000000100038                Kernel_idle
                0x0000000000100042                Kernel
 .text          0x000000000010023c       0x45 vga.o
                0x0000000000100259                VGA_getModule
 *fill*         0x0000000000100281        0x3 
 .text          0x0000000000100284      0x6d1 console.o
                0x000000000010067b                Console_printf
                0x000000000010072e                Console_printChar
                0x0000000000100870                Console_printString
                0x0000000000100898                Console_clearScreen
                0x0000000000100903                Console_setColor
                0x0000000000100919                Console_getModule
 *fill*         0x0000000000100955        0x3 
 .text          0x0000000000100958       0xb7 sys.o
                0x000000000010099e                Sys_restart
                0x00000000001009ba                Sys_powerOff
                0x00000000001009d6                Sys_panic
 *fill*         0x0000000000100a0f        0x1 
 .text          0x0000000000100a10      0x2ac module.o
                0x0000000000100a10                Module_load
                0x0000000000100c76                Module_getLoadedModuleNames
                0x0000000000100cb2                Module_getNumberOfLoadedModules
 .text          0x0000000000100cbc      0x4b2 gdt.o
                0x0000000000101118                GDT_setTSS
                0x000000000010113d                GDT_getModule
 *fill*         0x000000000010116e        0x2 
 .text          0x0000000000101170      0x2bb pic.o
                0x0000000000101313                PIC8259_setMask
                0x00000000001013be                PIC8259_sendEOI
                0x00000000001013fa                PIC8259_getModule
 *fill*         0x000000000010142b        0x1 
 .text          0x000000000010142c      0xd83 idt.o
                0x0000000000101ffc                IDT_registerHandler
                0x0000000000102083                IDT_interruptHandler
                0x0000000000102160                IDT_getModule
 *fill*         0x00000000001021af        0x1 
 .text          0x00000000001021b0      0x206 idtAsm.o
                0x00000000001021f0                IDT_handler0
                0x00000000001021f7                IDT_handler1
                0x00000000001021fe                IDT_handler2
                0x0000000000102205                IDT_handler3
                0x000000000010220c                IDT_handler4
                0x0000000000102213                IDT_handler5
                0x000000000010221a                IDT_handler6
                0x0000000000102221                IDT_handler7
                0x0000000000102228                IDT_handler8
                0x000000000010222d                IDT_handler9
                0x0000000000102237                IDT_handler10
                0x000000000010223f                IDT_handler11
                0x0000000000102247                IDT_handler12
                0x000000000010224f                IDT_handler13
                0x0000000000102257                IDT_handler14
                0x000000000010225f                IDT_handler15
                0x0000000000102269                IDT_handler16
                0x0000000000102273                IDT_handler17
                0x000000000010227d                IDT_handler18
                0x0000000000102287                IDT_handler19
                0x0000000000102291                IDT_handler20
                0x000000000010229b                IDT_handler21
                0x00000000001022a5                IDT_handler22
                0x00000000001022af                IDT_handler23
                0x00000000001022b9                IDT_handler24
                0x00000000001022c3                IDT_handler25
                0x00000000001022cd                IDT_handler26
                0x00000000001022d7                IDT_handler27
                0x00000000001022e1                IDT_handler28
                0x00000000001022eb                IDT_handler29
                0x00000000001022f5                IDT_handler30
                0x00000000001022ff                IDT_handler31
                0x0000000000102309                IDT_handler128
                0x0000000000102316                IDT_request0
                0x0000000000102320                IDT_request1
                0x000000000010232a                IDT_request2
                0x0000000000102334                IDT_request3
                0x000000000010233e                IDT_request4
                0x0000000000102348                IDT_request5
                0x0000000000102352                IDT_request6
                0x000000000010235c                IDT_request7
                0x0000000000102366                IDT_request8
                0x0000000000102370                IDT_request9
                0x000000000010237a                IDT_request10
                0x0000000000102384                IDT_request11
                0x000000000010238e                IDT_request12
                0x0000000000102398                IDT_request13
                0x00000000001023a2                IDT_request14
                0x00000000001023ac                IDT_request15
 *fill*         0x00000000001023b6        0x2 
 .text          0x00000000001023b8      0x1f8 pit.o
                0x0000000000102508                PIT8253_measureRuntime
                0x000000000010252b                PIT8253_sleep
                0x000000000010256b                PIT8253_getModule
 .text          0x00000000001025b0       0xa9 cpu.o
                0x00000000001025b0                CPU_getCR
                0x0000000000102611                CPU_setCR
 *fill*         0x0000000000102659        0x3 
 .text          0x000000000010265c      0x2e9 bitmap.o
                0x000000000010265c                Bitmap_setBit
                0x0000000000102710                Bitmap_clearBit
                0x00000000001027c6                Bitmap_isSet
                0x0000000000102875                Bitmap_toggle
                0x000000000010292f                Bitmap_init
 *fill*         0x0000000000102945        0x3 
 .text          0x0000000000102948      0x185 stack.o
                0x0000000000102948                Stack_push
                0x00000000001029ef                Stack_pop
                0x0000000000102a91                Stack_peek
                0x0000000000102aad                Stack_init
 *fill*         0x0000000000102acd        0x3 
 .text          0x0000000000102ad0      0x129 math.o
                0x0000000000102ad0                Math_abs
                0x0000000000102b0b                Math_sqrt
                0x0000000000102b46                Math_sin
                0x0000000000102b81                Math_cos
                0x0000000000102bbc                Math_tan
 *fill*         0x0000000000102bf9        0x3 
 .text          0x0000000000102bfc       0xc5 pmm.o
                0x0000000000102c90                PhysicalMemory_getModule
 *fill*         0x0000000000102cc1        0x3 
 .text          0x0000000000102cc4      0x22d smm.o
                0x0000000000102cc4                StackPMM_allocateFrame
                0x0000000000102cee                StackPMM_freeFrame
                0x0000000000102d7f                StackPMM_init
                0x0000000000102ec6                StackPMM_getInfo
 *fill*         0x0000000000102ef1        0x3 
 .text          0x0000000000102ef4      0x405 bmm.o
                0x000000000010304f                BitmapPMM_allocateFrame
                0x00000000001030cd                BitmapPMM_freeFrame
                0x0000000000103166                BitmapPMM_getInfo
                0x0000000000103198                BitmapPMM_init
 *fill*         0x00000000001032f9        0x3 
 .text          0x00000000001032fc     0x1804 vmm.o
                0x000000000010394d                VirtualMemory_quickMap
                0x0000000000103b0a                VirtualMemory_quickUnmap
                0x0000000000103ccf                VirtualMemory_getKernelDir
                0x0000000000103cd9                VirtualMemory_switchPageDir
                0x0000000000103d99                VirtualMemory_mapKernel
                0x0000000000103fe1                VirtualMemory_createPageDirectory
                0x0000000000104165                VirtualMemory_destroyPageDirectory
                0x00000000001043ee                VirtualMemory_mapPage
                0x0000000000104674                VirtualMemory_unmapPage
                0x00000000001048e9                VirtualMemory_getPhysicalAddress
                0x0000000000104ab1                VirtualMemory_getModule
 .text          0x0000000000104b00      0x9c0 heap.o
                0x0000000000104c40                HeapMemory_expand
                0x0000000000105089                HeapMemory_expandUser
                0x000000000010547b                HeapMemory_getModule
 .text          0x00000000001054c0     0x5f15 dl.o
                0x0000000000108ca3                DougLea_malloc
                0x00000000001091d8                DougLea_free
                0x0000000000109fed                DougLea_calloc
                0x000000000010af17                DougLea_realloc
                0x000000000010b023                DougLea_realloc_in_place
                0x000000000010b0a8                DougLea_memalign
                0x000000000010b0dd                DougLea_posix_memalign
                0x000000000010b183                DougLea_valloc
                0x000000000010b1b5                DougLea_pvalloc
                0x000000000010b1f6                DougLea_independent_calloc
                0x000000000010b22d                DougLea_independent_comalloc
                0x000000000010b25e                DougLea_bulk_free
                0x000000000010b280                DougLea_malloc_trim
                0x000000000010b2b8                DougLea_malloc_footprint
                0x000000000010b2c2                DougLea_malloc_max_footprint
                0x000000000010b2cc                DougLea_malloc_footprint_limit
                0x000000000010b2ec                DougLea_malloc_set_footprint_limit
                0x000000000010b342                DougLea_mallinfo
                0x000000000010b365                DougLea_mallopt
                0x000000000010b37f                DougLea_malloc_usable_size
 *fill*         0x000000000010b3d5        0x3 
 .text          0x000000000010b3d8      0x49a arrlist.o
                0x000000000010b3d8                ArrayList_get
                0x000000000010b45e                ArrayList_add
                0x000000000010b53f                ArrayList_getIndex
                0x000000000010b57c                ArrayList_exists
                0x000000000010b5a1                ArrayList_getSize
                0x000000000010b5ac                ArrayList_remove
                0x000000000010b5db                ArrayList_removeAt
                0x000000000010b6aa                ArrayList_isEmpty
                0x000000000010b6c9                ArrayList_destroy
                0x000000000010b6ed                ArrayList_new
 *fill*         0x000000000010b872        0x2 
 .text          0x000000000010b874      0x1a8 dumbH.o
                0x000000000010b874                DumbHeapManager_malloc
                0x000000000010b8ce                DumbHeapManager_realloc
                0x000000000010b93f                DumbHeapManager_calloc
                0x000000000010b9b0                DumbHeapManager_free
 .text          0x000000000010ba1c      0x446 linkl.o
                0x000000000010bbf8                LinkedList_add
                0x000000000010bd42                LinkedList_remove
                0x000000000010bddb                LinkedList_removeFromFront
                0x000000000010bdf7                LinkedList_getFront
                0x000000000010be03                LinkedList_new
                0x000000000010be21                LinkedList_destroy
 *fill*         0x000000000010be62        0x2 
 .text          0x000000000010be64      0x2d4 string.o
                0x000000000010be64                String_startsWith
                0x000000000010beae                String_endsWith
                0x000000000010bf18                String_charAt
                0x000000000010bf27                String_length
                0x000000000010bf4f                String_charToInt
                0x000000000010bf64                String_stringToInt
                0x000000000010bfe0                String_numberToString
                0x000000000010c07d                String_copy
                0x000000000010c0b3                String_compare
                0x000000000010c0f9                String_countChar
 .text          0x000000000010c138      0x369 fifo.o
                0x000000000010c138                CircularFIFOBuffer_new
                0x000000000010c286                CircularFIFOBuffer_destroy
                0x000000000010c2aa                CircularFIFOBuffer_read
                0x000000000010c371                CircularFIFOBuffer_write
 *fill*         0x000000000010c4a1        0x3 
 .text          0x000000000010c4a4       0xa1 sched.o
                0x000000000010c4a4                Scheduler_init
                0x000000000010c53b                Scheduler_isPreemptive
 *fill*         0x000000000010c545        0x3 
 .text          0x000000000010c548      0x1f3 rr.o
                0x000000000010c548                RoundRobin_addProcess
                0x000000000010c5f7                RoundRobin_removeProcess
                0x000000000010c6fa                RoundRobin_getNextProcess
                0x000000000010c731                RoundRobin_getCurrentProcess
 *fill*         0x000000000010c73b        0x1 
 .text          0x000000000010c73c      0x1d4 fcfs.o
                0x000000000010c73c                FCFS_addProcess
                0x000000000010c7e4                FCFS_removeProcess
                0x000000000010c8e7                FCFS_getNextProcess
                0x000000000010c906                FCFS_getCurrentProcess
 .text          0x000000000010c910     0x1040 pm.o
                0x000000000010d134                ProcessManager_switch
                0x000000000010d441                ProcessManager_killProcess
                0x000000000010d5d1                ProcessManager_spawnProcess
                0x000000000010d830                ProcessManager_blockCurrentProcess
                0x000000000010d848                ProcessManager_waitPID
                0x000000000010d90b                ProcessManager_getModule
 .text          0x000000000010d950      0x608 kbd.o
                0x000000000010db19                Keyboard_getChar
                0x000000000010db5d                Keyboard_setLeds
                0x000000000010dbf9                Keyboard_init
 .text          0x000000000010df58      0x339 mouse.o
                0x000000000010e029                Mouse_init
 *fill*         0x000000000010e291        0x3 
 .text          0x000000000010e294      0x707 ps2.o
                0x000000000010e907                PS2Controller_send
                0x000000000010e936                PS2Controller_receive
                0x000000000010e956                PS2Controller_getModule
 *fill*         0x000000000010e99b        0x1 
 .text          0x000000000010e99c      0x9cd ramdisk.o
                0x000000000010f202                RamDisk_init
 *fill*         0x000000000010f369        0x3 
 .text          0x000000000010f36c      0x299 tar.o
                0x000000000010f44b                Tar_nextHeader
                0x000000000010f51c                Tar_getHeader
                0x000000000010f563                Tar_getNumberOfFiles
 *fill*         0x000000000010f605        0x3 
 .text          0x000000000010f608     0x1193 vfs.o
                0x000000000010f89b                VFS_openFile
                0x000000000010f9e6                VFS_closeFile
                0x000000000010fafd                VFS_getParent
                0x000000000010fc6f                VFS_readDir
                0x000000000010fddf                VFS_findDir
                0x000000000010fedd                VFS_changeDirectoryPtr
                0x000000000010ffd1                VFS_changeDirectoryStr
                0x00000000001100b3                VFS_getWorkingDirectoryStr
                0x0000000000110157                VFS_getWorkingDirectoryPtr
                0x0000000000110169                VFS_getFileStats
                0x000000000011018b                VFS_read
                0x000000000011045e                VFS_write
                0x000000000011073d                VFS_mkdir
                0x0000000000110756                VFS_getModule
 *fill*         0x000000000011079b        0x1 
 .text          0x000000000011079c      0x211 user.o
                0x0000000000110968                Usermode_getModule
                0x0000000000111000                . = ALIGN (0x1000)
 *fill*         0x00000000001109ad      0x653 

.eh_frame       0x0000000000111000     0x2238
 .eh_frame      0x0000000000111000       0x94 kernel.o
 .eh_frame      0x0000000000111094       0x40 vga.o
                                         0x58 (size before relaxing)
 .eh_frame      0x00000000001110d4      0x200 console.o
                                        0x218 (size before relaxing)
 .eh_frame      0x00000000001112d4       0xe0 sys.o
                                         0xf8 (size before relaxing)
 .eh_frame      0x00000000001113b4       0x60 module.o
                                         0x78 (size before relaxing)
 .eh_frame      0x0000000000111414       0xc0 gdt.o
                                         0xd8 (size before relaxing)
 .eh_frame      0x00000000001114d4       0xcc pic.o
                                         0xe4 (size before relaxing)
 .eh_frame      0x00000000001115a0       0xe8 idt.o
                                        0x100 (size before relaxing)
 .eh_frame      0x0000000000111688       0xe0 pit.o
                                         0xf8 (size before relaxing)
 .eh_frame      0x0000000000111768       0x44 cpu.o
                                         0x5c (size before relaxing)
 .eh_frame      0x00000000001117ac       0xb8 bitmap.o
                                         0xd0 (size before relaxing)
 .eh_frame      0x0000000000111864       0x80 stack.o
                                         0x98 (size before relaxing)
 .eh_frame      0x00000000001118e4       0xa0 math.o
                                         0xb8 (size before relaxing)
 .eh_frame      0x0000000000111984       0x40 pmm.o
                                         0x58 (size before relaxing)
 .eh_frame      0x00000000001119c4       0x80 smm.o
                                         0x98 (size before relaxing)
 .eh_frame      0x0000000000111a44       0xe0 bmm.o
                                         0xf8 (size before relaxing)
 .eh_frame      0x0000000000111b24      0x290 vmm.o
                                        0x2a8 (size before relaxing)
 .eh_frame      0x0000000000111db4       0xb0 heap.o
                                         0xc8 (size before relaxing)
 .eh_frame      0x0000000000111e64      0x5dc dl.o
                                        0x5f4 (size before relaxing)
 .eh_frame      0x0000000000112440      0x140 arrlist.o
                                        0x158 (size before relaxing)
 .eh_frame      0x0000000000112580       0x80 dumbH.o
                                         0x98 (size before relaxing)
 .eh_frame      0x0000000000112600      0x100 linkl.o
                                        0x118 (size before relaxing)
 .eh_frame      0x0000000000112700      0x140 string.o
                                        0x158 (size before relaxing)
 .eh_frame      0x0000000000112840       0x80 fifo.o
                                         0x98 (size before relaxing)
 .eh_frame      0x00000000001128c0       0x40 sched.o
                                         0x58 (size before relaxing)
 .eh_frame      0x0000000000112900       0x80 rr.o
                                         0x98 (size before relaxing)
 .eh_frame      0x0000000000112980       0x80 fcfs.o
                                         0x98 (size before relaxing)
 .eh_frame      0x0000000000112a00      0x1e8 pm.o
                                        0x200 (size before relaxing)
 .eh_frame      0x0000000000112be8       0xa0 kbd.o
                                         0xb8 (size before relaxing)
 .eh_frame      0x0000000000112c88       0x60 mouse.o
                                         0x78 (size before relaxing)
 .eh_frame      0x0000000000112ce8      0x144 ps2.o
                                        0x15c (size before relaxing)
 .eh_frame      0x0000000000112e2c       0xf8 ramdisk.o
                                        0x110 (size before relaxing)
 .eh_frame      0x0000000000112f24       0x80 tar.o
                                         0x98 (size before relaxing)
 .eh_frame      0x0000000000112fa4      0x224 vfs.o
                                        0x23c (size before relaxing)
 .eh_frame      0x00000000001131c8       0x70 user.o
                                         0x88 (size before relaxing)

.iplt           0x0000000000113240        0x0
 .iplt          0x0000000000000000        0x0 start.o

.rel.dyn        0x0000000000113238        0x0
 .rel.iplt      0x0000000000000000        0x0 start.o
 .rel.text      0x0000000000000000        0x0 start.o

.data           0x0000000000113240     0x1dc0
                0x0000000000113240                data = .
                0x0000000000113240                _data = .
                0x0000000000113240                __data = .
 *(.data)
 .data          0x0000000000113240        0x0 kernel.o
 .data          0x0000000000113240        0x0 vga.o
 .data          0x0000000000113240        0x0 console.o
 .data          0x0000000000113240        0x0 sys.o
 .data          0x0000000000113240        0x0 module.o
 .data          0x0000000000113240        0x0 gdt.o
 .data          0x0000000000113240        0x0 pic.o
 .data          0x0000000000113240        0x0 idt.o
 .data          0x0000000000113240        0x0 pit.o
 .data          0x0000000000113240        0x0 cpu.o
 .data          0x0000000000113240        0x0 bitmap.o
 .data          0x0000000000113240        0x0 stack.o
 .data          0x0000000000113240        0x0 math.o
 .data          0x0000000000113240        0x0 pmm.o
 .data          0x0000000000113240        0x0 smm.o
 .data          0x0000000000113240        0x0 bmm.o
 .data          0x0000000000113240        0x0 vmm.o
 .data          0x0000000000113240        0x0 heap.o
 .data          0x0000000000113240        0x0 dl.o
 .data          0x0000000000113240        0x0 arrlist.o
 .data          0x0000000000113240        0x4 dumbH.o
 .data          0x0000000000113244        0x0 linkl.o
 .data          0x0000000000113244        0x0 string.o
 .data          0x0000000000113244        0x0 fifo.o
 .data          0x0000000000113244        0x0 sched.o
 .data          0x0000000000113244        0x0 rr.o
 .data          0x0000000000113244        0x0 fcfs.o
 .data          0x0000000000113244        0x0 pm.o
 .data          0x0000000000113244        0x0 kbd.o
 .data          0x0000000000113244        0x0 mouse.o
 .data          0x0000000000113244        0x0 ps2.o
 .data          0x0000000000113244        0x0 ramdisk.o
 .data          0x0000000000113244        0x0 tar.o
 .data          0x0000000000113244        0x0 vfs.o
 *fill*         0x0000000000113244       0x1c 
 .data          0x0000000000113260       0x60 user.o
 *(.rodata)
 .rodata        0x00000000001132c0       0x54 kernel.o
 .rodata        0x0000000000113314       0x12 vga.o
 .rodata        0x0000000000113326       0x91 console.o
 .rodata        0x00000000001133b7        0xe sys.o
 .rodata        0x00000000001133c5       0x3d module.o
 .rodata        0x0000000000113402       0x57 gdt.o
 .rodata        0x0000000000113459       0x4d pic.o
 .rodata        0x00000000001134a6       0xa0 idt.o
 .rodata        0x0000000000113546       0x4c pit.o
 *fill*         0x0000000000113592        0x2 
 .rodata        0x0000000000113594       0x28 cpu.o
 .rodata        0x00000000001135bc       0x41 bitmap.o
 .rodata        0x00000000001135fd       0x40 stack.o
 *fill*         0x000000000011363d        0x3 
 .rodata        0x0000000000113640       0x66 pmm.o
 .rodata        0x00000000001136a6       0x46 smm.o
 .rodata        0x00000000001136ec       0x5f bmm.o
 *fill*         0x000000000011374b        0x1 
 .rodata        0x000000000011374c       0xf1 vmm.o
 *fill*         0x000000000011383d        0x3 
 .rodata        0x0000000000113840       0xb2 heap.o
 .rodata        0x00000000001138f2       0x41 dl.o
 .rodata        0x0000000000113933       0x44 arrlist.o
 *fill*         0x0000000000113977        0x1 
 .rodata        0x0000000000113978       0x50 dumbH.o
 .rodata        0x00000000001139c8       0x45 linkl.o
 .rodata        0x0000000000113a0d       0x11 string.o
 *fill*         0x0000000000113a1e        0x2 
 .rodata        0x0000000000113a20       0x50 fifo.o
 .rodata        0x0000000000113a70       0x50 sched.o
 .rodata        0x0000000000113ac0       0x4c rr.o
 .rodata        0x0000000000113b0c       0x43 fcfs.o
 *fill*         0x0000000000113b4f        0x1 
 .rodata        0x0000000000113b50       0xd3 pm.o
 *fill*         0x0000000000113c23       0x1d 
 .rodata        0x0000000000113c40      0x303 kbd.o
 *fill*         0x0000000000113f43        0x1 
 .rodata        0x0000000000113f44       0xd8 mouse.o
 .rodata        0x000000000011401c      0x159 ps2.o
 *fill*         0x0000000000114175        0x3 
 .rodata        0x0000000000114178      0x101 ramdisk.o
 .rodata        0x0000000000114279       0x45 tar.o
 .rodata        0x00000000001142be       0xc5 vfs.o
 .rodata        0x0000000000114383       0x7e user.o
                0x0000000000115000                . = ALIGN (0x1000)
 *fill*         0x0000000000114401      0xbff 

.igot.plt       0x0000000000115000        0x0
 .igot.plt      0x0000000000000000        0x0 start.o

.bss            0x0000000000115000    0x12040
                0x0000000000115000                bss = .
                0x0000000000115000                _bss = .
                0x0000000000115000                __bss = .
 *(.bss)
 .bss           0x0000000000115000     0xff00 start.o
 .bss           0x0000000000124f00        0x0 kernel.o
 .bss           0x0000000000124f00       0x34 vga.o
 *fill*         0x0000000000124f34        0xc 
 .bss           0x0000000000124f40       0x37 console.o
 *fill*         0x0000000000124f77        0x1 
 .bss           0x0000000000124f78        0x0 sys.o
 *fill*         0x0000000000124f78        0x8 
 .bss           0x0000000000124f80       0x84 module.o
 *fill*         0x0000000000125004       0x1c 
 .bss           0x0000000000125020       0xec gdt.o
 *fill*         0x000000000012510c       0x14 
 .bss           0x0000000000125120       0x34 pic.o
 *fill*         0x0000000000125154        0xc 
 .bss           0x0000000000125160      0xc60 idt.o
 .bss           0x0000000000125dc0       0x38 pit.o
 .bss           0x0000000000125df8        0x0 cpu.o
 .bss           0x0000000000125df8        0x0 bitmap.o
 .bss           0x0000000000125df8        0x0 stack.o
 .bss           0x0000000000125df8        0x0 math.o
 *fill*         0x0000000000125df8        0x8 
 .bss           0x0000000000125e00       0x34 pmm.o
 .bss           0x0000000000125e34       0x14 smm.o
 .bss           0x0000000000125e48       0x18 bmm.o
 .bss           0x0000000000125e60       0x38 vmm.o
 *fill*         0x0000000000125e98        0x8 
 .bss           0x0000000000125ea0       0x38 heap.o
 *fill*         0x0000000000125ed8        0x8 
 .bss           0x0000000000125ee0      0x1f8 dl.o
 .bss           0x00000000001260d8        0x0 arrlist.o
 .bss           0x00000000001260d8        0x4 dumbH.o
 .bss           0x00000000001260dc        0x0 linkl.o
 *fill*         0x00000000001260dc        0x4 
 .bss           0x00000000001260e0       0x20 string.o
 .bss           0x0000000000126100        0x0 fifo.o
 .bss           0x0000000000126100        0x1 sched.o
 *fill*         0x0000000000126101        0x3 
 .bss           0x0000000000126104        0x8 rr.o
 .bss           0x000000000012610c        0x8 fcfs.o
 *fill*         0x0000000000126114        0xc 
 .bss           0x0000000000126120       0x3c pm.o
 .bss           0x000000000012615c        0xc kbd.o
 .bss           0x0000000000126168        0x4 mouse.o
 *fill*         0x000000000012616c       0x14 
 .bss           0x0000000000126180       0x54 ps2.o
 *fill*         0x00000000001261d4        0xc 
 .bss           0x00000000001261e0       0xe8 ramdisk.o
 .bss           0x00000000001262c8        0x0 tar.o
 *fill*         0x00000000001262c8       0x18 
 .bss           0x00000000001262e0       0x38 vfs.o
 *fill*         0x0000000000126318        0x8 
 .bss           0x0000000000126320       0x34 user.o
                0x0000000000127000                . = ALIGN (0x1000)
 *fill*         0x0000000000126354      0xcac 
 COMMON         0x0000000000127000        0x4 kernel.o
                0x0000000000127000                multibootInfo
 COMMON         0x0000000000127004        0x6 vga.o
                0x0000000000127004                vgaRam
                0x0000000000127008                vgaHeight
                0x0000000000127009                vgaWidth
 *fill*         0x000000000012700a        0x2 
 COMMON         0x000000000012700c        0xc pmm.o
                0x000000000012700c                PhysicalMemory_getInfo
                0x0000000000127010                PhysicalMemory_allocateFrame
                0x0000000000127014                PhysicalMemory_freeFrame
 COMMON         0x0000000000127018       0x14 heap.o
                0x0000000000127018                HeapMemory_realloc
                0x000000000012701c                errno
                0x0000000000127020                HeapMemory_free
                0x0000000000127024                HeapMemory_calloc
                0x0000000000127028                HeapMemory_alloc
 COMMON         0x000000000012702c       0x10 sched.o
                0x000000000012702c                Scheduler_removeProcess
                0x0000000000127030                Scheduler_addProcess
                0x0000000000127034                Scheduler_getNextProcess
                0x0000000000127038                Scheduler_getCurrentProcess
 COMMON         0x000000000012703c        0x4 pm.o
                0x000000000012703c                kernelProcess
                0x0000000000127040                end = .
                0x0000000000127040                _end = .
                0x0000000000127040                __end = .
LOAD start.o
LOAD kernel.o
LOAD vga.o
LOAD console.o
LOAD sys.o
LOAD module.o
LOAD gdt.o
LOAD pic.o
LOAD idt.o
LOAD idtAsm.o
LOAD pit.o
LOAD cpu.o
LOAD bitmap.o
LOAD stack.o
LOAD math.o
LOAD pmm.o
LOAD smm.o
LOAD bmm.o
LOAD vmm.o
LOAD heap.o
LOAD dl.o
LOAD arrlist.o
LOAD dumbH.o
LOAD linkl.o
LOAD string.o
LOAD fifo.o
LOAD sched.o
LOAD rr.o
LOAD fcfs.o
LOAD pm.o
LOAD kbd.o
LOAD mouse.o
LOAD ps2.o
LOAD ramdisk.o
LOAD tar.o
LOAD vfs.o
LOAD user.o
OUTPUT(bootloader/kernel elf32-i386)

.comment        0x0000000000000000       0x11
 .comment       0x0000000000000000       0x11 kernel.o
                                         0x12 (size before relaxing)
 .comment       0x0000000000000000       0x12 vga.o
 .comment       0x0000000000000000       0x12 console.o
 .comment       0x0000000000000000       0x12 sys.o
 .comment       0x0000000000000000       0x12 module.o
 .comment       0x0000000000000000       0x12 gdt.o
 .comment       0x0000000000000000       0x12 pic.o
 .comment       0x0000000000000000       0x12 idt.o
 .comment       0x0000000000000000       0x12 pit.o
 .comment       0x0000000000000000       0x12 cpu.o
 .comment       0x0000000000000000       0x12 bitmap.o
 .comment       0x0000000000000000       0x12 stack.o
 .comment       0x0000000000000000       0x12 math.o
 .comment       0x0000000000000000       0x12 pmm.o
 .comment       0x0000000000000000       0x12 smm.o
 .comment       0x0000000000000000       0x12 bmm.o
 .comment       0x0000000000000000       0x12 vmm.o
 .comment       0x0000000000000000       0x12 heap.o
 .comment       0x0000000000000000       0x12 dl.o
 .comment       0x0000000000000000       0x12 arrlist.o
 .comment       0x0000000000000000       0x12 dumbH.o
 .comment       0x0000000000000000       0x12 linkl.o
 .comment       0x0000000000000000       0x12 string.o
 .comment       0x0000000000000000       0x12 fifo.o
 .comment       0x0000000000000000       0x12 sched.o
 .comment       0x0000000000000000       0x12 rr.o
 .comment       0x0000000000000000       0x12 fcfs.o
 .comment       0x0000000000000000       0x12 pm.o
 .comment       0x0000000000000000       0x12 kbd.o
 .comment       0x0000000000000000       0x12 mouse.o
 .comment       0x0000000000000000       0x12 ps2.o
 .comment       0x0000000000000000       0x12 ramdisk.o
 .comment       0x0000000000000000       0x12 tar.o
 .comment       0x0000000000000000       0x12 vfs.o
 .comment       0x0000000000000000       0x12 user.o
