
Memory Configuration

Name             Origin             Length             Attributes
*default*        0x0000000000000000 0xffffffffffffffff

Linker script and memory map


.text           0x0000000000100000     0x1000
                0x0000000000100000                text = .
                0x0000000000100000                _text = .
                0x0000000000100000                __text = .
 *(.text)
 .text          0x0000000000100000       0x2d start.o
                0x0000000000100000                mbHead
                0x0000000000100020                Start
 *fill*         0x000000000010002d        0x3 00
 .text          0x0000000000100030       0x23 kernel.o
                0x0000000000100030                Kernel
                0x0000000000101000                . = ALIGN (0x1000)
 *fill*         0x0000000000100053      0xfad 00

.eh_frame       0x0000000000101000       0x2c
 .eh_frame      0x0000000000101000       0x2c kernel.o

.iplt           0x0000000000101030        0x0
 .iplt          0x0000000000000000        0x0 start.o

.rel.dyn        0x000000000010102c        0x0
 .rel.iplt      0x0000000000000000        0x0 start.o
 .rel.text      0x0000000000000000        0x0 start.o

.data           0x000000000010102c      0xfd4
                0x000000000010102c                data = .
                0x000000000010102c                _data = .
                0x000000000010102c                __data = .
 *(.data)
 .data          0x000000000010102c        0x0 kernel.o
 *(.rodata)
                0x0000000000102000                . = ALIGN (0x1000)
 *fill*         0x000000000010102c      0xfd4 00

.igot.plt       0x0000000000102000        0x0
 .igot.plt      0x0000000000000000        0x0 start.o

.bss            0x0000000000102000    0x10000
                0x0000000000102000                bss = .
                0x0000000000102000                _bss = .
                0x0000000000102000                __bss = .
 *(.bss)
 .bss           0x0000000000102000     0xff00 start.o
 .bss           0x0000000000111f00        0x0 kernel.o
                0x0000000000112000                . = ALIGN (0x1000)
 *fill*         0x0000000000111f00      0x100 00
                0x0000000000112000                end = .
                0x0000000000112000                _end = .
                0x0000000000112000                __end = .
LOAD start.o
LOAD kernel.o
OUTPUT(bootloader/kernel elf32-i386)

.comment        0x0000000000000000       0x11
 .comment       0x0000000000000000       0x11 kernel.o
                                         0x12 (size before relaxing)
