
Allocating common symbols
Common symbol       size              file

Scheduler_removeProcess
                    0x4               sched.o
HeapMemory_realloc  0x4               heap.o
Scheduler_addProcess
                    0x4               sched.o
Scheduler_getNextProcess
                    0x4               sched.o
errno               0x4               heap.o
HeapMemory_free     0x4               heap.o
multibootInfo       0x4               kernel.o
PhysicalMemory_getInfo
                    0x4               pmm.o
HeapMemory_calloc   0x4               heap.o
vgaRam              0x4               vga.o
vgaHeight           0x1               vga.o
vgaWidth            0x1               vga.o
PhysicalMemory_allocateFrame
                    0x4               pmm.o
HeapMemory_alloc    0x4               heap.o
PhysicalMemory_freeFrame
                    0x4               pmm.o
Scheduler_getCurrentProcess
                    0x4               sched.o

Memory Configuration

Name             Origin             Length             Attributes
*default*        0x0000000000000000 0xffffffffffffffff

Linker script and memory map


.text           0x0000000000100000     0xb000
                0x0000000000100000                text = .
                0x0000000000100000                _text = .
                0x0000000000100000                __text = .
 *(.text)
 .text          0x0000000000100000       0x2c start.o
                0x0000000000100000                mbHead
                0x0000000000100020                Start
 *fill*         0x000000000010002c        0x4 
 .text          0x0000000000100030      0x21c kernel.o
                0x0000000000100030                Kernel
 *fill*         0x000000000010024c        0x4 
 .text          0x0000000000100250       0x44 vga.o
                0x0000000000100270                VGA_getModule
 *fill*         0x0000000000100294        0xc 
 .text          0x00000000001002a0      0x4b8 console.o
                0x00000000001002b0                Console_printString
                0x00000000001002e0                Console_printf
                0x0000000000100460                Console_printChar
                0x00000000001006b0                Console_clearScreen
                0x0000000000100710                Console_setColor
                0x0000000000100720                Console_getModule
 *fill*         0x0000000000100758        0x8 
 .text          0x0000000000100760       0x41 sys.o
                0x0000000000100760                Sys_restart
                0x0000000000100770                Sys_panic
 *fill*         0x00000000001007a1        0xf 
 .text          0x00000000001007b0      0x2c6 module.o
                0x00000000001007b0                Module_load
                0x0000000000100a30                Module_getLoadedModuleNames
                0x0000000000100a70                Module_getNumberOfLoadedModules
 *fill*         0x0000000000100a76        0xa 
 .text          0x0000000000100a80      0x11d gdt.o
                0x0000000000100b70                GDT_getModule
 *fill*         0x0000000000100b9d        0x3 
 .text          0x0000000000100ba0       0xad pic.o
                0x0000000000100bd0                PIC8259_setMask
                0x0000000000100c10                PIC8259_sendEOI
                0x0000000000100c20                PIC8259_getModule
 *fill*         0x0000000000100c4d        0x3 
 .text          0x0000000000100c50      0xa7b idt.o
                0x0000000000101480                IDT_registerHandler
                0x0000000000101530                IDT_handlerException
                0x00000000001015c0                IDT_handlerIRQ
                0x0000000000101680                IDT_getModule
 *fill*         0x00000000001016cb        0x5 
 .text          0x00000000001016d0      0x23b idtAsm.o
                0x000000000010173d                IDT_handler0
                0x0000000000101744                IDT_handler1
                0x000000000010174b                IDT_handler2
                0x0000000000101755                IDT_handler3
                0x000000000010175f                IDT_handler4
                0x0000000000101769                IDT_handler5
                0x0000000000101773                IDT_handler6
                0x000000000010177d                IDT_handler7
                0x0000000000101787                IDT_handler8
                0x000000000010178f                IDT_handler9
                0x0000000000101799                IDT_handler10
                0x00000000001017a1                IDT_handler11
                0x00000000001017a9                IDT_handler12
                0x00000000001017b1                IDT_handler13
                0x00000000001017b9                IDT_handler14
                0x00000000001017c1                IDT_handler15
                0x00000000001017cb                IDT_handler16
                0x00000000001017d5                IDT_handler17
                0x00000000001017df                IDT_handler18
                0x00000000001017e9                IDT_handler19
                0x00000000001017f3                IDT_handler20
                0x00000000001017fd                IDT_handler21
                0x0000000000101807                IDT_handler22
                0x0000000000101811                IDT_handler23
                0x000000000010181b                IDT_handler24
                0x0000000000101825                IDT_handler25
                0x000000000010182f                IDT_handler26
                0x0000000000101839                IDT_handler27
                0x0000000000101843                IDT_handler28
                0x000000000010184d                IDT_handler29
                0x0000000000101857                IDT_handler30
                0x0000000000101861                IDT_handler31
                0x000000000010186b                IDT_request0
                0x0000000000101875                IDT_request1
                0x000000000010187f                IDT_request2
                0x0000000000101889                IDT_request3
                0x0000000000101893                IDT_request4
                0x000000000010189d                IDT_request5
                0x00000000001018a7                IDT_request6
                0x00000000001018b1                IDT_request7
                0x00000000001018bb                IDT_request8
                0x00000000001018c5                IDT_request9
                0x00000000001018cf                IDT_request10
                0x00000000001018d9                IDT_request11
                0x00000000001018e3                IDT_request12
                0x00000000001018ed                IDT_request13
                0x00000000001018f7                IDT_request14
                0x0000000000101901                IDT_request15
 *fill*         0x000000000010190b        0x5 
 .text          0x0000000000101910      0x181 pit.o
                0x00000000001019e0                PIT8253_measureRuntime
                0x0000000000101a00                PIT8253_sleep
                0x0000000000101a50                PIT8253_getModule
 *fill*         0x0000000000101a91        0xf 
 .text          0x0000000000101aa0       0xd8 cpu.o
                0x0000000000101aa0                CPU_getCR
                0x0000000000101b10                CPU_setCR
 *fill*         0x0000000000101b78        0x8 
 .text          0x0000000000101b80      0x2b2 bitmap.o
                0x0000000000101b80                Bitmap_setBit
                0x0000000000101c20                Bitmap_clearBit
                0x0000000000101cc0                Bitmap_isSet
                0x0000000000101d60                Bitmap_toggle
                0x0000000000101e20                Bitmap_init
 *fill*         0x0000000000101e32        0xe 
 .text          0x0000000000101e40      0x159 stack.o
                0x0000000000101e40                Stack_push
                0x0000000000101ee0                Stack_pop
                0x0000000000101f70                Stack_peek
                0x0000000000101f80                Stack_init
 *fill*         0x0000000000101f99        0x7 
 .text          0x0000000000101fa0       0x4d math.o
                0x0000000000101fa0                Math_abs
                0x0000000000101fb0                Math_sqrt
                0x0000000000101fc0                Math_sin
                0x0000000000101fd0                Math_cos
                0x0000000000101fe0                Math_tan
 *fill*         0x0000000000101fed        0x3 
 .text          0x0000000000101ff0       0x7f pmm.o
                0x0000000000102030                PhysicalMemory_getModule
 *fill*         0x000000000010206f        0x1 
 .text          0x0000000000102070      0x2e1 smm.o
                0x0000000000102070                StackPMM_allocateFrame
                0x00000000001020a0                StackPMM_freeFrame
                0x0000000000102130                StackPMM_init
                0x0000000000102330                StackPMM_getInfo
 *fill*         0x0000000000102351        0xf 
 .text          0x0000000000102360      0x45e bmm.o
                0x0000000000102360                BitmapPMM_allocateFrame
                0x00000000001023e0                BitmapPMM_freeFrame
                0x0000000000102490                BitmapPMM_getInfo
                0x00000000001024c0                BitmapPMM_init
 *fill*         0x00000000001027be        0x2 
 .text          0x00000000001027c0     0x119b vmm.o
                0x0000000000102c00                VirtualMemory_getKernelDir
                0x0000000000102c10                VirtualMemory_switchPageDir
                0x0000000000102e10                VirtualMemory_mapPage
                0x0000000000102ff0                VirtualMemory_unmapPage
                0x0000000000103190                VirtualMemory_destroyPageDirectory
                0x00000000001033e0                VirtualMemory_createPageDirectory
                0x0000000000103570                VirtualMemory_mapKernel
                0x0000000000103770                VirtualMemory_getPhysicalAddress
                0x0000000000103910                VirtualMemory_getModule
 *fill*         0x000000000010395b        0x5 
 .text          0x0000000000103960      0x4e1 heap.o
                0x00000000001039a0                HeapMemory_expand
                0x0000000000103e00                HeapMemory_getModule
 *fill*         0x0000000000103e41        0xf 
 .text          0x0000000000103e50     0x37a3 dl.o
                0x0000000000104c90                DougLea_malloc
                0x0000000000106740                DougLea_free
                0x0000000000106f40                DougLea_calloc
                0x0000000000106fc0                DougLea_realloc
                0x0000000000107090                DougLea_realloc_in_place
                0x0000000000107100                DougLea_memalign
                0x0000000000107130                DougLea_posix_memalign
                0x00000000001071b0                DougLea_valloc
                0x00000000001071e0                DougLea_pvalloc
                0x0000000000107220                DougLea_independent_calloc
                0x0000000000107250                DougLea_independent_comalloc
                0x0000000000107270                DougLea_bulk_free
                0x0000000000107330                DougLea_malloc_trim
                0x0000000000107360                DougLea_malloc_footprint
                0x0000000000107370                DougLea_malloc_max_footprint
                0x0000000000107380                DougLea_malloc_footprint_limit
                0x0000000000107390                DougLea_malloc_set_footprint_limit
                0x00000000001073c0                DougLea_mallinfo
                0x0000000000107540                DougLea_mallopt
                0x00000000001075c0                DougLea_malloc_usable_size
 *fill*         0x00000000001075f3        0xd 
 .text          0x0000000000107600      0x4e9 arrlist.o
                0x0000000000107600                ArrayList_get
                0x0000000000107690                ArrayList_add
                0x0000000000107770                ArrayList_getIndex
                0x00000000001077a0                ArrayList_exists
                0x00000000001077e0                ArrayList_getSize
                0x00000000001077f0                ArrayList_removeAt
                0x00000000001078b0                ArrayList_remove
                0x00000000001078f0                ArrayList_isEmpty
                0x0000000000107920                ArrayList_destroy
                0x0000000000107950                ArrayList_new
 *fill*         0x0000000000107ae9        0x7 
 .text          0x0000000000107af0      0x19b dumbH.o
                0x0000000000107af0                DumbHeapManager_malloc
                0x0000000000107b40                DumbHeapManager_realloc
                0x0000000000107bb0                DumbHeapManager_calloc
                0x0000000000107c20                DumbHeapManager_free
 *fill*         0x0000000000107c8b        0x5 
 .text          0x0000000000107c90      0x4e2 linkl.o
                0x0000000000107e40                LinkedList_add
                0x0000000000107fb0                LinkedList_remove
                0x0000000000108060                LinkedList_removeFromFront
                0x0000000000108070                LinkedList_push
                0x0000000000108080                LinkedList_pop
                0x0000000000108090                LinkedList_peek
                0x0000000000108120                LinkedList_new
                0x0000000000108140                LinkedList_destroy
 *fill*         0x0000000000108172        0xe 
 .text          0x0000000000108180      0x2c3 string.o
                0x0000000000108180                String_startsWith
                0x00000000001081f0                String_endsWith
                0x0000000000108260                String_charAt
                0x0000000000108270                String_length
                0x0000000000108290                String_charToInt
                0x00000000001082a0                String_stringToInt
                0x00000000001082f0                String_numberToString
                0x00000000001083b0                String_copy
                0x00000000001083d0                String_compare
                0x0000000000108420                String_countChar
 *fill*         0x0000000000108443        0xd 
 .text          0x0000000000108450      0x34b process.o
                0x0000000000108450                Process_new
                0x0000000000108770                Process_destroy
 *fill*         0x000000000010879b        0x5 
 .text          0x00000000001087a0       0x71 sched.o
                0x00000000001087d0                Scheduler_getModule
 *fill*         0x0000000000108811        0xf 
 .text          0x0000000000108820      0x286 rr.o
                0x0000000000108820                RoundRobin_addProcess
                0x00000000001088e0                RoundRobin_removeProcess
                0x0000000000108a00                RoundRobin_getNextProcess
                0x0000000000108aa0                RoundRobin_getCurrentProcess
 *fill*         0x0000000000108aa6        0xa 
 .text          0x0000000000108ab0      0x361 pm.o
                0x0000000000108c20                ProcessManager_switch
                0x0000000000108dd0                ProcessManager_getModule
 *fill*         0x0000000000108e11        0xf 
 .text          0x0000000000108e20      0x4b1 kbd.o
                0x0000000000108e50                Keyboard_setLeds
                0x0000000000109010                Keyboard_init
 *fill*         0x00000000001092d1        0xf 
 .text          0x00000000001092e0      0x291 mouse.o
                0x0000000000109390                Mouse_init
 *fill*         0x0000000000109571        0xf 
 .text          0x0000000000109580      0x671 ps2.o
                0x0000000000109b30                PS2Controller_send
                0x0000000000109b70                PS2Controller_receive
                0x0000000000109bb0                PS2Controller_getModule
 *fill*         0x0000000000109bf1        0xf 
 .text          0x0000000000109c00      0xb9e ramdisk.o
                0x000000000010a3f0                RamDisk_init
 *fill*         0x000000000010a79e        0x2 
 .text          0x000000000010a7a0      0x24a tar.o
                0x000000000010a7a0                Tar_nextHeader
                0x000000000010a920                Tar_getHeader
                0x000000000010a950                Tar_getNumberOfFiles
 *fill*         0x000000000010a9ea        0x6 
 .text          0x000000000010a9f0       0xf1 vfs.o
                0x000000000010aa10                VFS_openFile
                0x000000000010aaa0                VFS_getModule
                0x000000000010b000                . = ALIGN (0x1000)
 *fill*         0x000000000010aae1      0x51f 

.rodata.str1.1  0x000000000010b000      0x55d
 .rodata.str1.1
                0x000000000010b000       0x32 kernel.o
                                         0x3d (size before relaxing)
 .rodata.str1.1
                0x000000000010b032       0x12 vga.o
 .rodata.str1.1
                0x000000000010b044       0x44 console.o
                                         0x6d (size before relaxing)
 .rodata.str1.1
                0x000000000010b088        0x9 sys.o
                                          0xe (size before relaxing)
 .rodata.str1.1
                0x000000000010b091       0x14 module.o
                                         0x3d (size before relaxing)
 .rodata.str1.1
                0x000000000010b0a5       0x18 gdt.o
 .rodata.str1.1
                0x000000000010b0bd        0xa pic.o
 .rodata.str1.1
                0x000000000010b0c7       0x56 idt.o
                                         0x7f (size before relaxing)
 .rodata.str1.1
                0x000000000010b11d        0x9 pit.o
 .rodata.str1.1
                0x000000000010b126       0x18 bitmap.o
                                         0x41 (size before relaxing)
 .rodata.str1.1
                0x000000000010b13e       0x17 stack.o
                                         0x40 (size before relaxing)
 .rodata.str1.1
                0x000000000010b155       0x18 pmm.o
 .rodata.str1.1
                0x000000000010b16d       0x1d smm.o
                                         0x46 (size before relaxing)
 .rodata.str1.1
                0x000000000010b18a       0x1e bmm.o
                                         0x5f (size before relaxing)
 .rodata.str1.1
                0x000000000010b1a8       0x63 vmm.o
                                         0xa7 (size before relaxing)
 .rodata.str1.1
                0x000000000010b20b       0x2c heap.o
                                         0x6d (size before relaxing)
 .rodata.str1.1
                0x000000000010b237       0x1b arrlist.o
                                         0x44 (size before relaxing)
 .rodata.str1.1
                0x0000000000000000       0x29 dumbH.o
 .rodata.str1.1
                0x000000000010b252       0x1c linkl.o
                                         0x45 (size before relaxing)
 .rodata.str1.1
                0x000000000010b26e       0x11 string.o
 .rodata.str1.1
                0x000000000010b27f       0x1d process.o
                                         0x5e (size before relaxing)
 .rodata.str1.1
                0x000000000010b29c       0x12 sched.o
 .rodata.str1.1
                0x0000000000000000       0x29 rr.o
 .rodata.str1.1
                0x000000000010b2ae       0x71 pm.o
                                         0x9a (size before relaxing)
 .rodata.str1.1
                0x000000000010b31f       0x94 kbd.o
                                         0xa2 (size before relaxing)
 .rodata.str1.1
                0x000000000010b3b3       0x30 mouse.o
                                         0x53 (size before relaxing)
 .rodata.str1.1
                0x000000000010b3e3       0xf5 ps2.o
                                        0x118 (size before relaxing)
 .rodata.str1.1
                0x000000000010b4d8       0x55 ramdisk.o
                                         0xab (size before relaxing)
 .rodata.str1.1
                0x000000000010b52d       0x1c tar.o
                                         0x45 (size before relaxing)
 .rodata.str1.1
                0x000000000010b549       0x14 vfs.o
                                         0x16 (size before relaxing)

.eh_frame       0x000000000010b560     0x1960
 .eh_frame      0x000000000010b560       0x3c kernel.o
 .eh_frame      0x000000000010b59c       0x28 vga.o
                                         0x40 (size before relaxing)
 .eh_frame      0x000000000010b5c4      0x128 console.o
                                        0x140 (size before relaxing)
 .eh_frame      0x000000000010b6ec       0x2c sys.o
                                         0x44 (size before relaxing)
 .eh_frame      0x000000000010b718       0x68 module.o
                                         0x80 (size before relaxing)
 .eh_frame      0x000000000010b780       0x28 gdt.o
                                         0x40 (size before relaxing)
 .eh_frame      0x000000000010b7a8       0x5c pic.o
                                         0x74 (size before relaxing)
 .eh_frame      0x000000000010b804       0xa8 idt.o
                                         0xc0 (size before relaxing)
 .eh_frame      0x000000000010b8ac       0xb8 pit.o
                                         0xd0 (size before relaxing)
 .eh_frame      0x000000000010b964       0x28 cpu.o
                                         0x40 (size before relaxing)
 .eh_frame      0x000000000010b98c       0xd4 bitmap.o
                                         0xec (size before relaxing)
 .eh_frame      0x000000000010ba60       0x70 stack.o
                                         0x88 (size before relaxing)
 .eh_frame      0x000000000010bad0       0x64 math.o
                                         0x7c (size before relaxing)
 .eh_frame      0x000000000010bb34       0x2c pmm.o
                                         0x44 (size before relaxing)
 .eh_frame      0x000000000010bb60       0x90 smm.o
                                         0xa8 (size before relaxing)
 .eh_frame      0x000000000010bbf0       0xb0 bmm.o
                                         0xc8 (size before relaxing)
 .eh_frame      0x000000000010bca0      0x248 vmm.o
                                        0x260 (size before relaxing)
 .eh_frame      0x000000000010bee8       0x68 heap.o
                                         0x80 (size before relaxing)
 .eh_frame      0x000000000010bf50      0x598 dl.o
                                        0x5b0 (size before relaxing)
 .eh_frame      0x000000000010c4e8      0x174 arrlist.o
                                        0x18c (size before relaxing)
 .eh_frame      0x000000000010c65c       0x6c dumbH.o
                                         0x84 (size before relaxing)
 .eh_frame      0x000000000010c6c8      0x130 linkl.o
                                        0x148 (size before relaxing)
 .eh_frame      0x000000000010c7f8      0x18c string.o
                                        0x1a4 (size before relaxing)
 .eh_frame      0x000000000010c984       0x60 process.o
                                         0x78 (size before relaxing)
 .eh_frame      0x000000000010c9e4       0x28 sched.o
                                         0x40 (size before relaxing)
 .eh_frame      0x000000000010ca0c       0x80 rr.o
                                         0x98 (size before relaxing)
 .eh_frame      0x000000000010ca8c       0xac pm.o
                                         0xc4 (size before relaxing)
 .eh_frame      0x000000000010cb38       0xa4 kbd.o
                                         0xbc (size before relaxing)
 .eh_frame      0x000000000010cbdc       0x60 mouse.o
                                         0x78 (size before relaxing)
 .eh_frame      0x000000000010cc3c       0x88 ps2.o
                                         0xa0 (size before relaxing)
 .eh_frame      0x000000000010ccc4      0x120 ramdisk.o
                                        0x138 (size before relaxing)
 .eh_frame      0x000000000010cde4       0x74 tar.o
                                         0x8c (size before relaxing)
 .eh_frame      0x000000000010ce58       0x68 vfs.o
                                         0x80 (size before relaxing)

.rodata.str1.4  0x000000000010cec0      0x1c8
 .rodata.str1.4
                0x000000000010cec0       0x1f idt.o
 *fill*         0x000000000010cedf        0x1 
 .rodata.str1.4
                0x000000000010cee0       0x22 vmm.o
 *fill*         0x000000000010cf02        0x2 
 .rodata.str1.4
                0x000000000010cf04       0x1f heap.o
 *fill*         0x000000000010cf23        0x1 
 .rodata.str1.4
                0x000000000010cf24       0x24 dumbH.o
 .rodata.str1.4
                0x000000000010cf48       0x20 rr.o
 .rodata.str1.4
                0x000000000010cf68       0x24 pm.o
 .rodata.str1.4
                0x000000000010cf8c       0x47 kbd.o
 *fill*         0x000000000010cfd3        0x1 
 .rodata.str1.4
                0x000000000010cfd4       0x70 mouse.o
 .rodata.str1.4
                0x000000000010d044       0x23 ps2.o
 *fill*         0x000000000010d067        0x1 
 .rodata.str1.4
                0x000000000010d068       0x20 ramdisk.o

.iplt           0x000000000010d090        0x0
 .iplt          0x0000000000000000        0x0 start.o

.rel.dyn        0x000000000010d088        0x0
 .rel.iplt      0x0000000000000000        0x0 start.o
 .rel.text      0x0000000000000000        0x0 start.o

.data           0x000000000010d0a0      0xf60
                0x000000000010d0a0                data = .
                0x000000000010d0a0                _data = .
                0x000000000010d0a0                __data = .
 *(.data)
 .data          0x000000000010d0a0        0x0 kernel.o
 .data          0x000000000010d0a0        0x0 vga.o
 .data          0x000000000010d0a0        0x0 console.o
 .data          0x000000000010d0a0        0x0 sys.o
 .data          0x000000000010d0a0        0x0 module.o
 .data          0x000000000010d0a0        0x0 gdt.o
 .data          0x000000000010d0a0        0x0 pic.o
 .data          0x000000000010d0a0        0x0 idt.o
 .data          0x000000000010d0a0        0x0 pit.o
 .data          0x000000000010d0a0        0x0 cpu.o
 .data          0x000000000010d0a0        0x0 bitmap.o
 .data          0x000000000010d0a0        0x0 stack.o
 .data          0x000000000010d0a0        0x0 math.o
 .data          0x000000000010d0a0        0x0 pmm.o
 .data          0x000000000010d0a0        0x0 smm.o
 .data          0x000000000010d0a0        0x0 bmm.o
 .data          0x000000000010d0a0        0x0 vmm.o
 .data          0x000000000010d0a0        0x0 heap.o
 .data          0x000000000010d0a0        0x0 dl.o
 .data          0x000000000010d0a0        0x0 arrlist.o
 .data          0x000000000010d0a0        0x4 dumbH.o
 .data          0x000000000010d0a4        0x0 linkl.o
 .data          0x000000000010d0a4        0x0 string.o
 .data          0x000000000010d0a4        0x0 process.o
 .data          0x000000000010d0a4        0x0 sched.o
 .data          0x000000000010d0a4        0x0 rr.o
 .data          0x000000000010d0a4        0x0 pm.o
 .data          0x000000000010d0a4        0x0 kbd.o
 .data          0x000000000010d0a4        0x0 mouse.o
 .data          0x000000000010d0a4        0x0 ps2.o
 .data          0x000000000010d0a4        0x0 ramdisk.o
 .data          0x000000000010d0a4        0x0 tar.o
 .data          0x000000000010d0a4        0x0 vfs.o
 *(.rodata)
 .rodata        0x000000000010d0a4       0x28 cpu.o
 *fill*         0x000000000010d0cc       0x14 
 .rodata        0x000000000010d0e0      0x200 kbd.o
                0x000000000010e000                . = ALIGN (0x1000)
 *fill*         0x000000000010d2e0      0xd20 

.igot.plt       0x000000000010e000        0x0
 .igot.plt      0x0000000000000000        0x0 start.o

.bss            0x000000000010e000    0x1203c
                0x000000000010e000                bss = .
                0x000000000010e000                _bss = .
                0x000000000010e000                __bss = .
 *(.bss)
 .bss           0x000000000010e000     0xff00 start.o
 .bss           0x000000000011df00        0x0 kernel.o
 .bss           0x000000000011df00       0x34 vga.o
 *fill*         0x000000000011df34        0xc 
 .bss           0x000000000011df40       0x54 console.o
 .bss           0x000000000011df94        0x0 sys.o
 *fill*         0x000000000011df94        0xc 
 .bss           0x000000000011dfa0       0xa0 module.o
 .bss           0x000000000011e040       0x6e gdt.o
 *fill*         0x000000000011e0ae       0x12 
 .bss           0x000000000011e0c0       0x34 pic.o
 *fill*         0x000000000011e0f4        0xc 
 .bss           0x000000000011e100      0xc40 idt.o
 .bss           0x000000000011ed40       0x54 pit.o
 .bss           0x000000000011ed94        0x0 cpu.o
 .bss           0x000000000011ed94        0x0 bitmap.o
 .bss           0x000000000011ed94        0x0 stack.o
 .bss           0x000000000011ed94        0x0 math.o
 *fill*         0x000000000011ed94        0xc 
 .bss           0x000000000011eda0       0x3c pmm.o
 .bss           0x000000000011eddc       0x14 smm.o
 .bss           0x000000000011edf0       0x18 bmm.o
 *fill*         0x000000000011ee08       0x18 
 .bss           0x000000000011ee20       0x54 vmm.o
 *fill*         0x000000000011ee74        0xc 
 .bss           0x000000000011ee80       0x54 heap.o
 *fill*         0x000000000011eed4        0xc 
 .bss           0x000000000011eee0      0x1f0 dl.o
 .bss           0x000000000011f0d0        0x0 arrlist.o
 .bss           0x000000000011f0d0        0x4 dumbH.o
 .bss           0x000000000011f0d4        0x0 linkl.o
 *fill*         0x000000000011f0d4        0xc 
 .bss           0x000000000011f0e0       0x20 string.o
 .bss           0x000000000011f100        0x0 process.o
 .bss           0x000000000011f100       0x34 sched.o
 .bss           0x000000000011f134        0x8 rr.o
 *fill*         0x000000000011f13c        0x4 
 .bss           0x000000000011f140       0x34 pm.o
 .bss           0x000000000011f174        0x4 kbd.o
 .bss           0x000000000011f178        0x4 mouse.o
 *fill*         0x000000000011f17c        0x4 
 .bss           0x000000000011f180       0x35 ps2.o
 *fill*         0x000000000011f1b5        0xb 
 .bss           0x000000000011f1c0       0xe0 ramdisk.o
 .bss           0x000000000011f2a0        0x0 tar.o
 .bss           0x000000000011f2a0       0x54 vfs.o
                0x0000000000120000                . = ALIGN (0x1000)
 *fill*         0x000000000011f2f4      0xd0c 
 COMMON         0x0000000000120000        0x4 kernel.o
                0x0000000000120000                multibootInfo
 COMMON         0x0000000000120004        0x6 vga.o
                0x0000000000120004                vgaRam
                0x0000000000120008                vgaHeight
                0x0000000000120009                vgaWidth
 *fill*         0x000000000012000a        0x2 
 COMMON         0x000000000012000c        0xc pmm.o
                0x000000000012000c                PhysicalMemory_getInfo
                0x0000000000120010                PhysicalMemory_allocateFrame
                0x0000000000120014                PhysicalMemory_freeFrame
 COMMON         0x0000000000120018       0x14 heap.o
                0x0000000000120018                HeapMemory_realloc
                0x000000000012001c                errno
                0x0000000000120020                HeapMemory_free
                0x0000000000120024                HeapMemory_calloc
                0x0000000000120028                HeapMemory_alloc
 COMMON         0x000000000012002c       0x10 sched.o
                0x000000000012002c                Scheduler_removeProcess
                0x0000000000120030                Scheduler_addProcess
                0x0000000000120034                Scheduler_getNextProcess
                0x0000000000120038                Scheduler_getCurrentProcess
                0x000000000012003c                end = .
                0x000000000012003c                _end = .
                0x000000000012003c                __end = .
LOAD start.o
LOAD kernel.o
LOAD vga.o
LOAD console.o
LOAD sys.o
LOAD module.o
LOAD gdt.o
LOAD pic.o
LOAD idt.o
LOAD idtAsm.o
LOAD pit.o
LOAD cpu.o
LOAD bitmap.o
LOAD stack.o
LOAD math.o
LOAD pmm.o
LOAD smm.o
LOAD bmm.o
LOAD vmm.o
LOAD heap.o
LOAD dl.o
LOAD arrlist.o
LOAD dumbH.o
LOAD linkl.o
LOAD string.o
LOAD process.o
LOAD sched.o
LOAD rr.o
LOAD pm.o
LOAD kbd.o
LOAD mouse.o
LOAD ps2.o
LOAD ramdisk.o
LOAD tar.o
LOAD vfs.o
OUTPUT(bootloader/kernel elf32-i386)

.comment        0x0000000000000000       0x11
 .comment       0x0000000000000000       0x11 kernel.o
                                         0x12 (size before relaxing)
 .comment       0x0000000000000000       0x12 vga.o
 .comment       0x0000000000000000       0x12 console.o
 .comment       0x0000000000000000       0x12 sys.o
 .comment       0x0000000000000000       0x12 module.o
 .comment       0x0000000000000000       0x12 gdt.o
 .comment       0x0000000000000000       0x12 pic.o
 .comment       0x0000000000000000       0x12 idt.o
 .comment       0x0000000000000000       0x12 pit.o
 .comment       0x0000000000000000       0x12 cpu.o
 .comment       0x0000000000000000       0x12 bitmap.o
 .comment       0x0000000000000000       0x12 stack.o
 .comment       0x0000000000000000       0x12 math.o
 .comment       0x0000000000000000       0x12 pmm.o
 .comment       0x0000000000000000       0x12 smm.o
 .comment       0x0000000000000000       0x12 bmm.o
 .comment       0x0000000000000000       0x12 vmm.o
 .comment       0x0000000000000000       0x12 heap.o
 .comment       0x0000000000000000       0x12 dl.o
 .comment       0x0000000000000000       0x12 arrlist.o
 .comment       0x0000000000000000       0x12 dumbH.o
 .comment       0x0000000000000000       0x12 linkl.o
 .comment       0x0000000000000000       0x12 string.o
 .comment       0x0000000000000000       0x12 process.o
 .comment       0x0000000000000000       0x12 sched.o
 .comment       0x0000000000000000       0x12 rr.o
 .comment       0x0000000000000000       0x12 pm.o
 .comment       0x0000000000000000       0x12 kbd.o
 .comment       0x0000000000000000       0x12 mouse.o
 .comment       0x0000000000000000       0x12 ps2.o
 .comment       0x0000000000000000       0x12 ramdisk.o
 .comment       0x0000000000000000       0x12 tar.o
 .comment       0x0000000000000000       0x12 vfs.o
