
Allocating common symbols
Common symbol       size              file

Scheduler_removeProcess
                    0x4               sched.o
HeapMemory_realloc  0x4               heap.o
Scheduler_addProcess
                    0x4               sched.o
Scheduler_getNextProcess
                    0x4               sched.o
errno               0x4               heap.o
HeapMemory_free     0x4               heap.o
PhysicalMemory_getInfo
                    0x4               pmm.o
HeapMemory_calloc   0x4               heap.o
vgaRam              0x4               vga.o
vgaHeight           0x1               vga.o
vgaWidth            0x1               vga.o
PhysicalMemory_allocateFrame
                    0x4               pmm.o
HeapMemory_alloc    0x4               heap.o
PhysicalMemory_freeFrame
                    0x4               pmm.o
Scheduler_getCurrentProcess
                    0x4               sched.o

Memory Configuration

Name             Origin             Length             Attributes
*default*        0x0000000000000000 0xffffffffffffffff

Linker script and memory map


.text           0x0000000000100000     0xb000
                0x0000000000100000                text = .
                0x0000000000100000                _text = .
                0x0000000000100000                __text = .
 *(.text)
 .text          0x0000000000100000       0x2c start.o
                0x0000000000100000                mbHead
                0x0000000000100020                Start
 *fill*         0x000000000010002c        0x4 
 .text          0x0000000000100030      0x20c kernel.o
                0x0000000000100030                Kernel
 *fill*         0x000000000010023c        0x4 
 .text          0x0000000000100240       0x44 vga.o
                0x0000000000100260                VGA_getModule
 *fill*         0x0000000000100284        0xc 
 .text          0x0000000000100290      0x4b8 console.o
                0x00000000001002a0                Console_printString
                0x00000000001002d0                Console_printf
                0x0000000000100450                Console_printChar
                0x00000000001006a0                Console_clearScreen
                0x0000000000100700                Console_setColor
                0x0000000000100710                Console_getModule
 *fill*         0x0000000000100748        0x8 
 .text          0x0000000000100750       0x41 sys.o
                0x0000000000100750                Sys_restart
                0x0000000000100760                Sys_panic
 *fill*         0x0000000000100791        0xf 
 .text          0x00000000001007a0      0x2c6 module.o
                0x00000000001007a0                Module_load
                0x0000000000100a20                Module_getLoadedModuleNames
                0x0000000000100a60                Module_getNumberOfLoadedModules
 *fill*         0x0000000000100a66        0xa 
 .text          0x0000000000100a70      0x11d gdt.o
                0x0000000000100b60                GDT_getModule
 *fill*         0x0000000000100b8d        0x3 
 .text          0x0000000000100b90       0xad pic.o
                0x0000000000100bc0                PIC8259_setMask
                0x0000000000100c00                PIC8259_sendEOI
                0x0000000000100c10                PIC8259_getModule
 *fill*         0x0000000000100c3d        0x3 
 .text          0x0000000000100c40      0xa7b idt.o
                0x0000000000101470                IDT_registerHandler
                0x0000000000101520                IDT_handlerException
                0x00000000001015b0                IDT_handlerIRQ
                0x0000000000101670                IDT_getModule
 *fill*         0x00000000001016bb        0x5 
 .text          0x00000000001016c0      0x23b idtAsm.o
                0x000000000010172d                IDT_handler0
                0x0000000000101734                IDT_handler1
                0x000000000010173b                IDT_handler2
                0x0000000000101745                IDT_handler3
                0x000000000010174f                IDT_handler4
                0x0000000000101759                IDT_handler5
                0x0000000000101763                IDT_handler6
                0x000000000010176d                IDT_handler7
                0x0000000000101777                IDT_handler8
                0x000000000010177f                IDT_handler9
                0x0000000000101789                IDT_handler10
                0x0000000000101791                IDT_handler11
                0x0000000000101799                IDT_handler12
                0x00000000001017a1                IDT_handler13
                0x00000000001017a9                IDT_handler14
                0x00000000001017b1                IDT_handler15
                0x00000000001017bb                IDT_handler16
                0x00000000001017c5                IDT_handler17
                0x00000000001017cf                IDT_handler18
                0x00000000001017d9                IDT_handler19
                0x00000000001017e3                IDT_handler20
                0x00000000001017ed                IDT_handler21
                0x00000000001017f7                IDT_handler22
                0x0000000000101801                IDT_handler23
                0x000000000010180b                IDT_handler24
                0x0000000000101815                IDT_handler25
                0x000000000010181f                IDT_handler26
                0x0000000000101829                IDT_handler27
                0x0000000000101833                IDT_handler28
                0x000000000010183d                IDT_handler29
                0x0000000000101847                IDT_handler30
                0x0000000000101851                IDT_handler31
                0x000000000010185b                IDT_request0
                0x0000000000101865                IDT_request1
                0x000000000010186f                IDT_request2
                0x0000000000101879                IDT_request3
                0x0000000000101883                IDT_request4
                0x000000000010188d                IDT_request5
                0x0000000000101897                IDT_request6
                0x00000000001018a1                IDT_request7
                0x00000000001018ab                IDT_request8
                0x00000000001018b5                IDT_request9
                0x00000000001018bf                IDT_request10
                0x00000000001018c9                IDT_request11
                0x00000000001018d3                IDT_request12
                0x00000000001018dd                IDT_request13
                0x00000000001018e7                IDT_request14
                0x00000000001018f1                IDT_request15
 *fill*         0x00000000001018fb        0x5 
 .text          0x0000000000101900      0x181 pit.o
                0x00000000001019d0                PIT8253_measureRuntime
                0x00000000001019f0                PIT8253_sleep
                0x0000000000101a40                PIT8253_getModule
 *fill*         0x0000000000101a81        0xf 
 .text          0x0000000000101a90       0xd8 cpu.o
                0x0000000000101a90                CPU_getCR
                0x0000000000101b00                CPU_setCR
 *fill*         0x0000000000101b68        0x8 
 .text          0x0000000000101b70      0x2b2 bitmap.o
                0x0000000000101b70                Bitmap_setBit
                0x0000000000101c10                Bitmap_clearBit
                0x0000000000101cb0                Bitmap_isSet
                0x0000000000101d50                Bitmap_toggle
                0x0000000000101e10                Bitmap_init
 *fill*         0x0000000000101e22        0xe 
 .text          0x0000000000101e30      0x159 stack.o
                0x0000000000101e30                Stack_push
                0x0000000000101ed0                Stack_pop
                0x0000000000101f60                Stack_peek
                0x0000000000101f70                Stack_init
 *fill*         0x0000000000101f89        0x7 
 .text          0x0000000000101f90       0x4d math.o
                0x0000000000101f90                Math_abs
                0x0000000000101fa0                Math_sqrt
                0x0000000000101fb0                Math_sin
                0x0000000000101fc0                Math_cos
                0x0000000000101fd0                Math_tan
 *fill*         0x0000000000101fdd        0x3 
 .text          0x0000000000101fe0       0x7f pmm.o
                0x0000000000102020                PhysicalMemory_getModule
 *fill*         0x000000000010205f        0x1 
 .text          0x0000000000102060      0x2e1 smm.o
                0x0000000000102060                StackPMM_allocateFrame
                0x0000000000102090                StackPMM_freeFrame
                0x0000000000102120                StackPMM_init
                0x0000000000102320                StackPMM_getInfo
 *fill*         0x0000000000102341        0xf 
 .text          0x0000000000102350      0x45e bmm.o
                0x0000000000102350                BitmapPMM_allocateFrame
                0x00000000001023d0                BitmapPMM_freeFrame
                0x0000000000102480                BitmapPMM_getInfo
                0x00000000001024b0                BitmapPMM_init
 *fill*         0x00000000001027ae        0x2 
 .text          0x00000000001027b0     0x119b vmm.o
                0x0000000000102bf0                VirtualMemory_getKernelDir
                0x0000000000102c00                VirtualMemory_switchPageDir
                0x0000000000102e00                VirtualMemory_mapPage
                0x0000000000102fe0                VirtualMemory_unmapPage
                0x0000000000103180                VirtualMemory_destroyPageDirectory
                0x00000000001033d0                VirtualMemory_createPageDirectory
                0x0000000000103560                VirtualMemory_mapKernel
                0x0000000000103760                VirtualMemory_getPhysicalAddress
                0x0000000000103900                VirtualMemory_getModule
 *fill*         0x000000000010394b        0x5 
 .text          0x0000000000103950      0x4e1 heap.o
                0x0000000000103990                HeapMemory_expand
                0x0000000000103df0                HeapMemory_getModule
 *fill*         0x0000000000103e31        0xf 
 .text          0x0000000000103e40     0x37a3 dl.o
                0x0000000000104c80                DougLea_malloc
                0x0000000000106730                DougLea_free
                0x0000000000106f30                DougLea_calloc
                0x0000000000106fb0                DougLea_realloc
                0x0000000000107080                DougLea_realloc_in_place
                0x00000000001070f0                DougLea_memalign
                0x0000000000107120                DougLea_posix_memalign
                0x00000000001071a0                DougLea_valloc
                0x00000000001071d0                DougLea_pvalloc
                0x0000000000107210                DougLea_independent_calloc
                0x0000000000107240                DougLea_independent_comalloc
                0x0000000000107260                DougLea_bulk_free
                0x0000000000107320                DougLea_malloc_trim
                0x0000000000107350                DougLea_malloc_footprint
                0x0000000000107360                DougLea_malloc_max_footprint
                0x0000000000107370                DougLea_malloc_footprint_limit
                0x0000000000107380                DougLea_malloc_set_footprint_limit
                0x00000000001073b0                DougLea_mallinfo
                0x0000000000107530                DougLea_mallopt
                0x00000000001075b0                DougLea_malloc_usable_size
 *fill*         0x00000000001075e3        0xd 
 .text          0x00000000001075f0      0x4e9 arrlist.o
                0x00000000001075f0                ArrayList_get
                0x0000000000107680                ArrayList_add
                0x0000000000107760                ArrayList_getIndex
                0x0000000000107790                ArrayList_exists
                0x00000000001077d0                ArrayList_getSize
                0x00000000001077e0                ArrayList_removeAt
                0x00000000001078a0                ArrayList_remove
                0x00000000001078e0                ArrayList_isEmpty
                0x0000000000107910                ArrayList_destroy
                0x0000000000107940                ArrayList_new
 *fill*         0x0000000000107ad9        0x7 
 .text          0x0000000000107ae0      0x19b dumbH.o
                0x0000000000107ae0                DumbHeapManager_malloc
                0x0000000000107b30                DumbHeapManager_realloc
                0x0000000000107ba0                DumbHeapManager_calloc
                0x0000000000107c10                DumbHeapManager_free
 *fill*         0x0000000000107c7b        0x5 
 .text          0x0000000000107c80      0x4e2 linkl.o
                0x0000000000107e30                LinkedList_add
                0x0000000000107fa0                LinkedList_remove
                0x0000000000108050                LinkedList_removeFromFront
                0x0000000000108060                LinkedList_push
                0x0000000000108070                LinkedList_pop
                0x0000000000108080                LinkedList_peek
                0x0000000000108110                LinkedList_new
                0x0000000000108130                LinkedList_destroy
 *fill*         0x0000000000108162        0xe 
 .text          0x0000000000108170      0x2c3 string.o
                0x0000000000108170                String_startsWith
                0x00000000001081e0                String_endsWith
                0x0000000000108250                String_charAt
                0x0000000000108260                String_length
                0x0000000000108280                String_charToInt
                0x0000000000108290                String_stringToInt
                0x00000000001082e0                String_numberToString
                0x00000000001083a0                String_copy
                0x00000000001083c0                String_compare
                0x0000000000108410                String_countChar
 *fill*         0x0000000000108433        0xd 
 .text          0x0000000000108440      0x34b process.o
                0x0000000000108440                Process_new
                0x0000000000108760                Process_destroy
 *fill*         0x000000000010878b        0x5 
 .text          0x0000000000108790       0x71 sched.o
                0x00000000001087c0                Scheduler_getModule
 *fill*         0x0000000000108801        0xf 
 .text          0x0000000000108810      0x286 rr.o
                0x0000000000108810                RoundRobin_addProcess
                0x00000000001088d0                RoundRobin_removeProcess
                0x00000000001089f0                RoundRobin_getNextProcess
                0x0000000000108a90                RoundRobin_getCurrentProcess
 *fill*         0x0000000000108a96        0xa 
 .text          0x0000000000108aa0      0x361 pm.o
                0x0000000000108c10                ProcessManager_switch
                0x0000000000108dc0                ProcessManager_getModule
 *fill*         0x0000000000108e01        0xf 
 .text          0x0000000000108e10      0x4b1 kbd.o
                0x0000000000108e40                Keyboard_setLeds
                0x0000000000109000                Keyboard_init
 *fill*         0x00000000001092c1        0xf 
 .text          0x00000000001092d0      0x291 mouse.o
                0x0000000000109380                Mouse_init
 *fill*         0x0000000000109561        0xf 
 .text          0x0000000000109570      0x671 ps2.o
                0x0000000000109b20                PS2Controller_send
                0x0000000000109b60                PS2Controller_receive
                0x0000000000109ba0                PS2Controller_getModule
 *fill*         0x0000000000109be1        0xf 
 .text          0x0000000000109bf0      0xaca ramdisk.o
                0x000000000010a670                RamDisk_getModule
 *fill*         0x000000000010a6ba        0x6 
 .text          0x000000000010a6c0      0x24a tar.o
                0x000000000010a6c0                Tar_nextHeader
                0x000000000010a840                Tar_getHeader
                0x000000000010a870                Tar_getNumberOfFiles
                0x000000000010b000                . = ALIGN (0x1000)
 *fill*         0x000000000010a90a      0x6f6 

.rodata.str1.1  0x000000000010b000      0x552
 .rodata.str1.1
                0x000000000010b000       0x32 kernel.o
                                         0x3d (size before relaxing)
 .rodata.str1.1
                0x000000000010b032       0x12 vga.o
 .rodata.str1.1
                0x000000000010b044       0x44 console.o
                                         0x6d (size before relaxing)
 .rodata.str1.1
                0x000000000010b088        0x9 sys.o
                                          0xe (size before relaxing)
 .rodata.str1.1
                0x000000000010b091       0x14 module.o
                                         0x3d (size before relaxing)
 .rodata.str1.1
                0x000000000010b0a5       0x18 gdt.o
 .rodata.str1.1
                0x000000000010b0bd        0xa pic.o
 .rodata.str1.1
                0x000000000010b0c7       0x56 idt.o
                                         0x7f (size before relaxing)
 .rodata.str1.1
                0x000000000010b11d        0x9 pit.o
 .rodata.str1.1
                0x000000000010b126       0x18 bitmap.o
                                         0x41 (size before relaxing)
 .rodata.str1.1
                0x000000000010b13e       0x17 stack.o
                                         0x40 (size before relaxing)
 .rodata.str1.1
                0x000000000010b155       0x18 pmm.o
 .rodata.str1.1
                0x000000000010b16d       0x1d smm.o
                                         0x46 (size before relaxing)
 .rodata.str1.1
                0x000000000010b18a       0x1e bmm.o
                                         0x5f (size before relaxing)
 .rodata.str1.1
                0x000000000010b1a8       0x63 vmm.o
                                         0xa7 (size before relaxing)
 .rodata.str1.1
                0x000000000010b20b       0x2c heap.o
                                         0x6d (size before relaxing)
 .rodata.str1.1
                0x000000000010b237       0x1b arrlist.o
                                         0x44 (size before relaxing)
 .rodata.str1.1
                0x0000000000000000       0x29 dumbH.o
 .rodata.str1.1
                0x000000000010b252       0x1c linkl.o
                                         0x45 (size before relaxing)
 .rodata.str1.1
                0x000000000010b26e       0x11 string.o
 .rodata.str1.1
                0x000000000010b27f       0x1d process.o
                                         0x5e (size before relaxing)
 .rodata.str1.1
                0x000000000010b29c       0x12 sched.o
 .rodata.str1.1
                0x0000000000000000       0x29 rr.o
 .rodata.str1.1
                0x000000000010b2ae       0x71 pm.o
                                         0x9a (size before relaxing)
 .rodata.str1.1
                0x000000000010b31f       0x94 kbd.o
                                         0xa2 (size before relaxing)
 .rodata.str1.1
                0x000000000010b3b3       0x30 mouse.o
                                         0x53 (size before relaxing)
 .rodata.str1.1
                0x000000000010b3e3       0xf5 ps2.o
                                        0x118 (size before relaxing)
 .rodata.str1.1
                0x000000000010b4d8       0x5e ramdisk.o
                                         0xb4 (size before relaxing)
 .rodata.str1.1
                0x000000000010b536       0x1c tar.o
                                         0x45 (size before relaxing)

.eh_frame       0x000000000010b554     0x18d8
 .eh_frame      0x000000000010b554       0x3c kernel.o
 .eh_frame      0x000000000010b590       0x28 vga.o
                                         0x40 (size before relaxing)
 .eh_frame      0x000000000010b5b8      0x128 console.o
                                        0x140 (size before relaxing)
 .eh_frame      0x000000000010b6e0       0x2c sys.o
                                         0x44 (size before relaxing)
 .eh_frame      0x000000000010b70c       0x68 module.o
                                         0x80 (size before relaxing)
 .eh_frame      0x000000000010b774       0x28 gdt.o
                                         0x40 (size before relaxing)
 .eh_frame      0x000000000010b79c       0x5c pic.o
                                         0x74 (size before relaxing)
 .eh_frame      0x000000000010b7f8       0xa8 idt.o
                                         0xc0 (size before relaxing)
 .eh_frame      0x000000000010b8a0       0xb8 pit.o
                                         0xd0 (size before relaxing)
 .eh_frame      0x000000000010b958       0x28 cpu.o
                                         0x40 (size before relaxing)
 .eh_frame      0x000000000010b980       0xd4 bitmap.o
                                         0xec (size before relaxing)
 .eh_frame      0x000000000010ba54       0x70 stack.o
                                         0x88 (size before relaxing)
 .eh_frame      0x000000000010bac4       0x64 math.o
                                         0x7c (size before relaxing)
 .eh_frame      0x000000000010bb28       0x2c pmm.o
                                         0x44 (size before relaxing)
 .eh_frame      0x000000000010bb54       0x90 smm.o
                                         0xa8 (size before relaxing)
 .eh_frame      0x000000000010bbe4       0xb0 bmm.o
                                         0xc8 (size before relaxing)
 .eh_frame      0x000000000010bc94      0x248 vmm.o
                                        0x260 (size before relaxing)
 .eh_frame      0x000000000010bedc       0x68 heap.o
                                         0x80 (size before relaxing)
 .eh_frame      0x000000000010bf44      0x598 dl.o
                                        0x5b0 (size before relaxing)
 .eh_frame      0x000000000010c4dc      0x174 arrlist.o
                                        0x18c (size before relaxing)
 .eh_frame      0x000000000010c650       0x6c dumbH.o
                                         0x84 (size before relaxing)
 .eh_frame      0x000000000010c6bc      0x130 linkl.o
                                        0x148 (size before relaxing)
 .eh_frame      0x000000000010c7ec      0x18c string.o
                                        0x1a4 (size before relaxing)
 .eh_frame      0x000000000010c978       0x60 process.o
                                         0x78 (size before relaxing)
 .eh_frame      0x000000000010c9d8       0x28 sched.o
                                         0x40 (size before relaxing)
 .eh_frame      0x000000000010ca00       0x80 rr.o
                                         0x98 (size before relaxing)
 .eh_frame      0x000000000010ca80       0xac pm.o
                                         0xc4 (size before relaxing)
 .eh_frame      0x000000000010cb2c       0xa4 kbd.o
                                         0xbc (size before relaxing)
 .eh_frame      0x000000000010cbd0       0x60 mouse.o
                                         0x78 (size before relaxing)
 .eh_frame      0x000000000010cc30       0x88 ps2.o
                                         0xa0 (size before relaxing)
 .eh_frame      0x000000000010ccb8      0x100 ramdisk.o
                                        0x118 (size before relaxing)
 .eh_frame      0x000000000010cdb8       0x74 tar.o
                                         0x8c (size before relaxing)

.rodata.str1.4  0x000000000010ce2c      0x1c8
 .rodata.str1.4
                0x000000000010ce2c       0x1f idt.o
 *fill*         0x000000000010ce4b        0x1 
 .rodata.str1.4
                0x000000000010ce4c       0x22 vmm.o
 *fill*         0x000000000010ce6e        0x2 
 .rodata.str1.4
                0x000000000010ce70       0x1f heap.o
 *fill*         0x000000000010ce8f        0x1 
 .rodata.str1.4
                0x000000000010ce90       0x24 dumbH.o
 .rodata.str1.4
                0x000000000010ceb4       0x20 rr.o
 .rodata.str1.4
                0x000000000010ced4       0x24 pm.o
 .rodata.str1.4
                0x000000000010cef8       0x47 kbd.o
 *fill*         0x000000000010cf3f        0x1 
 .rodata.str1.4
                0x000000000010cf40       0x70 mouse.o
 .rodata.str1.4
                0x000000000010cfb0       0x23 ps2.o
 *fill*         0x000000000010cfd3        0x1 
 .rodata.str1.4
                0x000000000010cfd4       0x20 ramdisk.o

.iplt           0x000000000010d000        0x0
 .iplt          0x0000000000000000        0x0 start.o

.rel.dyn        0x000000000010cff4        0x0
 .rel.iplt      0x0000000000000000        0x0 start.o
 .rel.text      0x0000000000000000        0x0 start.o

.data           0x000000000010d000     0x1000
                0x000000000010d000                data = .
                0x000000000010d000                _data = .
                0x000000000010d000                __data = .
 *(.data)
 .data          0x000000000010d000        0x0 kernel.o
 .data          0x000000000010d000        0x0 vga.o
 .data          0x000000000010d000        0x0 console.o
 .data          0x000000000010d000        0x0 sys.o
 .data          0x000000000010d000        0x0 module.o
 .data          0x000000000010d000        0x0 gdt.o
 .data          0x000000000010d000        0x0 pic.o
 .data          0x000000000010d000        0x0 idt.o
 .data          0x000000000010d000        0x0 pit.o
 .data          0x000000000010d000        0x0 cpu.o
 .data          0x000000000010d000        0x0 bitmap.o
 .data          0x000000000010d000        0x0 stack.o
 .data          0x000000000010d000        0x0 math.o
 .data          0x000000000010d000        0x0 pmm.o
 .data          0x000000000010d000        0x0 smm.o
 .data          0x000000000010d000        0x0 bmm.o
 .data          0x000000000010d000        0x0 vmm.o
 .data          0x000000000010d000        0x0 heap.o
 .data          0x000000000010d000        0x0 dl.o
 .data          0x000000000010d000        0x0 arrlist.o
 .data          0x000000000010d000        0x4 dumbH.o
 .data          0x000000000010d004        0x0 linkl.o
 .data          0x000000000010d004        0x0 string.o
 .data          0x000000000010d004        0x0 process.o
 .data          0x000000000010d004        0x0 sched.o
 .data          0x000000000010d004        0x0 rr.o
 .data          0x000000000010d004        0x0 pm.o
 .data          0x000000000010d004        0x0 kbd.o
 .data          0x000000000010d004        0x0 mouse.o
 .data          0x000000000010d004        0x0 ps2.o
 .data          0x000000000010d004        0x0 ramdisk.o
 .data          0x000000000010d004        0x0 tar.o
 *(.rodata)
 .rodata        0x000000000010d004       0x28 cpu.o
 *fill*         0x000000000010d02c       0x14 
 .rodata        0x000000000010d040      0x200 kbd.o
                0x000000000010e000                . = ALIGN (0x1000)
 *fill*         0x000000000010d240      0xdc0 

.igot.plt       0x000000000010e000        0x0
 .igot.plt      0x0000000000000000        0x0 start.o

.bss            0x000000000010e000    0x12038
                0x000000000010e000                bss = .
                0x000000000010e000                _bss = .
                0x000000000010e000                __bss = .
 *(.bss)
 .bss           0x000000000010e000     0xff00 start.o
 .bss           0x000000000011df00        0x0 kernel.o
 .bss           0x000000000011df00       0x34 vga.o
 *fill*         0x000000000011df34        0xc 
 .bss           0x000000000011df40       0x54 console.o
 .bss           0x000000000011df94        0x0 sys.o
 *fill*         0x000000000011df94        0xc 
 .bss           0x000000000011dfa0       0xa0 module.o
 .bss           0x000000000011e040       0x6e gdt.o
 *fill*         0x000000000011e0ae       0x12 
 .bss           0x000000000011e0c0       0x34 pic.o
 *fill*         0x000000000011e0f4        0xc 
 .bss           0x000000000011e100      0xc40 idt.o
 .bss           0x000000000011ed40       0x54 pit.o
 .bss           0x000000000011ed94        0x0 cpu.o
 .bss           0x000000000011ed94        0x0 bitmap.o
 .bss           0x000000000011ed94        0x0 stack.o
 .bss           0x000000000011ed94        0x0 math.o
 *fill*         0x000000000011ed94        0xc 
 .bss           0x000000000011eda0       0x3c pmm.o
 .bss           0x000000000011eddc       0x14 smm.o
 .bss           0x000000000011edf0       0x18 bmm.o
 *fill*         0x000000000011ee08       0x18 
 .bss           0x000000000011ee20       0x54 vmm.o
 *fill*         0x000000000011ee74        0xc 
 .bss           0x000000000011ee80       0x54 heap.o
 *fill*         0x000000000011eed4        0xc 
 .bss           0x000000000011eee0      0x1f0 dl.o
 .bss           0x000000000011f0d0        0x0 arrlist.o
 .bss           0x000000000011f0d0        0x4 dumbH.o
 .bss           0x000000000011f0d4        0x0 linkl.o
 *fill*         0x000000000011f0d4        0xc 
 .bss           0x000000000011f0e0       0x20 string.o
 .bss           0x000000000011f100        0x0 process.o
 .bss           0x000000000011f100       0x34 sched.o
 .bss           0x000000000011f134        0x8 rr.o
 *fill*         0x000000000011f13c        0x4 
 .bss           0x000000000011f140       0x34 pm.o
 .bss           0x000000000011f174        0x4 kbd.o
 .bss           0x000000000011f178        0x4 mouse.o
 *fill*         0x000000000011f17c        0x4 
 .bss           0x000000000011f180       0x35 ps2.o
 *fill*         0x000000000011f1b5        0xb 
 .bss           0x000000000011f1c0       0x60 ramdisk.o
 .bss           0x000000000011f220        0x0 tar.o
                0x0000000000120000                . = ALIGN (0x1000)
 *fill*         0x000000000011f220      0xde0 
 COMMON         0x0000000000120000        0x6 vga.o
                0x0000000000120000                vgaRam
                0x0000000000120004                vgaHeight
                0x0000000000120005                vgaWidth
 *fill*         0x0000000000120006        0x2 
 COMMON         0x0000000000120008        0xc pmm.o
                0x0000000000120008                PhysicalMemory_getInfo
                0x000000000012000c                PhysicalMemory_allocateFrame
                0x0000000000120010                PhysicalMemory_freeFrame
 COMMON         0x0000000000120014       0x14 heap.o
                0x0000000000120014                HeapMemory_realloc
                0x0000000000120018                errno
                0x000000000012001c                HeapMemory_free
                0x0000000000120020                HeapMemory_calloc
                0x0000000000120024                HeapMemory_alloc
 COMMON         0x0000000000120028       0x10 sched.o
                0x0000000000120028                Scheduler_removeProcess
                0x000000000012002c                Scheduler_addProcess
                0x0000000000120030                Scheduler_getNextProcess
                0x0000000000120034                Scheduler_getCurrentProcess
                0x0000000000120038                end = .
                0x0000000000120038                _end = .
                0x0000000000120038                __end = .
LOAD start.o
LOAD kernel.o
LOAD vga.o
LOAD console.o
LOAD sys.o
LOAD module.o
LOAD gdt.o
LOAD pic.o
LOAD idt.o
LOAD idtAsm.o
LOAD pit.o
LOAD cpu.o
LOAD bitmap.o
LOAD stack.o
LOAD math.o
LOAD pmm.o
LOAD smm.o
LOAD bmm.o
LOAD vmm.o
LOAD heap.o
LOAD dl.o
LOAD arrlist.o
LOAD dumbH.o
LOAD linkl.o
LOAD string.o
LOAD process.o
LOAD sched.o
LOAD rr.o
LOAD pm.o
LOAD kbd.o
LOAD mouse.o
LOAD ps2.o
LOAD ramdisk.o
LOAD tar.o
OUTPUT(bootloader/kernel elf32-i386)

.comment        0x0000000000000000       0x11
 .comment       0x0000000000000000       0x11 kernel.o
                                         0x12 (size before relaxing)
 .comment       0x0000000000000000       0x12 vga.o
 .comment       0x0000000000000000       0x12 console.o
 .comment       0x0000000000000000       0x12 sys.o
 .comment       0x0000000000000000       0x12 module.o
 .comment       0x0000000000000000       0x12 gdt.o
 .comment       0x0000000000000000       0x12 pic.o
 .comment       0x0000000000000000       0x12 idt.o
 .comment       0x0000000000000000       0x12 pit.o
 .comment       0x0000000000000000       0x12 cpu.o
 .comment       0x0000000000000000       0x12 bitmap.o
 .comment       0x0000000000000000       0x12 stack.o
 .comment       0x0000000000000000       0x12 math.o
 .comment       0x0000000000000000       0x12 pmm.o
 .comment       0x0000000000000000       0x12 smm.o
 .comment       0x0000000000000000       0x12 bmm.o
 .comment       0x0000000000000000       0x12 vmm.o
 .comment       0x0000000000000000       0x12 heap.o
 .comment       0x0000000000000000       0x12 dl.o
 .comment       0x0000000000000000       0x12 arrlist.o
 .comment       0x0000000000000000       0x12 dumbH.o
 .comment       0x0000000000000000       0x12 linkl.o
 .comment       0x0000000000000000       0x12 string.o
 .comment       0x0000000000000000       0x12 process.o
 .comment       0x0000000000000000       0x12 sched.o
 .comment       0x0000000000000000       0x12 rr.o
 .comment       0x0000000000000000       0x12 pm.o
 .comment       0x0000000000000000       0x12 kbd.o
 .comment       0x0000000000000000       0x12 mouse.o
 .comment       0x0000000000000000       0x12 ps2.o
 .comment       0x0000000000000000       0x12 ramdisk.o
 .comment       0x0000000000000000       0x12 tar.o
