
Allocating common symbols
Common symbol       size              file

Scheduler_removeProcess
                    0x4               sched.o
HeapMemory_realloc  0x4               heap.o
Scheduler_addProcess
                    0x4               sched.o
Scheduler_getNextProcess
                    0x4               sched.o
errno               0x4               heap.o
HeapMemory_free     0x4               heap.o
multibootInfo       0x4               kernel.o
PhysicalMemory_getInfo
                    0x4               pmm.o
HeapMemory_calloc   0x4               heap.o
vgaRam              0x4               vga.o
vgaHeight           0x1               vga.o
vgaWidth            0x1               vga.o
PhysicalMemory_allocateFrame
                    0x4               pmm.o
HeapMemory_alloc    0x4               heap.o
kernelProcess       0x4               pm.o
PhysicalMemory_freeFrame
                    0x4               pmm.o
Scheduler_getCurrentProcess
                    0x4               sched.o

Memory Configuration

Name             Origin             Length             Attributes
*default*        0x0000000000000000 0xffffffffffffffff

Linker script and memory map


.text           0x0000000000100000    0x11000
                0x0000000000100000                text = .
                0x0000000000100000                _text = .
                0x0000000000100000                __text = .
 *(.text)
 .text          0x0000000000100000       0x2c start.o
                0x0000000000100000                mbHead
                0x0000000000100020                Start
 .text          0x000000000010002c      0x210 kernel.o
                0x0000000000100038                Kernel_idle
                0x0000000000100042                Kernel
 .text          0x000000000010023c       0x45 vga.o
                0x0000000000100259                VGA_getModule
 *fill*         0x0000000000100281        0x3 
 .text          0x0000000000100284      0x6d1 console.o
                0x000000000010067b                Console_printf
                0x000000000010072e                Console_printChar
                0x0000000000100870                Console_printString
                0x0000000000100898                Console_clearScreen
                0x0000000000100903                Console_setColor
                0x0000000000100919                Console_getModule
 *fill*         0x0000000000100955        0x3 
 .text          0x0000000000100958       0xb7 sys.o
                0x000000000010099e                Sys_restart
                0x00000000001009ba                Sys_powerOff
                0x00000000001009d6                Sys_panic
 *fill*         0x0000000000100a0f        0x1 
 .text          0x0000000000100a10      0x2ac module.o
                0x0000000000100a10                Module_load
                0x0000000000100c76                Module_getLoadedModuleNames
                0x0000000000100cb2                Module_getNumberOfLoadedModules
 .text          0x0000000000100cbc      0x4b2 gdt.o
                0x0000000000101118                GDT_setTSS
                0x000000000010113d                GDT_getModule
 *fill*         0x000000000010116e        0x2 
 .text          0x0000000000101170      0x2bb pic.o
                0x0000000000101313                PIC8259_setMask
                0x00000000001013be                PIC8259_sendEOI
                0x00000000001013fa                PIC8259_getModule
 *fill*         0x000000000010142b        0x1 
 .text          0x000000000010142c      0xe16 idt.o
                0x0000000000101ffc                IDT_registerHandler
                0x0000000000102083                IDT_handlerException
                0x0000000000102121                IDT_handlerIRQ
                0x00000000001021f3                IDT_getModule
 *fill*         0x0000000000102242        0xe 
 .text          0x0000000000102250      0x265 idtAsm.o
                0x00000000001022d4                IDT_handler0
                0x00000000001022de                IDT_handler1
                0x00000000001022e8                IDT_handler2
                0x00000000001022f2                IDT_handler3
                0x00000000001022fc                IDT_handler4
                0x0000000000102306                IDT_handler5
                0x0000000000102310                IDT_handler6
                0x000000000010231a                IDT_handler7
                0x0000000000102324                IDT_handler8
                0x000000000010232c                IDT_handler9
                0x0000000000102336                IDT_handler10
                0x000000000010233e                IDT_handler11
                0x0000000000102346                IDT_handler12
                0x000000000010234e                IDT_handler13
                0x0000000000102356                IDT_handler14
                0x000000000010235e                IDT_handler15
                0x0000000000102368                IDT_handler16
                0x0000000000102372                IDT_handler17
                0x000000000010237c                IDT_handler18
                0x0000000000102386                IDT_handler19
                0x0000000000102390                IDT_handler20
                0x000000000010239a                IDT_handler21
                0x00000000001023a4                IDT_handler22
                0x00000000001023ae                IDT_handler23
                0x00000000001023b8                IDT_handler24
                0x00000000001023c2                IDT_handler25
                0x00000000001023cc                IDT_handler26
                0x00000000001023d6                IDT_handler27
                0x00000000001023e0                IDT_handler28
                0x00000000001023ea                IDT_handler29
                0x00000000001023f4                IDT_handler30
                0x00000000001023fe                IDT_handler31
                0x0000000000102408                IDT_handler128
                0x0000000000102415                IDT_request0
                0x000000000010241f                IDT_request1
                0x0000000000102429                IDT_request2
                0x0000000000102433                IDT_request3
                0x000000000010243d                IDT_request4
                0x0000000000102447                IDT_request5
                0x0000000000102451                IDT_request6
                0x000000000010245b                IDT_request7
                0x0000000000102465                IDT_request8
                0x000000000010246f                IDT_request9
                0x0000000000102479                IDT_request10
                0x0000000000102483                IDT_request11
                0x000000000010248d                IDT_request12
                0x0000000000102497                IDT_request13
                0x00000000001024a1                IDT_request14
                0x00000000001024ab                IDT_request15
 *fill*         0x00000000001024b5        0x3 
 .text          0x00000000001024b8      0x1f8 pit.o
                0x0000000000102608                PIT8253_measureRuntime
                0x000000000010262b                PIT8253_sleep
                0x000000000010266b                PIT8253_getModule
 .text          0x00000000001026b0       0xa9 cpu.o
                0x00000000001026b0                CPU_getCR
                0x0000000000102711                CPU_setCR
 *fill*         0x0000000000102759        0x3 
 .text          0x000000000010275c      0x2e9 bitmap.o
                0x000000000010275c                Bitmap_setBit
                0x0000000000102810                Bitmap_clearBit
                0x00000000001028c6                Bitmap_isSet
                0x0000000000102975                Bitmap_toggle
                0x0000000000102a2f                Bitmap_init
 *fill*         0x0000000000102a45        0x3 
 .text          0x0000000000102a48      0x185 stack.o
                0x0000000000102a48                Stack_push
                0x0000000000102aef                Stack_pop
                0x0000000000102b91                Stack_peek
                0x0000000000102bad                Stack_init
 *fill*         0x0000000000102bcd        0x3 
 .text          0x0000000000102bd0      0x129 math.o
                0x0000000000102bd0                Math_abs
                0x0000000000102c0b                Math_sqrt
                0x0000000000102c46                Math_sin
                0x0000000000102c81                Math_cos
                0x0000000000102cbc                Math_tan
 *fill*         0x0000000000102cf9        0x3 
 .text          0x0000000000102cfc       0xc5 pmm.o
                0x0000000000102d90                PhysicalMemory_getModule
 *fill*         0x0000000000102dc1        0x3 
 .text          0x0000000000102dc4      0x22d smm.o
                0x0000000000102dc4                StackPMM_allocateFrame
                0x0000000000102dee                StackPMM_freeFrame
                0x0000000000102e7f                StackPMM_init
                0x0000000000102fc6                StackPMM_getInfo
 *fill*         0x0000000000102ff1        0x3 
 .text          0x0000000000102ff4      0x405 bmm.o
                0x000000000010314f                BitmapPMM_allocateFrame
                0x00000000001031cd                BitmapPMM_freeFrame
                0x0000000000103266                BitmapPMM_getInfo
                0x0000000000103298                BitmapPMM_init
 *fill*         0x00000000001033f9        0x3 
 .text          0x00000000001033fc     0x1804 vmm.o
                0x0000000000103a4d                VirtualMemory_quickMap
                0x0000000000103c0a                VirtualMemory_quickUnmap
                0x0000000000103dcf                VirtualMemory_getKernelDir
                0x0000000000103dd9                VirtualMemory_switchPageDir
                0x0000000000103e99                VirtualMemory_mapKernel
                0x00000000001040e1                VirtualMemory_createPageDirectory
                0x0000000000104265                VirtualMemory_destroyPageDirectory
                0x00000000001044ee                VirtualMemory_mapPage
                0x0000000000104774                VirtualMemory_unmapPage
                0x00000000001049e9                VirtualMemory_getPhysicalAddress
                0x0000000000104bb1                VirtualMemory_getModule
 .text          0x0000000000104c00      0x9c0 heap.o
                0x0000000000104d40                HeapMemory_expand
                0x0000000000105189                HeapMemory_expandUser
                0x000000000010557b                HeapMemory_getModule
 .text          0x00000000001055c0     0x5f15 dl.o
                0x0000000000108da3                DougLea_malloc
                0x00000000001092d8                DougLea_free
                0x000000000010a0ed                DougLea_calloc
                0x000000000010b017                DougLea_realloc
                0x000000000010b123                DougLea_realloc_in_place
                0x000000000010b1a8                DougLea_memalign
                0x000000000010b1dd                DougLea_posix_memalign
                0x000000000010b283                DougLea_valloc
                0x000000000010b2b5                DougLea_pvalloc
                0x000000000010b2f6                DougLea_independent_calloc
                0x000000000010b32d                DougLea_independent_comalloc
                0x000000000010b35e                DougLea_bulk_free
                0x000000000010b380                DougLea_malloc_trim
                0x000000000010b3b8                DougLea_malloc_footprint
                0x000000000010b3c2                DougLea_malloc_max_footprint
                0x000000000010b3cc                DougLea_malloc_footprint_limit
                0x000000000010b3ec                DougLea_malloc_set_footprint_limit
                0x000000000010b442                DougLea_mallinfo
                0x000000000010b465                DougLea_mallopt
                0x000000000010b47f                DougLea_malloc_usable_size
 *fill*         0x000000000010b4d5        0x3 
 .text          0x000000000010b4d8      0x49a arrlist.o
                0x000000000010b4d8                ArrayList_get
                0x000000000010b55e                ArrayList_add
                0x000000000010b63f                ArrayList_getIndex
                0x000000000010b67c                ArrayList_exists
                0x000000000010b6a1                ArrayList_getSize
                0x000000000010b6ac                ArrayList_remove
                0x000000000010b6db                ArrayList_removeAt
                0x000000000010b7aa                ArrayList_isEmpty
                0x000000000010b7c9                ArrayList_destroy
                0x000000000010b7ed                ArrayList_new
 *fill*         0x000000000010b972        0x2 
 .text          0x000000000010b974      0x1a8 dumbH.o
                0x000000000010b974                DumbHeapManager_malloc
                0x000000000010b9ce                DumbHeapManager_realloc
                0x000000000010ba3f                DumbHeapManager_calloc
                0x000000000010bab0                DumbHeapManager_free
 .text          0x000000000010bb1c      0x446 linkl.o
                0x000000000010bcf8                LinkedList_add
                0x000000000010be42                LinkedList_remove
                0x000000000010bedb                LinkedList_removeFromFront
                0x000000000010bef7                LinkedList_getFront
                0x000000000010bf03                LinkedList_new
                0x000000000010bf21                LinkedList_destroy
 *fill*         0x000000000010bf62        0x2 
 .text          0x000000000010bf64      0x2d4 string.o
                0x000000000010bf64                String_startsWith
                0x000000000010bfae                String_endsWith
                0x000000000010c018                String_charAt
                0x000000000010c027                String_length
                0x000000000010c04f                String_charToInt
                0x000000000010c064                String_stringToInt
                0x000000000010c0e0                String_numberToString
                0x000000000010c17d                String_copy
                0x000000000010c1b3                String_compare
                0x000000000010c1f9                String_countChar
 .text          0x000000000010c238      0x369 fifo.o
                0x000000000010c238                CircularFIFOBuffer_new
                0x000000000010c386                CircularFIFOBuffer_destroy
                0x000000000010c3aa                CircularFIFOBuffer_read
                0x000000000010c471                CircularFIFOBuffer_write
 *fill*         0x000000000010c5a1        0x3 
 .text          0x000000000010c5a4       0x90 sched.o
                0x000000000010c5a4                Scheduler_init
 .text          0x000000000010c634      0x1f3 rr.o
                0x000000000010c634                RoundRobin_addProcess
                0x000000000010c6e3                RoundRobin_removeProcess
                0x000000000010c7e6                RoundRobin_getNextProcess
                0x000000000010c81d                RoundRobin_getCurrentProcess
 *fill*         0x000000000010c827        0x1 
 .text          0x000000000010c828      0x1d1 fcfs.o
                0x000000000010c828                FCFS_addProcess
                0x000000000010c8d0                FCFS_removeProcess
                0x000000000010c9e5                FCFS_getNextProcess
                0x000000000010c9ef                FCFS_getCurrentProcess
 *fill*         0x000000000010c9f9        0x3 
 .text          0x000000000010c9fc     0x1162 pm.o
                0x000000000010d213                ProcessManager_switch
                0x000000000010d486                ProcessManager_killProcess
                0x000000000010d84c                ProcessManager_spawnProcess
                0x000000000010daab                ProcessManager_blockCurrentProcess
                0x000000000010dac0                ProcessManager_waitPID
                0x000000000010db19                ProcessManager_getModule
 *fill*         0x000000000010db5e        0x2 
 .text          0x000000000010db60      0x608 kbd.o
                0x000000000010dd29                Keyboard_getChar
                0x000000000010dd6d                Keyboard_setLeds
                0x000000000010de09                Keyboard_init
 .text          0x000000000010e168      0x339 mouse.o
                0x000000000010e239                Mouse_init
 *fill*         0x000000000010e4a1        0x3 
 .text          0x000000000010e4a4      0x707 ps2.o
                0x000000000010eb17                PS2Controller_send
                0x000000000010eb46                PS2Controller_receive
                0x000000000010eb66                PS2Controller_getModule
 *fill*         0x000000000010ebab        0x1 
 .text          0x000000000010ebac      0x9cd ramdisk.o
                0x000000000010f412                RamDisk_init
 *fill*         0x000000000010f579        0x3 
 .text          0x000000000010f57c      0x299 tar.o
                0x000000000010f65b                Tar_nextHeader
                0x000000000010f72c                Tar_getHeader
                0x000000000010f773                Tar_getNumberOfFiles
 *fill*         0x000000000010f815        0x3 
 .text          0x000000000010f818     0x1178 vfs.o
                0x000000000010faab                VFS_openFile
                0x000000000010fbf6                VFS_closeFile
                0x000000000010fd0d                VFS_getParent
                0x000000000010fe7f                VFS_readDir
                0x000000000010ffef                VFS_findDir
                0x00000000001100ed                VFS_changeDirectoryPtr
                0x00000000001101e1                VFS_changeDirectoryStr
                0x00000000001102c3                VFS_getWorkingDirectoryStr
                0x0000000000110367                VFS_getFileStats
                0x0000000000110389                VFS_getWorkingDirectoryPtr
                0x000000000011039b                VFS_read
                0x000000000011066e                VFS_write
                0x0000000000110941                VFS_mkdir
                0x000000000011094b                VFS_getModule
 .text          0x0000000000110990      0x208 user.o
                0x0000000000110b53                Usermode_getModule
                0x0000000000111000                . = ALIGN (0x1000)
 *fill*         0x0000000000110b98      0x468 

.eh_frame       0x0000000000111000     0x21fc
 .eh_frame      0x0000000000111000       0x94 kernel.o
 .eh_frame      0x0000000000111094       0x40 vga.o
                                         0x58 (size before relaxing)
 .eh_frame      0x00000000001110d4      0x200 console.o
                                        0x218 (size before relaxing)
 .eh_frame      0x00000000001112d4       0xe0 sys.o
                                         0xf8 (size before relaxing)
 .eh_frame      0x00000000001113b4       0x60 module.o
                                         0x78 (size before relaxing)
 .eh_frame      0x0000000000111414       0xc0 gdt.o
                                         0xd8 (size before relaxing)
 .eh_frame      0x00000000001114d4       0xcc pic.o
                                         0xe4 (size before relaxing)
 .eh_frame      0x00000000001115a0      0x108 idt.o
                                        0x120 (size before relaxing)
 .eh_frame      0x00000000001116a8       0xe0 pit.o
                                         0xf8 (size before relaxing)
 .eh_frame      0x0000000000111788       0x44 cpu.o
                                         0x5c (size before relaxing)
 .eh_frame      0x00000000001117cc       0xb8 bitmap.o
                                         0xd0 (size before relaxing)
 .eh_frame      0x0000000000111884       0x80 stack.o
                                         0x98 (size before relaxing)
 .eh_frame      0x0000000000111904       0xa0 math.o
                                         0xb8 (size before relaxing)
 .eh_frame      0x00000000001119a4       0x40 pmm.o
                                         0x58 (size before relaxing)
 .eh_frame      0x00000000001119e4       0x80 smm.o
                                         0x98 (size before relaxing)
 .eh_frame      0x0000000000111a64       0xe0 bmm.o
                                         0xf8 (size before relaxing)
 .eh_frame      0x0000000000111b44      0x290 vmm.o
                                        0x2a8 (size before relaxing)
 .eh_frame      0x0000000000111dd4       0xb0 heap.o
                                         0xc8 (size before relaxing)
 .eh_frame      0x0000000000111e84      0x5dc dl.o
                                        0x5f4 (size before relaxing)
 .eh_frame      0x0000000000112460      0x140 arrlist.o
                                        0x158 (size before relaxing)
 .eh_frame      0x00000000001125a0       0x80 dumbH.o
                                         0x98 (size before relaxing)
 .eh_frame      0x0000000000112620      0x100 linkl.o
                                        0x118 (size before relaxing)
 .eh_frame      0x0000000000112720      0x140 string.o
                                        0x158 (size before relaxing)
 .eh_frame      0x0000000000112860       0x80 fifo.o
                                         0x98 (size before relaxing)
 .eh_frame      0x00000000001128e0       0x20 sched.o
                                         0x38 (size before relaxing)
 .eh_frame      0x0000000000112900       0x80 rr.o
                                         0x98 (size before relaxing)
 .eh_frame      0x0000000000112980       0x80 fcfs.o
                                         0x98 (size before relaxing)
 .eh_frame      0x0000000000112a00      0x1ac pm.o
                                        0x1c4 (size before relaxing)
 .eh_frame      0x0000000000112bac       0xa0 kbd.o
                                         0xb8 (size before relaxing)
 .eh_frame      0x0000000000112c4c       0x60 mouse.o
                                         0x78 (size before relaxing)
 .eh_frame      0x0000000000112cac      0x144 ps2.o
                                        0x15c (size before relaxing)
 .eh_frame      0x0000000000112df0       0xf8 ramdisk.o
                                        0x110 (size before relaxing)
 .eh_frame      0x0000000000112ee8       0x80 tar.o
                                         0x98 (size before relaxing)
 .eh_frame      0x0000000000112f68      0x224 vfs.o
                                        0x23c (size before relaxing)
 .eh_frame      0x000000000011318c       0x70 user.o
                                         0x88 (size before relaxing)

.iplt           0x0000000000113200        0x0
 .iplt          0x0000000000000000        0x0 start.o

.rel.dyn        0x00000000001131fc        0x0
 .rel.iplt      0x0000000000000000        0x0 start.o
 .rel.text      0x0000000000000000        0x0 start.o

.data           0x0000000000113200     0x1e00
                0x0000000000113200                data = .
                0x0000000000113200                _data = .
                0x0000000000113200                __data = .
 *(.data)
 .data          0x0000000000113200        0x0 kernel.o
 .data          0x0000000000113200        0x0 vga.o
 .data          0x0000000000113200        0x0 console.o
 .data          0x0000000000113200        0x0 sys.o
 .data          0x0000000000113200        0x0 module.o
 .data          0x0000000000113200        0x0 gdt.o
 .data          0x0000000000113200        0x0 pic.o
 .data          0x0000000000113200        0x0 idt.o
 .data          0x0000000000113200        0x0 pit.o
 .data          0x0000000000113200        0x0 cpu.o
 .data          0x0000000000113200        0x0 bitmap.o
 .data          0x0000000000113200        0x0 stack.o
 .data          0x0000000000113200        0x0 math.o
 .data          0x0000000000113200        0x0 pmm.o
 .data          0x0000000000113200        0x0 smm.o
 .data          0x0000000000113200        0x0 bmm.o
 .data          0x0000000000113200        0x0 vmm.o
 .data          0x0000000000113200        0x0 heap.o
 .data          0x0000000000113200        0x0 dl.o
 .data          0x0000000000113200        0x0 arrlist.o
 .data          0x0000000000113200        0x4 dumbH.o
 .data          0x0000000000113204        0x0 linkl.o
 .data          0x0000000000113204        0x0 string.o
 .data          0x0000000000113204        0x0 fifo.o
 .data          0x0000000000113204        0x0 sched.o
 .data          0x0000000000113204        0x0 rr.o
 .data          0x0000000000113204        0x0 fcfs.o
 .data          0x0000000000113204        0x0 pm.o
 .data          0x0000000000113204        0x0 kbd.o
 .data          0x0000000000113204        0x0 mouse.o
 .data          0x0000000000113204        0x0 ps2.o
 .data          0x0000000000113204        0x0 ramdisk.o
 .data          0x0000000000113204        0x0 tar.o
 .data          0x0000000000113204        0x0 vfs.o
 *fill*         0x0000000000113204       0x1c 
 .data          0x0000000000113220       0x60 user.o
 *(.rodata)
 .rodata        0x0000000000113280       0x54 kernel.o
 .rodata        0x00000000001132d4       0x12 vga.o
 .rodata        0x00000000001132e6       0x91 console.o
 .rodata        0x0000000000113377        0xe sys.o
 .rodata        0x0000000000113385       0x3d module.o
 .rodata        0x00000000001133c2       0x57 gdt.o
 .rodata        0x0000000000113419       0x4d pic.o
 *fill*         0x0000000000113466        0x2 
 .rodata        0x0000000000113468       0xc3 idt.o
 .rodata        0x000000000011352b       0x4c pit.o
 *fill*         0x0000000000113577        0x1 
 .rodata        0x0000000000113578       0x28 cpu.o
 .rodata        0x00000000001135a0       0x41 bitmap.o
 .rodata        0x00000000001135e1       0x40 stack.o
 *fill*         0x0000000000113621        0x3 
 .rodata        0x0000000000113624       0x66 pmm.o
 .rodata        0x000000000011368a       0x46 smm.o
 .rodata        0x00000000001136d0       0x5f bmm.o
 *fill*         0x000000000011372f        0x1 
 .rodata        0x0000000000113730       0xf1 vmm.o
 *fill*         0x0000000000113821        0x3 
 .rodata        0x0000000000113824       0xb2 heap.o
 .rodata        0x00000000001138d6       0x41 dl.o
 .rodata        0x0000000000113917       0x44 arrlist.o
 *fill*         0x000000000011395b        0x1 
 .rodata        0x000000000011395c       0x50 dumbH.o
 .rodata        0x00000000001139ac       0x45 linkl.o
 .rodata        0x00000000001139f1       0x11 string.o
 *fill*         0x0000000000113a02        0x2 
 .rodata        0x0000000000113a04       0x50 fifo.o
 .rodata        0x0000000000113a54       0x50 sched.o
 .rodata        0x0000000000113aa4       0x4c rr.o
 .rodata        0x0000000000113af0       0x43 fcfs.o
 *fill*         0x0000000000113b33        0x1 
 .rodata        0x0000000000113b34       0xd3 pm.o
 *fill*         0x0000000000113c07       0x19 
 .rodata        0x0000000000113c20      0x303 kbd.o
 *fill*         0x0000000000113f23        0x1 
 .rodata        0x0000000000113f24       0xd8 mouse.o
 .rodata        0x0000000000113ffc      0x159 ps2.o
 *fill*         0x0000000000114155        0x3 
 .rodata        0x0000000000114158      0x101 ramdisk.o
 .rodata        0x0000000000114259       0x45 tar.o
 .rodata        0x000000000011429e       0xae vfs.o
 .rodata        0x000000000011434c       0x7e user.o
                0x0000000000115000                . = ALIGN (0x1000)
 *fill*         0x00000000001143ca      0xc36 

.igot.plt       0x0000000000115000        0x0
 .igot.plt      0x0000000000000000        0x0 start.o

.bss            0x0000000000115000    0x12040
                0x0000000000115000                bss = .
                0x0000000000115000                _bss = .
                0x0000000000115000                __bss = .
 *(.bss)
 .bss           0x0000000000115000     0xff00 start.o
 .bss           0x0000000000124f00        0x0 kernel.o
 .bss           0x0000000000124f00       0x34 vga.o
 *fill*         0x0000000000124f34        0xc 
 .bss           0x0000000000124f40       0x37 console.o
 *fill*         0x0000000000124f77        0x1 
 .bss           0x0000000000124f78        0x0 sys.o
 *fill*         0x0000000000124f78        0x8 
 .bss           0x0000000000124f80       0x84 module.o
 *fill*         0x0000000000125004       0x1c 
 .bss           0x0000000000125020       0xec gdt.o
 *fill*         0x000000000012510c       0x14 
 .bss           0x0000000000125120       0x34 pic.o
 *fill*         0x0000000000125154        0xc 
 .bss           0x0000000000125160      0xc60 idt.o
 .bss           0x0000000000125dc0       0x38 pit.o
 .bss           0x0000000000125df8        0x0 cpu.o
 .bss           0x0000000000125df8        0x0 bitmap.o
 .bss           0x0000000000125df8        0x0 stack.o
 .bss           0x0000000000125df8        0x0 math.o
 *fill*         0x0000000000125df8        0x8 
 .bss           0x0000000000125e00       0x34 pmm.o
 .bss           0x0000000000125e34       0x14 smm.o
 .bss           0x0000000000125e48       0x18 bmm.o
 .bss           0x0000000000125e60       0x38 vmm.o
 *fill*         0x0000000000125e98        0x8 
 .bss           0x0000000000125ea0       0x38 heap.o
 *fill*         0x0000000000125ed8        0x8 
 .bss           0x0000000000125ee0      0x1f8 dl.o
 .bss           0x00000000001260d8        0x0 arrlist.o
 .bss           0x00000000001260d8        0x4 dumbH.o
 .bss           0x00000000001260dc        0x0 linkl.o
 *fill*         0x00000000001260dc        0x4 
 .bss           0x00000000001260e0       0x20 string.o
 .bss           0x0000000000126100        0x0 fifo.o
 .bss           0x0000000000126100        0x0 sched.o
 .bss           0x0000000000126100        0x8 rr.o
 .bss           0x0000000000126108        0x8 fcfs.o
 *fill*         0x0000000000126110       0x10 
 .bss           0x0000000000126120       0x3c pm.o
 .bss           0x000000000012615c        0xc kbd.o
 .bss           0x0000000000126168        0x4 mouse.o
 *fill*         0x000000000012616c       0x14 
 .bss           0x0000000000126180       0x54 ps2.o
 *fill*         0x00000000001261d4        0xc 
 .bss           0x00000000001261e0       0xe8 ramdisk.o
 .bss           0x00000000001262c8        0x0 tar.o
 *fill*         0x00000000001262c8       0x18 
 .bss           0x00000000001262e0       0x38 vfs.o
 *fill*         0x0000000000126318        0x8 
 .bss           0x0000000000126320       0x34 user.o
                0x0000000000127000                . = ALIGN (0x1000)
 *fill*         0x0000000000126354      0xcac 
 COMMON         0x0000000000127000        0x4 kernel.o
                0x0000000000127000                multibootInfo
 COMMON         0x0000000000127004        0x6 vga.o
                0x0000000000127004                vgaRam
                0x0000000000127008                vgaHeight
                0x0000000000127009                vgaWidth
 *fill*         0x000000000012700a        0x2 
 COMMON         0x000000000012700c        0xc pmm.o
                0x000000000012700c                PhysicalMemory_getInfo
                0x0000000000127010                PhysicalMemory_allocateFrame
                0x0000000000127014                PhysicalMemory_freeFrame
 COMMON         0x0000000000127018       0x14 heap.o
                0x0000000000127018                HeapMemory_realloc
                0x000000000012701c                errno
                0x0000000000127020                HeapMemory_free
                0x0000000000127024                HeapMemory_calloc
                0x0000000000127028                HeapMemory_alloc
 COMMON         0x000000000012702c       0x10 sched.o
                0x000000000012702c                Scheduler_removeProcess
                0x0000000000127030                Scheduler_addProcess
                0x0000000000127034                Scheduler_getNextProcess
                0x0000000000127038                Scheduler_getCurrentProcess
 COMMON         0x000000000012703c        0x4 pm.o
                0x000000000012703c                kernelProcess
                0x0000000000127040                end = .
                0x0000000000127040                _end = .
                0x0000000000127040                __end = .
LOAD start.o
LOAD kernel.o
LOAD vga.o
LOAD console.o
LOAD sys.o
LOAD module.o
LOAD gdt.o
LOAD pic.o
LOAD idt.o
LOAD idtAsm.o
LOAD pit.o
LOAD cpu.o
LOAD bitmap.o
LOAD stack.o
LOAD math.o
LOAD pmm.o
LOAD smm.o
LOAD bmm.o
LOAD vmm.o
LOAD heap.o
LOAD dl.o
LOAD arrlist.o
LOAD dumbH.o
LOAD linkl.o
LOAD string.o
LOAD fifo.o
LOAD sched.o
LOAD rr.o
LOAD fcfs.o
LOAD pm.o
LOAD kbd.o
LOAD mouse.o
LOAD ps2.o
LOAD ramdisk.o
LOAD tar.o
LOAD vfs.o
LOAD user.o
OUTPUT(bootloader/kernel elf32-i386)

.comment        0x0000000000000000       0x11
 .comment       0x0000000000000000       0x11 kernel.o
                                         0x12 (size before relaxing)
 .comment       0x0000000000000000       0x12 vga.o
 .comment       0x0000000000000000       0x12 console.o
 .comment       0x0000000000000000       0x12 sys.o
 .comment       0x0000000000000000       0x12 module.o
 .comment       0x0000000000000000       0x12 gdt.o
 .comment       0x0000000000000000       0x12 pic.o
 .comment       0x0000000000000000       0x12 idt.o
 .comment       0x0000000000000000       0x12 pit.o
 .comment       0x0000000000000000       0x12 cpu.o
 .comment       0x0000000000000000       0x12 bitmap.o
 .comment       0x0000000000000000       0x12 stack.o
 .comment       0x0000000000000000       0x12 math.o
 .comment       0x0000000000000000       0x12 pmm.o
 .comment       0x0000000000000000       0x12 smm.o
 .comment       0x0000000000000000       0x12 bmm.o
 .comment       0x0000000000000000       0x12 vmm.o
 .comment       0x0000000000000000       0x12 heap.o
 .comment       0x0000000000000000       0x12 dl.o
 .comment       0x0000000000000000       0x12 arrlist.o
 .comment       0x0000000000000000       0x12 dumbH.o
 .comment       0x0000000000000000       0x12 linkl.o
 .comment       0x0000000000000000       0x12 string.o
 .comment       0x0000000000000000       0x12 fifo.o
 .comment       0x0000000000000000       0x12 sched.o
 .comment       0x0000000000000000       0x12 rr.o
 .comment       0x0000000000000000       0x12 fcfs.o
 .comment       0x0000000000000000       0x12 pm.o
 .comment       0x0000000000000000       0x12 kbd.o
 .comment       0x0000000000000000       0x12 mouse.o
 .comment       0x0000000000000000       0x12 ps2.o
 .comment       0x0000000000000000       0x12 ramdisk.o
 .comment       0x0000000000000000       0x12 tar.o
 .comment       0x0000000000000000       0x12 vfs.o
 .comment       0x0000000000000000       0x12 user.o
