
Allocating common symbols
Common symbol       size              file

errno               0x4               kernel.o
vgaRam              0x4               vga.o
vgaHeight           0x1               vga.o
vgaWidth            0x1               vga.o
PhysicalMemory_allocateFrame
                    0x4               pmm.o
PhysicalMemory_printInfo
                    0x4               pmm.o
PhysicalMemory_freeFrame
                    0x4               pmm.o

Memory Configuration

Name             Origin             Length             Attributes
*default*        0x0000000000000000 0xffffffffffffffff

Linker script and memory map


.text           0x0000000000100000     0x7000
                0x0000000000100000                text = .
                0x0000000000100000                _text = .
                0x0000000000100000                __text = .
 *(.text)
 .text          0x0000000000100000       0x2c start.o
                0x0000000000100000                mbHead
                0x0000000000100020                Start
 *fill*         0x000000000010002c        0x4 00
 .text          0x0000000000100030      0x177 kernel.o
                0x0000000000100030                Kernel
 *fill*         0x00000000001001a7        0x9 00
 .text          0x00000000001001b0       0x56 io.o
                0x00000000001001b0                IO_outB
                0x00000000001001c0                IO_outW
                0x00000000001001d0                IO_outL
                0x00000000001001e0                IO_inB
                0x00000000001001f0                IO_inW
                0x0000000000100200                IO_inL
 *fill*         0x0000000000100206        0xa 00
 .text          0x0000000000100210       0x44 vga.o
                0x0000000000100230                VGA_getModule
 *fill*         0x0000000000100254        0xc 00
 .text          0x0000000000100260      0x4e8 console.o
                0x0000000000100270                Console_printString
                0x00000000001002a0                Console_printf
                0x00000000001004c0                Console_printChar
                0x0000000000100670                Console_clearScreen
                0x0000000000100700                Console_setColor
                0x0000000000100710                Console_getModule
 *fill*         0x0000000000100748        0x8 00
 .text          0x0000000000100750       0x61 sys.o
                0x0000000000100750                Sys_restart
                0x0000000000100770                Sys_haltCPU
                0x0000000000100780                Sys_panic
 *fill*         0x00000000001007b1        0xf 00
 .text          0x00000000001007c0      0x2c6 module.o
                0x00000000001007c0                Module_load
                0x0000000000100a40                Module_getLoadedModuleNames
                0x0000000000100a80                Module_getNumberOfLoadedModules
 *fill*         0x0000000000100a86        0xa 00
 .text          0x0000000000100a90      0x1b4 mem.o
                0x0000000000100a90                Memory_set
                0x0000000000100b30                Memory_copy
 *fill*         0x0000000000100c44        0xc 00
 .text          0x0000000000100c50      0x114 gdt.o
                0x0000000000100d40                GDT_getModule
 *fill*         0x0000000000100d64        0xc 00
 .text          0x0000000000100d70        0x8 gdtAsm.o
                0x0000000000100d70                GDT_farJump
 *fill*         0x0000000000100d78        0x8 00
 .text          0x0000000000100d80      0x1a4 pic.o
                0x0000000000100e50                PIC8259_setMask
                0x0000000000100ec0                PIC8259_sendEOI
                0x0000000000100f00                PIC8259_getModule
 *fill*         0x0000000000100f24        0xc 00
 .text          0x0000000000100f30      0xa52 idt.o
                0x0000000000101760                IDT_registerHandler
                0x0000000000101810                IDT_handlerException
                0x00000000001018a0                IDT_handlerIRQ
                0x0000000000101940                IDT_getModule
 *fill*         0x0000000000101982        0xe 00
 .text          0x0000000000101990      0x212 idtAsm.o
                0x00000000001019e0                IDT_handler0
                0x00000000001019e7                IDT_handler1
                0x00000000001019ee                IDT_handler2
                0x00000000001019f5                IDT_handler3
                0x00000000001019fc                IDT_handler4
                0x0000000000101a03                IDT_handler5
                0x0000000000101a0a                IDT_handler6
                0x0000000000101a14                IDT_handler7
                0x0000000000101a1e                IDT_handler8
                0x0000000000101a26                IDT_handler9
                0x0000000000101a30                IDT_handler10
                0x0000000000101a38                IDT_handler11
                0x0000000000101a40                IDT_handler12
                0x0000000000101a48                IDT_handler13
                0x0000000000101a50                IDT_handler14
                0x0000000000101a58                IDT_handler15
                0x0000000000101a62                IDT_handler16
                0x0000000000101a6c                IDT_handler17
                0x0000000000101a76                IDT_handler18
                0x0000000000101a80                IDT_handler19
                0x0000000000101a8a                IDT_handler20
                0x0000000000101a94                IDT_handler21
                0x0000000000101a9e                IDT_handler22
                0x0000000000101aa8                IDT_handler23
                0x0000000000101ab2                IDT_handler24
                0x0000000000101abc                IDT_handler25
                0x0000000000101ac6                IDT_handler26
                0x0000000000101ad0                IDT_handler27
                0x0000000000101ada                IDT_handler28
                0x0000000000101ae4                IDT_handler29
                0x0000000000101aee                IDT_handler30
                0x0000000000101af8                IDT_handler31
                0x0000000000101b02                IDT_request0
                0x0000000000101b0c                IDT_request1
                0x0000000000101b16                IDT_request2
                0x0000000000101b20                IDT_request3
                0x0000000000101b2a                IDT_request4
                0x0000000000101b34                IDT_request5
                0x0000000000101b3e                IDT_request6
                0x0000000000101b48                IDT_request7
                0x0000000000101b52                IDT_request8
                0x0000000000101b5c                IDT_request9
                0x0000000000101b66                IDT_request10
                0x0000000000101b70                IDT_request11
                0x0000000000101b7a                IDT_request12
                0x0000000000101b84                IDT_request13
                0x0000000000101b8e                IDT_request14
                0x0000000000101b98                IDT_request15
 *fill*         0x0000000000101ba2        0xe 00
 .text          0x0000000000101bb0      0x118 pit.o
                0x0000000000101c30                PIT8253_measureRuntime
                0x0000000000101c50                PIT8253_sleep
                0x0000000000101c90                PIT8253_getModule
 *fill*         0x0000000000101cc8        0x8 00
 .text          0x0000000000101cd0       0xd4 cpu.o
                0x0000000000101cd0                CPU_getCR
                0x0000000000101d40                CPU_setCR
 *fill*         0x0000000000101da4        0xc 00
 .text          0x0000000000101db0      0x2b2 bitmap.o
                0x0000000000101db0                Bitmap_setBit
                0x0000000000101e50                Bitmap_clearBit
                0x0000000000101ef0                Bitmap_isSet
                0x0000000000101f90                Bitmap_toggle
                0x0000000000102050                Bitmap_init
 *fill*         0x0000000000102062        0xe 00
 .text          0x0000000000102070      0x159 stack.o
                0x0000000000102070                Stack_push
                0x0000000000102110                Stack_pop
                0x00000000001021a0                Stack_peek
                0x00000000001021b0                Stack_init
 *fill*         0x00000000001021c9        0x7 00
 .text          0x00000000001021d0       0x4d math.o
                0x00000000001021d0                Math_abs
                0x00000000001021e0                Math_sqrt
                0x00000000001021f0                Math_sin
                0x0000000000102200                Math_cos
                0x0000000000102210                Math_tan
 *fill*         0x000000000010221d        0x3 00
 .text          0x0000000000102220       0x76 pmm.o
                0x0000000000102260                PhysicalMemory_getModule
 *fill*         0x0000000000102296        0xa 00
 .text          0x00000000001022a0      0x2f1 smm.o
                0x00000000001022a0                StackPMM_allocateFrame
                0x00000000001022c0                StackPMM_freeFrame
                0x0000000000102350                StackPMM_init
                0x0000000000102530                StackPMM_printInfo
 *fill*         0x0000000000102591        0xf 00
 .text          0x00000000001025a0      0x415 bmm.o
                0x00000000001025a0                BitmapPMM_allocateFrame
                0x0000000000102620                BitmapPMM_freeFrame
                0x00000000001026d0                BitmapPMM_printInfo
                0x0000000000102740                BitmapPMM_init
 *fill*         0x00000000001029b5        0xb 00
 .text          0x00000000001029c0      0x862 vmm.o
                0x0000000000102d00                VirtualMemory_mapPage
                0x0000000000102e90                VirtualMemory_unmapPage
                0x0000000000103040                VirtualMemory_getPhysicalAddress
                0x00000000001031e0                VirtualMemory_getModule
 *fill*         0x0000000000103222        0xe 00
 .text          0x0000000000103230      0x3a8 heap.o
                0x0000000000103240                HeapMemory_expand
                0x00000000001033c0                HeapMemory_contract
                0x00000000001035a0                HeapMemory_getModule
 *fill*         0x00000000001035d8        0x8 00
 .text          0x00000000001035e0     0x36fa dl.o
                0x0000000000104400                malloc
                0x0000000000105e40                free
                0x0000000000106640                calloc
                0x00000000001066b0                realloc
                0x0000000000106780                realloc_in_place
                0x00000000001067f0                memalign
                0x0000000000106820                posix_memalign
                0x00000000001068b0                valloc
                0x00000000001068e0                pvalloc
                0x0000000000106920                independent_calloc
                0x0000000000106950                independent_comalloc
                0x0000000000106970                bulk_free
                0x0000000000106a30                malloc_trim
                0x0000000000106a60                malloc_footprint
                0x0000000000106a70                malloc_max_footprint
                0x0000000000106a80                malloc_footprint_limit
                0x0000000000106a90                malloc_set_footprint_limit
                0x0000000000106ab0                mallinfo
                0x0000000000106c30                mallopt
                0x0000000000106cb0                malloc_usable_size
                0x0000000000107000                . = ALIGN (0x1000)
 *fill*         0x0000000000106cda      0x326 00

.rodata.str1.1  0x0000000000107000      0x256
 .rodata.str1.1
                0x0000000000107000       0x3d kernel.o
 .rodata.str1.1
                0x000000000010703d       0x12 vga.o
 .rodata.str1.1
                0x000000000010704f       0x3d console.o
                                         0x66 (size before relaxing)
 .rodata.str1.1
                0x000000000010708c        0xe sys.o
 .rodata.str1.1
                0x000000000010709a       0x14 module.o
                                         0x3d (size before relaxing)
 .rodata.str1.1
                0x00000000001070ae       0x14 mem.o
                                         0x3d (size before relaxing)
 .rodata.str1.1
                0x00000000001070c2       0x18 gdt.o
 .rodata.str1.1
                0x00000000001070da        0xa pic.o
 .rodata.str1.1
                0x00000000001070e4       0x56 idt.o
                                         0x7f (size before relaxing)
 .rodata.str1.1
                0x000000000010713a        0x9 pit.o
 .rodata.str1.1
                0x0000000000107143       0x18 bitmap.o
                                         0x41 (size before relaxing)
 .rodata.str1.1
                0x000000000010715b       0x17 stack.o
                                         0x40 (size before relaxing)
 .rodata.str1.1
                0x0000000000107172       0x18 pmm.o
 .rodata.str1.1
                0x000000000010718a       0x69 smm.o
                                         0x92 (size before relaxing)
 .rodata.str1.1
                0x00000000001071f3       0x2c bmm.o
                                         0x93 (size before relaxing)
 .rodata.str1.1
                0x000000000010721f       0x23 vmm.o
                                         0x4c (size before relaxing)
 .rodata.str1.1
                0x0000000000107242       0x14 heap.o
                                         0x3d (size before relaxing)

.eh_frame       0x0000000000107258      0xfa0
 .eh_frame      0x0000000000107258       0x38 kernel.o
 .eh_frame      0x0000000000107290       0x78 io.o
                                         0x90 (size before relaxing)
 .eh_frame      0x0000000000107308       0x28 vga.o
                                         0x40 (size before relaxing)
 .eh_frame      0x0000000000107330      0x128 console.o
                                        0x140 (size before relaxing)
 .eh_frame      0x0000000000107458       0x44 sys.o
                                         0x5c (size before relaxing)
 .eh_frame      0x000000000010749c       0x68 module.o
                                         0x80 (size before relaxing)
 .eh_frame      0x0000000000107504       0x64 mem.o
                                         0x7c (size before relaxing)
 .eh_frame      0x0000000000107568       0x28 gdt.o
                                         0x40 (size before relaxing)
 .eh_frame      0x0000000000107590       0x68 pic.o
                                         0x80 (size before relaxing)
 .eh_frame      0x00000000001075f8       0x9c idt.o
                                         0xb4 (size before relaxing)
 .eh_frame      0x0000000000107694       0x78 pit.o
                                         0x90 (size before relaxing)
 .eh_frame      0x000000000010770c       0x28 cpu.o
                                         0x40 (size before relaxing)
 .eh_frame      0x0000000000107734       0xec bitmap.o
                                        0x104 (size before relaxing)
 .eh_frame      0x0000000000107820       0x70 stack.o
                                         0x88 (size before relaxing)
 .eh_frame      0x0000000000107890       0x64 math.o
                                         0x7c (size before relaxing)
 .eh_frame      0x00000000001078f4       0x2c pmm.o
                                         0x44 (size before relaxing)
 .eh_frame      0x0000000000107920       0x94 smm.o
                                         0xac (size before relaxing)
 .eh_frame      0x00000000001079b4       0xac bmm.o
                                         0xc4 (size before relaxing)
 .eh_frame      0x0000000000107a60      0x158 vmm.o
                                        0x170 (size before relaxing)
 .eh_frame      0x0000000000107bb8       0x90 heap.o
                                         0xa8 (size before relaxing)
 .eh_frame      0x0000000000107c48      0x5b0 dl.o
                                        0x5c8 (size before relaxing)

.rodata.str1.4  0x00000000001081f8       0x64
 .rodata.str1.4
                0x00000000001081f8       0x1f idt.o
 *fill*         0x0000000000108217        0x1 00
 .rodata.str1.4
                0x0000000000108218       0x22 vmm.o
 *fill*         0x000000000010823a        0x2 00
 .rodata.str1.4
                0x000000000010823c       0x20 heap.o
                                         0x1f (size before relaxing)

.iplt           0x0000000000108260        0x0
 .iplt          0x0000000000000000        0x0 start.o

.rel.dyn        0x000000000010825c        0x0
 .rel.iplt      0x0000000000000000        0x0 start.o
 .rel.text      0x0000000000000000        0x0 start.o

.data           0x000000000010825c      0xda4
                0x000000000010825c                data = .
                0x000000000010825c                _data = .
                0x000000000010825c                __data = .
 *(.data)
 .data          0x000000000010825c        0x0 kernel.o
 .data          0x000000000010825c        0x0 io.o
 .data          0x000000000010825c        0x0 vga.o
 .data          0x000000000010825c        0x0 console.o
 .data          0x000000000010825c        0x0 sys.o
 .data          0x000000000010825c        0x0 module.o
 .data          0x000000000010825c        0x0 mem.o
 .data          0x000000000010825c        0x0 gdt.o
 .data          0x000000000010825c        0x0 pic.o
 .data          0x000000000010825c        0x0 idt.o
 .data          0x000000000010825c        0x0 pit.o
 .data          0x000000000010825c        0x0 cpu.o
 .data          0x000000000010825c        0x0 bitmap.o
 .data          0x000000000010825c        0x0 stack.o
 .data          0x000000000010825c        0x0 math.o
 .data          0x000000000010825c        0x0 pmm.o
 .data          0x000000000010825c        0x0 smm.o
 .data          0x000000000010825c        0x0 bmm.o
 .data          0x000000000010825c        0x0 vmm.o
 .data          0x000000000010825c        0x0 heap.o
 .data          0x000000000010825c        0x0 dl.o
 *(.rodata)
 .rodata        0x000000000010825c       0x28 cpu.o
                0x0000000000109000                . = ALIGN (0x1000)
 *fill*         0x0000000000108284      0xd7c 00

.igot.plt       0x0000000000109000        0x0
 .igot.plt      0x0000000000000000        0x0 start.o

.bss            0x0000000000109000    0x12018
                0x0000000000109000                bss = .
                0x0000000000109000                _bss = .
                0x0000000000109000                __bss = .
 *(.bss)
 .bss           0x0000000000109000     0xff00 start.o
 .bss           0x0000000000118f00        0x0 kernel.o
 .bss           0x0000000000118f00        0x0 io.o
 .bss           0x0000000000118f00       0x34 vga.o
 *fill*         0x0000000000118f34        0xc 00
 .bss           0x0000000000118f40       0x94 console.o
 .bss           0x0000000000118fd4        0x0 sys.o
 *fill*         0x0000000000118fd4        0xc 00
 .bss           0x0000000000118fe0       0xa0 module.o
 .bss           0x0000000000119080        0x0 mem.o
 .bss           0x0000000000119080       0x6e gdt.o
 *fill*         0x00000000001190ee       0x12 00
 .bss           0x0000000000119100       0x34 pic.o
 *fill*         0x0000000000119134        0xc 00
 .bss           0x0000000000119140      0xc40 idt.o
 .bss           0x0000000000119d80       0x54 pit.o
 .bss           0x0000000000119dd4        0x0 cpu.o
 .bss           0x0000000000119dd4        0x0 bitmap.o
 .bss           0x0000000000119dd4        0x0 stack.o
 .bss           0x0000000000119dd4        0x0 math.o
 *fill*         0x0000000000119dd4        0xc 00
 .bss           0x0000000000119de0       0x3c pmm.o
 .bss           0x0000000000119e1c       0x14 smm.o
 .bss           0x0000000000119e30       0x18 bmm.o
 *fill*         0x0000000000119e48       0x18 00
 .bss           0x0000000000119e60       0x38 vmm.o
 *fill*         0x0000000000119e98        0x8 00
 .bss           0x0000000000119ea0       0x54 heap.o
 *fill*         0x0000000000119ef4        0xc 00
 .bss           0x0000000000119f00      0x1f0 dl.o
                0x000000000011b000                . = ALIGN (0x1000)
 *fill*         0x000000000011a0f0      0xf10 00
 COMMON         0x000000000011b000        0x4 kernel.o
                0x000000000011b000                errno
 COMMON         0x000000000011b004        0x6 vga.o
                0x000000000011b004                vgaRam
                0x000000000011b008                vgaHeight
                0x000000000011b009                vgaWidth
 *fill*         0x000000000011b00a        0x2 00
 COMMON         0x000000000011b00c        0xc pmm.o
                0x000000000011b00c                PhysicalMemory_allocateFrame
                0x000000000011b010                PhysicalMemory_printInfo
                0x000000000011b014                PhysicalMemory_freeFrame
                0x000000000011b018                end = .
                0x000000000011b018                _end = .
                0x000000000011b018                __end = .
LOAD start.o
LOAD kernel.o
LOAD io.o
LOAD vga.o
LOAD console.o
LOAD sys.o
LOAD module.o
LOAD mem.o
LOAD gdt.o
LOAD gdtAsm.o
LOAD pic.o
LOAD idt.o
LOAD idtAsm.o
LOAD pit.o
LOAD cpu.o
LOAD bitmap.o
LOAD stack.o
LOAD math.o
LOAD pmm.o
LOAD smm.o
LOAD bmm.o
LOAD vmm.o
LOAD heap.o
LOAD dl.o
OUTPUT(bootloader/kernel elf32-i386)

.comment        0x0000000000000000       0x11
 .comment       0x0000000000000000       0x11 kernel.o
                                         0x12 (size before relaxing)
 .comment       0x0000000000000000       0x12 io.o
 .comment       0x0000000000000000       0x12 vga.o
 .comment       0x0000000000000000       0x12 console.o
 .comment       0x0000000000000000       0x12 sys.o
 .comment       0x0000000000000000       0x12 module.o
 .comment       0x0000000000000000       0x12 mem.o
 .comment       0x0000000000000000       0x12 gdt.o
 .comment       0x0000000000000000       0x12 pic.o
 .comment       0x0000000000000000       0x12 idt.o
 .comment       0x0000000000000000       0x12 pit.o
 .comment       0x0000000000000000       0x12 cpu.o
 .comment       0x0000000000000000       0x12 bitmap.o
 .comment       0x0000000000000000       0x12 stack.o
 .comment       0x0000000000000000       0x12 math.o
 .comment       0x0000000000000000       0x12 pmm.o
 .comment       0x0000000000000000       0x12 smm.o
 .comment       0x0000000000000000       0x12 bmm.o
 .comment       0x0000000000000000       0x12 vmm.o
 .comment       0x0000000000000000       0x12 heap.o
 .comment       0x0000000000000000       0x12 dl.o
