
Allocating common symbols
Common symbol       size              file

Scheduler_removeProcess
                    0x4               sched.o
HeapMemory_realloc  0x4               heap.o
Scheduler_addProcess
                    0x4               sched.o
Scheduler_getNextProcess
                    0x4               sched.o
errno               0x4               heap.o
HeapMemory_free     0x4               heap.o
multibootInfo       0x4               kernel.o
PhysicalMemory_getInfo
                    0x4               pmm.o
HeapMemory_calloc   0x4               heap.o
vgaRam              0x4               vga.o
vgaHeight           0x1               vga.o
vgaWidth            0x1               vga.o
PhysicalMemory_allocateFrame
                    0x4               pmm.o
HeapMemory_alloc    0x4               heap.o
PhysicalMemory_freeFrame
                    0x4               pmm.o
Scheduler_getCurrentProcess
                    0x4               sched.o

Memory Configuration

Name             Origin             Length             Attributes
*default*        0x0000000000000000 0xffffffffffffffff

Linker script and memory map


.text           0x0000000000100000     0xf000
                0x0000000000100000                text = .
                0x0000000000100000                _text = .
                0x0000000000100000                __text = .
 *(.text)
 .text          0x0000000000100000       0x2c start.o
                0x0000000000100000                mbHead
                0x0000000000100020                Start
 .text          0x000000000010002c      0x219 kernel.o
                0x000000000010002c                Kernel
 *fill*         0x0000000000100245        0x3 
 .text          0x0000000000100248       0x45 vga.o
                0x0000000000100265                VGA_getModule
 *fill*         0x000000000010028d        0x3 
 .text          0x0000000000100290      0x5d7 console.o
                0x00000000001005fc                Console_printf
                0x00000000001006af                Console_printChar
                0x0000000000100782                Console_printString
                0x00000000001007aa                Console_clearScreen
                0x0000000000100815                Console_setColor
                0x000000000010082b                Console_getModule
 *fill*         0x0000000000100867        0x1 
 .text          0x0000000000100868       0x7d sys.o
                0x0000000000100890                Sys_restart
                0x00000000001008ac                Sys_panic
 *fill*         0x00000000001008e5        0x3 
 .text          0x00000000001008e8      0x2ac module.o
                0x00000000001008e8                Module_load
                0x0000000000100b4e                Module_getLoadedModuleNames
                0x0000000000100b8a                Module_getNumberOfLoadedModules
 .text          0x0000000000100b94      0x449 gdt.o
                0x0000000000100f87                GDT_setTSS
                0x0000000000100fac                GDT_getModule
 *fill*         0x0000000000100fdd        0x3 
 .text          0x0000000000100fe0      0x252 pic.o
                0x000000000010111a                PIC8259_setMask
                0x00000000001011c5                PIC8259_sendEOI
                0x0000000000101201                PIC8259_getModule
 *fill*         0x0000000000101232        0x2 
 .text          0x0000000000101234      0xdaa idt.o
                0x0000000000101d98                IDT_registerHandler
                0x0000000000101e1f                IDT_handlerException
                0x0000000000101ebd                IDT_handlerIRQ
                0x0000000000101f8f                IDT_getModule
 *fill*         0x0000000000101fde        0x2 
 .text          0x0000000000101fe0      0x265 idtAsm.o
                0x0000000000102064                IDT_handler0
                0x000000000010206e                IDT_handler1
                0x0000000000102078                IDT_handler2
                0x0000000000102082                IDT_handler3
                0x000000000010208c                IDT_handler4
                0x0000000000102096                IDT_handler5
                0x00000000001020a0                IDT_handler6
                0x00000000001020aa                IDT_handler7
                0x00000000001020b4                IDT_handler8
                0x00000000001020bc                IDT_handler9
                0x00000000001020c6                IDT_handler10
                0x00000000001020ce                IDT_handler11
                0x00000000001020d6                IDT_handler12
                0x00000000001020de                IDT_handler13
                0x00000000001020e6                IDT_handler14
                0x00000000001020ee                IDT_handler15
                0x00000000001020f8                IDT_handler16
                0x0000000000102102                IDT_handler17
                0x000000000010210c                IDT_handler18
                0x0000000000102116                IDT_handler19
                0x0000000000102120                IDT_handler20
                0x000000000010212a                IDT_handler21
                0x0000000000102134                IDT_handler22
                0x000000000010213e                IDT_handler23
                0x0000000000102148                IDT_handler24
                0x0000000000102152                IDT_handler25
                0x000000000010215c                IDT_handler26
                0x0000000000102166                IDT_handler27
                0x0000000000102170                IDT_handler28
                0x000000000010217a                IDT_handler29
                0x0000000000102184                IDT_handler30
                0x000000000010218e                IDT_handler31
                0x0000000000102198                IDT_handler128
                0x00000000001021a5                IDT_request0
                0x00000000001021af                IDT_request1
                0x00000000001021b9                IDT_request2
                0x00000000001021c3                IDT_request3
                0x00000000001021cd                IDT_request4
                0x00000000001021d7                IDT_request5
                0x00000000001021e1                IDT_request6
                0x00000000001021eb                IDT_request7
                0x00000000001021f5                IDT_request8
                0x00000000001021ff                IDT_request9
                0x0000000000102209                IDT_request10
                0x0000000000102213                IDT_request11
                0x000000000010221d                IDT_request12
                0x0000000000102227                IDT_request13
                0x0000000000102231                IDT_request14
                0x000000000010223b                IDT_request15
 *fill*         0x0000000000102245        0x3 
 .text          0x0000000000102248      0x18f pit.o
                0x000000000010232f                PIT8253_measureRuntime
                0x0000000000102352                PIT8253_sleep
                0x0000000000102392                PIT8253_getModule
 *fill*         0x00000000001023d7        0x1 
 .text          0x00000000001023d8       0xa9 cpu.o
                0x00000000001023d8                CPU_getCR
                0x0000000000102439                CPU_setCR
 *fill*         0x0000000000102481        0x3 
 .text          0x0000000000102484      0x2e9 bitmap.o
                0x0000000000102484                Bitmap_setBit
                0x0000000000102538                Bitmap_clearBit
                0x00000000001025ee                Bitmap_isSet
                0x000000000010269d                Bitmap_toggle
                0x0000000000102757                Bitmap_init
 *fill*         0x000000000010276d        0x3 
 .text          0x0000000000102770      0x185 stack.o
                0x0000000000102770                Stack_push
                0x0000000000102817                Stack_pop
                0x00000000001028b9                Stack_peek
                0x00000000001028d5                Stack_init
 *fill*         0x00000000001028f5        0x3 
 .text          0x00000000001028f8      0x129 math.o
                0x00000000001028f8                Math_abs
                0x0000000000102933                Math_sqrt
                0x000000000010296e                Math_sin
                0x00000000001029a9                Math_cos
                0x00000000001029e4                Math_tan
 *fill*         0x0000000000102a21        0x3 
 .text          0x0000000000102a24       0x7e pmm.o
                0x0000000000102a61                PhysicalMemory_getModule
 *fill*         0x0000000000102aa2        0x2 
 .text          0x0000000000102aa4      0x309 smm.o
                0x0000000000102aa4                StackPMM_allocateFrame
                0x0000000000102ace                StackPMM_freeFrame
                0x0000000000102b5f                StackPMM_init
                0x0000000000102d74                StackPMM_getInfo
 *fill*         0x0000000000102dad        0x3 
 .text          0x0000000000102db0      0x4e7 bmm.o
                0x0000000000102f0b                BitmapPMM_allocateFrame
                0x0000000000102f89                BitmapPMM_freeFrame
                0x0000000000103022                BitmapPMM_getInfo
                0x0000000000103067                BitmapPMM_init
 *fill*         0x0000000000103297        0x1 
 .text          0x0000000000103298     0x12bf vmm.o
                0x0000000000103880                VirtualMemory_getKernelDir
                0x000000000010388a                VirtualMemory_switchPageDir
                0x000000000010394a                VirtualMemory_mapKernel
                0x0000000000103b97                VirtualMemory_createPageDirectory
                0x0000000000103d23                VirtualMemory_destroyPageDirectory
                0x0000000000103fb6                VirtualMemory_mapPage
                0x000000000010417b                VirtualMemory_unmapPage
                0x0000000000104340                VirtualMemory_getPhysicalAddress
                0x0000000000104508                VirtualMemory_getModule
 *fill*         0x0000000000104557        0x1 
 .text          0x0000000000104558      0x4cf heap.o
                0x000000000010462c                HeapMemory_expand
                0x00000000001049e2                HeapMemory_getModule
 *fill*         0x0000000000104a27        0x1 
 .text          0x0000000000104a28     0x5f15 dl.o
                0x000000000010820b                DougLea_malloc
                0x0000000000108740                DougLea_free
                0x0000000000109555                DougLea_calloc
                0x000000000010a47f                DougLea_realloc
                0x000000000010a58b                DougLea_realloc_in_place
                0x000000000010a610                DougLea_memalign
                0x000000000010a645                DougLea_posix_memalign
                0x000000000010a6eb                DougLea_valloc
                0x000000000010a71d                DougLea_pvalloc
                0x000000000010a75e                DougLea_independent_calloc
                0x000000000010a795                DougLea_independent_comalloc
                0x000000000010a7c6                DougLea_bulk_free
                0x000000000010a7e8                DougLea_malloc_trim
                0x000000000010a820                DougLea_malloc_footprint
                0x000000000010a82a                DougLea_malloc_max_footprint
                0x000000000010a834                DougLea_malloc_footprint_limit
                0x000000000010a854                DougLea_malloc_set_footprint_limit
                0x000000000010a8aa                DougLea_mallinfo
                0x000000000010a8cd                DougLea_mallopt
                0x000000000010a8e7                DougLea_malloc_usable_size
 *fill*         0x000000000010a93d        0x3 
 .text          0x000000000010a940      0x49a arrlist.o
                0x000000000010a940                ArrayList_get
                0x000000000010a9c6                ArrayList_add
                0x000000000010aaa7                ArrayList_getIndex
                0x000000000010aae4                ArrayList_exists
                0x000000000010ab09                ArrayList_getSize
                0x000000000010ab14                ArrayList_remove
                0x000000000010ab43                ArrayList_removeAt
                0x000000000010ac12                ArrayList_isEmpty
                0x000000000010ac31                ArrayList_destroy
                0x000000000010ac55                ArrayList_new
 *fill*         0x000000000010adda        0x2 
 .text          0x000000000010addc      0x1a8 dumbH.o
                0x000000000010addc                DumbHeapManager_malloc
                0x000000000010ae36                DumbHeapManager_realloc
                0x000000000010aea7                DumbHeapManager_calloc
                0x000000000010af18                DumbHeapManager_free
 .text          0x000000000010af84      0x4ef linkl.o
                0x000000000010b160                LinkedList_add
                0x000000000010b2aa                LinkedList_remove
                0x000000000010b343                LinkedList_removeFromFront
                0x000000000010b35f                LinkedList_push
                0x000000000010b379                LinkedList_pop
                0x000000000010b396                LinkedList_peek
                0x000000000010b414                LinkedList_new
                0x000000000010b432                LinkedList_destroy
 *fill*         0x000000000010b473        0x1 
 .text          0x000000000010b474      0x2d4 string.o
                0x000000000010b474                String_startsWith
                0x000000000010b4be                String_endsWith
                0x000000000010b528                String_charAt
                0x000000000010b537                String_length
                0x000000000010b55f                String_charToInt
                0x000000000010b574                String_stringToInt
                0x000000000010b5f0                String_numberToString
                0x000000000010b68d                String_copy
                0x000000000010b6c3                String_compare
                0x000000000010b709                String_countChar
 .text          0x000000000010b748       0x72 sched.o
                0x000000000010b775                Scheduler_getModule
 *fill*         0x000000000010b7ba        0x2 
 .text          0x000000000010b7bc      0x276 rr.o
                0x000000000010b7bc                RoundRobin_addProcess
                0x000000000010b864                RoundRobin_removeProcess
                0x000000000010b983                RoundRobin_getNextProcess
                0x000000000010ba28                RoundRobin_getCurrentProcess
 *fill*         0x000000000010ba32        0x2 
 .text          0x000000000010ba34      0xb0e pm.o
                0x000000000010bef5                ProcessManager_switch
                0x000000000010c0a6                ProcessManager_killProcess
                0x000000000010c2c4                ProcessManager_spawnProcess
 *fill*         0x000000000010c542        0x2 
 .text          0x000000000010c544      0x58d kbd.o
                0x000000000010c747                Keyboard_setLeds
                0x000000000010c7e3                Keyboard_init
 *fill*         0x000000000010cad1        0x3 
 .text          0x000000000010cad4      0x2d9 mouse.o
                0x000000000010cba5                Mouse_init
 *fill*         0x000000000010cdad        0x3 
 .text          0x000000000010cdb0      0x69e ps2.o
                0x000000000010d3ba                PS2Controller_send
                0x000000000010d3e9                PS2Controller_receive
                0x000000000010d409                PS2Controller_getModule
 *fill*         0x000000000010d44e        0x2 
 .text          0x000000000010d450      0xe37 ramdisk.o
                0x000000000010e180                RamDisk_init
 *fill*         0x000000000010e287        0x1 
 .text          0x000000000010e288      0x299 tar.o
                0x000000000010e367                Tar_nextHeader
                0x000000000010e438                Tar_getHeader
                0x000000000010e47f                Tar_getNumberOfFiles
 *fill*         0x000000000010e521        0x3 
 .text          0x000000000010e524      0x85a vfs.o
                0x000000000010e72a                VFS_openFile
                0x000000000010e857                VFS_closeFile
                0x000000000010e96e                VFS_getParent
                0x000000000010eae0                VFS_readDir
                0x000000000010eb6d                VFS_changeDirectory
                0x000000000010ec61                VFS_getWorkingDirectoryStr
                0x000000000010ed05                VFS_getFileStats
                0x000000000010ed27                VFS_getWorkingDirectoryPtr
                0x000000000010ed39                VFS_getModule
 *fill*         0x000000000010ed7e        0x2 
 .text          0x000000000010ed80      0x20d user.o
                0x000000000010eed3                Usermode_getModule
                0x000000000010f000                . = ALIGN (0x1000)
 *fill*         0x000000000010ef8d       0x73 

.eh_frame       0x000000000010f000     0x1ea4
 .eh_frame      0x000000000010f000       0x38 kernel.o
 .eh_frame      0x000000000010f038       0x40 vga.o
                                         0x58 (size before relaxing)
 .eh_frame      0x000000000010f078      0x1e0 console.o
                                        0x1f8 (size before relaxing)
 .eh_frame      0x000000000010f258       0xa0 sys.o
                                         0xb8 (size before relaxing)
 .eh_frame      0x000000000010f2f8       0x60 module.o
                                         0x78 (size before relaxing)
 .eh_frame      0x000000000010f358       0xc0 gdt.o
                                         0xd8 (size before relaxing)
 .eh_frame      0x000000000010f418       0xcc pic.o
                                         0xe4 (size before relaxing)
 .eh_frame      0x000000000010f4e4      0x108 idt.o
                                        0x120 (size before relaxing)
 .eh_frame      0x000000000010f5ec       0xe0 pit.o
                                         0xf8 (size before relaxing)
 .eh_frame      0x000000000010f6cc       0x44 cpu.o
                                         0x5c (size before relaxing)
 .eh_frame      0x000000000010f710       0xb8 bitmap.o
                                         0xd0 (size before relaxing)
 .eh_frame      0x000000000010f7c8       0x80 stack.o
                                         0x98 (size before relaxing)
 .eh_frame      0x000000000010f848       0xa0 math.o
                                         0xb8 (size before relaxing)
 .eh_frame      0x000000000010f8e8       0x40 pmm.o
                                         0x58 (size before relaxing)
 .eh_frame      0x000000000010f928       0x80 smm.o
                                         0x98 (size before relaxing)
 .eh_frame      0x000000000010f9a8       0xe0 bmm.o
                                         0xf8 (size before relaxing)
 .eh_frame      0x000000000010fa88      0x250 vmm.o
                                        0x268 (size before relaxing)
 .eh_frame      0x000000000010fcd8       0x80 heap.o
                                         0x98 (size before relaxing)
 .eh_frame      0x000000000010fd58      0x5dc dl.o
                                        0x5f4 (size before relaxing)
 .eh_frame      0x0000000000110334      0x140 arrlist.o
                                        0x158 (size before relaxing)
 .eh_frame      0x0000000000110474       0x80 dumbH.o
                                         0x98 (size before relaxing)
 .eh_frame      0x00000000001104f4      0x140 linkl.o
                                        0x158 (size before relaxing)
 .eh_frame      0x0000000000110634      0x140 string.o
                                        0x158 (size before relaxing)
 .eh_frame      0x0000000000110774       0x40 sched.o
                                         0x58 (size before relaxing)
 .eh_frame      0x00000000001107b4       0x80 rr.o
                                         0x98 (size before relaxing)
 .eh_frame      0x0000000000110834       0xe0 pm.o
                                         0xf8 (size before relaxing)
 .eh_frame      0x0000000000110914       0x80 kbd.o
                                         0x98 (size before relaxing)
 .eh_frame      0x0000000000110994       0x60 mouse.o
                                         0x78 (size before relaxing)
 .eh_frame      0x00000000001109f4      0x144 ps2.o
                                        0x15c (size before relaxing)
 .eh_frame      0x0000000000110b38       0xf8 ramdisk.o
                                        0x110 (size before relaxing)
 .eh_frame      0x0000000000110c30       0x80 tar.o
                                         0x98 (size before relaxing)
 .eh_frame      0x0000000000110cb0      0x184 vfs.o
                                        0x19c (size before relaxing)
 .eh_frame      0x0000000000110e34       0x70 user.o
                                         0x88 (size before relaxing)

.iplt           0x0000000000110eb0        0x0
 .iplt          0x0000000000000000        0x0 start.o

.rel.dyn        0x0000000000110ea4        0x0
 .rel.iplt      0x0000000000000000        0x0 start.o
 .rel.text      0x0000000000000000        0x0 start.o

.data           0x0000000000110ec0     0x1140
                0x0000000000110ec0                data = .
                0x0000000000110ec0                _data = .
                0x0000000000110ec0                __data = .
 *(.data)
 .data          0x0000000000110ec0        0x0 kernel.o
 .data          0x0000000000110ec0        0x0 vga.o
 .data          0x0000000000110ec0        0x0 console.o
 .data          0x0000000000110ec0        0x0 sys.o
 .data          0x0000000000110ec0        0x0 module.o
 .data          0x0000000000110ec0        0x0 gdt.o
 .data          0x0000000000110ec0        0x0 pic.o
 .data          0x0000000000110ec0        0x0 idt.o
 .data          0x0000000000110ec0        0x0 pit.o
 .data          0x0000000000110ec0        0x0 cpu.o
 .data          0x0000000000110ec0        0x0 bitmap.o
 .data          0x0000000000110ec0        0x0 stack.o
 .data          0x0000000000110ec0        0x0 math.o
 .data          0x0000000000110ec0        0x0 pmm.o
 .data          0x0000000000110ec0        0x0 smm.o
 .data          0x0000000000110ec0        0x0 bmm.o
 .data          0x0000000000110ec0        0x0 vmm.o
 .data          0x0000000000110ec0        0x0 heap.o
 .data          0x0000000000110ec0        0x0 dl.o
 .data          0x0000000000110ec0        0x0 arrlist.o
 .data          0x0000000000110ec0        0x4 dumbH.o
 .data          0x0000000000110ec4        0x0 linkl.o
 .data          0x0000000000110ec4        0x0 string.o
 .data          0x0000000000110ec4        0x0 sched.o
 .data          0x0000000000110ec4        0x0 rr.o
 .data          0x0000000000110ec4        0x4 pm.o
 .data          0x0000000000110ec8        0x0 kbd.o
 .data          0x0000000000110ec8        0x0 mouse.o
 .data          0x0000000000110ec8        0x0 ps2.o
 .data          0x0000000000110ec8        0x0 ramdisk.o
 .data          0x0000000000110ec8        0x0 tar.o
 .data          0x0000000000110ec8        0x0 vfs.o
 *fill*         0x0000000000110ec8       0x18 
 .data          0x0000000000110ee0       0x28 user.o
 *(.rodata)
 .rodata        0x0000000000110f08       0x54 kernel.o
 .rodata        0x0000000000110f5c       0x12 vga.o
 .rodata        0x0000000000110f6e       0x6d console.o
 .rodata        0x0000000000110fdb        0xe sys.o
 .rodata        0x0000000000110fe9       0x3d module.o
 .rodata        0x0000000000111026       0x18 gdt.o
 .rodata        0x000000000011103e        0xa pic.o
 .rodata        0x0000000000111048       0x9f idt.o
 .rodata        0x00000000001110e7        0x9 pit.o
 .rodata        0x00000000001110f0       0x28 cpu.o
 .rodata        0x0000000000111118       0x41 bitmap.o
 .rodata        0x0000000000111159       0x40 stack.o
 .rodata        0x0000000000111199       0x18 pmm.o
 .rodata        0x00000000001111b1       0x46 smm.o
 .rodata        0x00000000001111f7       0x5f bmm.o
 *fill*         0x0000000000111256        0x2 
 .rodata        0x0000000000111258       0xcc vmm.o
 .rodata        0x0000000000111324       0x8f heap.o
 .rodata        0x00000000001113b3       0x41 dl.o
 .rodata        0x00000000001113f4       0x44 arrlist.o
 .rodata        0x0000000000111438       0x50 dumbH.o
 .rodata        0x0000000000111488       0x45 linkl.o
 .rodata        0x00000000001114cd       0x11 string.o
 .rodata        0x00000000001114de       0x12 sched.o
 .rodata        0x00000000001114f0       0x4c rr.o
 .rodata        0x000000000011153c       0x6a pm.o
 *fill*         0x00000000001115a6       0x1a 
 .rodata        0x00000000001115c0      0x2eb kbd.o
 *fill*         0x00000000001118ab        0x1 
 .rodata        0x00000000001118ac       0xc4 mouse.o
 .rodata        0x0000000000111970      0x13e ps2.o
 *fill*         0x0000000000111aae        0x2 
 .rodata        0x0000000000111ab0       0xec ramdisk.o
 .rodata        0x0000000000111b9c       0x45 tar.o
 .rodata        0x0000000000111be1       0x89 vfs.o
 .rodata        0x0000000000111c6a       0x58 user.o
                0x0000000000112000                . = ALIGN (0x1000)
 *fill*         0x0000000000111cc2      0x33e 

.igot.plt       0x0000000000112000        0x0
 .igot.plt      0x0000000000000000        0x0 start.o

.bss            0x0000000000112000    0x1203c
                0x0000000000112000                bss = .
                0x0000000000112000                _bss = .
                0x0000000000112000                __bss = .
 *(.bss)
 .bss           0x0000000000112000     0xff00 start.o
 .bss           0x0000000000121f00        0x0 kernel.o
 .bss           0x0000000000121f00       0x34 vga.o
 *fill*         0x0000000000121f34        0xc 
 .bss           0x0000000000121f40       0x37 console.o
 *fill*         0x0000000000121f77        0x1 
 .bss           0x0000000000121f78        0x0 sys.o
 *fill*         0x0000000000121f78        0x8 
 .bss           0x0000000000121f80       0x84 module.o
 *fill*         0x0000000000122004       0x1c 
 .bss           0x0000000000122020       0xec gdt.o
 *fill*         0x000000000012210c       0x14 
 .bss           0x0000000000122120       0x34 pic.o
 *fill*         0x0000000000122154        0xc 
 .bss           0x0000000000122160      0xc60 idt.o
 .bss           0x0000000000122dc0       0x38 pit.o
 .bss           0x0000000000122df8        0x0 cpu.o
 .bss           0x0000000000122df8        0x0 bitmap.o
 .bss           0x0000000000122df8        0x0 stack.o
 .bss           0x0000000000122df8        0x0 math.o
 *fill*         0x0000000000122df8        0x8 
 .bss           0x0000000000122e00       0x3c pmm.o
 .bss           0x0000000000122e3c       0x14 smm.o
 .bss           0x0000000000122e50       0x18 bmm.o
 *fill*         0x0000000000122e68       0x18 
 .bss           0x0000000000122e80       0x38 vmm.o
 *fill*         0x0000000000122eb8        0x8 
 .bss           0x0000000000122ec0       0x38 heap.o
 *fill*         0x0000000000122ef8        0x8 
 .bss           0x0000000000122f00      0x1f8 dl.o
 .bss           0x00000000001230f8        0x0 arrlist.o
 .bss           0x00000000001230f8        0x4 dumbH.o
 .bss           0x00000000001230fc        0x0 linkl.o
 *fill*         0x00000000001230fc        0x4 
 .bss           0x0000000000123100       0x20 string.o
 .bss           0x0000000000123120       0x34 sched.o
 .bss           0x0000000000123154        0x8 rr.o
 .bss           0x000000000012315c        0x0 pm.o
 .bss           0x000000000012315c        0x4 kbd.o
 .bss           0x0000000000123160        0x4 mouse.o
 *fill*         0x0000000000123164       0x1c 
 .bss           0x0000000000123180       0x54 ps2.o
 *fill*         0x00000000001231d4        0xc 
 .bss           0x00000000001231e0       0xe8 ramdisk.o
 .bss           0x00000000001232c8        0x0 tar.o
 *fill*         0x00000000001232c8       0x18 
 .bss           0x00000000001232e0       0x38 vfs.o
 *fill*         0x0000000000123318        0x8 
 .bss           0x0000000000123320       0x38 user.o
                0x0000000000124000                . = ALIGN (0x1000)
 *fill*         0x0000000000123358      0xca8 
 COMMON         0x0000000000124000        0x4 kernel.o
                0x0000000000124000                multibootInfo
 COMMON         0x0000000000124004        0x6 vga.o
                0x0000000000124004                vgaRam
                0x0000000000124008                vgaHeight
                0x0000000000124009                vgaWidth
 *fill*         0x000000000012400a        0x2 
 COMMON         0x000000000012400c        0xc pmm.o
                0x000000000012400c                PhysicalMemory_getInfo
                0x0000000000124010                PhysicalMemory_allocateFrame
                0x0000000000124014                PhysicalMemory_freeFrame
 COMMON         0x0000000000124018       0x14 heap.o
                0x0000000000124018                HeapMemory_realloc
                0x000000000012401c                errno
                0x0000000000124020                HeapMemory_free
                0x0000000000124024                HeapMemory_calloc
                0x0000000000124028                HeapMemory_alloc
 COMMON         0x000000000012402c       0x10 sched.o
                0x000000000012402c                Scheduler_removeProcess
                0x0000000000124030                Scheduler_addProcess
                0x0000000000124034                Scheduler_getNextProcess
                0x0000000000124038                Scheduler_getCurrentProcess
                0x000000000012403c                end = .
                0x000000000012403c                _end = .
                0x000000000012403c                __end = .
LOAD start.o
LOAD kernel.o
LOAD vga.o
LOAD console.o
LOAD sys.o
LOAD module.o
LOAD gdt.o
LOAD pic.o
LOAD idt.o
LOAD idtAsm.o
LOAD pit.o
LOAD cpu.o
LOAD bitmap.o
LOAD stack.o
LOAD math.o
LOAD pmm.o
LOAD smm.o
LOAD bmm.o
LOAD vmm.o
LOAD heap.o
LOAD dl.o
LOAD arrlist.o
LOAD dumbH.o
LOAD linkl.o
LOAD string.o
LOAD sched.o
LOAD rr.o
LOAD pm.o
LOAD kbd.o
LOAD mouse.o
LOAD ps2.o
LOAD ramdisk.o
LOAD tar.o
LOAD vfs.o
LOAD user.o
OUTPUT(bootloader/kernel elf32-i386)

.comment        0x0000000000000000       0x11
 .comment       0x0000000000000000       0x11 kernel.o
                                         0x12 (size before relaxing)
 .comment       0x0000000000000000       0x12 vga.o
 .comment       0x0000000000000000       0x12 console.o
 .comment       0x0000000000000000       0x12 sys.o
 .comment       0x0000000000000000       0x12 module.o
 .comment       0x0000000000000000       0x12 gdt.o
 .comment       0x0000000000000000       0x12 pic.o
 .comment       0x0000000000000000       0x12 idt.o
 .comment       0x0000000000000000       0x12 pit.o
 .comment       0x0000000000000000       0x12 cpu.o
 .comment       0x0000000000000000       0x12 bitmap.o
 .comment       0x0000000000000000       0x12 stack.o
 .comment       0x0000000000000000       0x12 math.o
 .comment       0x0000000000000000       0x12 pmm.o
 .comment       0x0000000000000000       0x12 smm.o
 .comment       0x0000000000000000       0x12 bmm.o
 .comment       0x0000000000000000       0x12 vmm.o
 .comment       0x0000000000000000       0x12 heap.o
 .comment       0x0000000000000000       0x12 dl.o
 .comment       0x0000000000000000       0x12 arrlist.o
 .comment       0x0000000000000000       0x12 dumbH.o
 .comment       0x0000000000000000       0x12 linkl.o
 .comment       0x0000000000000000       0x12 string.o
 .comment       0x0000000000000000       0x12 sched.o
 .comment       0x0000000000000000       0x12 rr.o
 .comment       0x0000000000000000       0x12 pm.o
 .comment       0x0000000000000000       0x12 kbd.o
 .comment       0x0000000000000000       0x12 mouse.o
 .comment       0x0000000000000000       0x12 ps2.o
 .comment       0x0000000000000000       0x12 ramdisk.o
 .comment       0x0000000000000000       0x12 tar.o
 .comment       0x0000000000000000       0x12 vfs.o
 .comment       0x0000000000000000       0x12 user.o
