
Allocating common symbols
Common symbol       size              file

Scheduler_removeProcess
                    0x4               sched.o
HeapMemory_realloc  0x4               heap.o
Scheduler_addProcess
                    0x4               sched.o
Scheduler_getNextProcess
                    0x4               sched.o
errno               0x4               heap.o
HeapMemory_free     0x4               heap.o
multibootInfo       0x4               kernel.o
PhysicalMemory_getInfo
                    0x4               pmm.o
HeapMemory_calloc   0x4               heap.o
vgaRam              0x4               vga.o
vgaHeight           0x1               vga.o
vgaWidth            0x1               vga.o
PhysicalMemory_allocateFrame
                    0x4               pmm.o
HeapMemory_alloc    0x4               heap.o
PhysicalMemory_freeFrame
                    0x4               pmm.o
Scheduler_getCurrentProcess
                    0x4               sched.o

Memory Configuration

Name             Origin             Length             Attributes
*default*        0x0000000000000000 0xffffffffffffffff

Linker script and memory map


.text           0x0000000000100000     0xf000
                0x0000000000100000                text = .
                0x0000000000100000                _text = .
                0x0000000000100000                __text = .
 *(.text)
 .text          0x0000000000100000       0x2c start.o
                0x0000000000100000                mbHead
                0x0000000000100020                Start
 .text          0x000000000010002c      0x240 kernel.o
                0x0000000000100052                Kernel
 .text          0x000000000010026c       0x45 vga.o
                0x0000000000100289                VGA_getModule
 *fill*         0x00000000001002b1        0x3 
 .text          0x00000000001002b4      0x5d7 console.o
                0x0000000000100620                Console_printf
                0x00000000001006d3                Console_printChar
                0x00000000001007a6                Console_printString
                0x00000000001007ce                Console_clearScreen
                0x0000000000100839                Console_setColor
                0x000000000010084f                Console_getModule
 *fill*         0x000000000010088b        0x1 
 .text          0x000000000010088c       0x7d sys.o
                0x00000000001008b4                Sys_restart
                0x00000000001008d0                Sys_panic
 *fill*         0x0000000000100909        0x3 
 .text          0x000000000010090c      0x2ac module.o
                0x000000000010090c                Module_load
                0x0000000000100b72                Module_getLoadedModuleNames
                0x0000000000100bae                Module_getNumberOfLoadedModules
 .text          0x0000000000100bb8      0x449 gdt.o
                0x0000000000100fab                GDT_setTSS
                0x0000000000100fd0                GDT_getModule
 *fill*         0x0000000000101001        0x3 
 .text          0x0000000000101004      0x252 pic.o
                0x000000000010113e                PIC8259_setMask
                0x00000000001011e9                PIC8259_sendEOI
                0x0000000000101225                PIC8259_getModule
 *fill*         0x0000000000101256        0x2 
 .text          0x0000000000101258      0xdaa idt.o
                0x0000000000101dbc                IDT_registerHandler
                0x0000000000101e43                IDT_handlerException
                0x0000000000101ee1                IDT_handlerIRQ
                0x0000000000101fb3                IDT_getModule
 *fill*         0x0000000000102002        0xe 
 .text          0x0000000000102010      0x248 idtAsm.o
                0x000000000010207d                IDT_handler0
                0x0000000000102084                IDT_handler1
                0x000000000010208b                IDT_handler2
                0x0000000000102095                IDT_handler3
                0x000000000010209f                IDT_handler4
                0x00000000001020a9                IDT_handler5
                0x00000000001020b3                IDT_handler6
                0x00000000001020bd                IDT_handler7
                0x00000000001020c7                IDT_handler8
                0x00000000001020cf                IDT_handler9
                0x00000000001020d9                IDT_handler10
                0x00000000001020e1                IDT_handler11
                0x00000000001020e9                IDT_handler12
                0x00000000001020f1                IDT_handler13
                0x00000000001020f9                IDT_handler14
                0x0000000000102101                IDT_handler15
                0x000000000010210b                IDT_handler16
                0x0000000000102115                IDT_handler17
                0x000000000010211f                IDT_handler18
                0x0000000000102129                IDT_handler19
                0x0000000000102133                IDT_handler20
                0x000000000010213d                IDT_handler21
                0x0000000000102147                IDT_handler22
                0x0000000000102151                IDT_handler23
                0x000000000010215b                IDT_handler24
                0x0000000000102165                IDT_handler25
                0x000000000010216f                IDT_handler26
                0x0000000000102179                IDT_handler27
                0x0000000000102183                IDT_handler28
                0x000000000010218d                IDT_handler29
                0x0000000000102197                IDT_handler30
                0x00000000001021a1                IDT_handler31
                0x00000000001021ab                IDT_handler128
                0x00000000001021b8                IDT_request0
                0x00000000001021c2                IDT_request1
                0x00000000001021cc                IDT_request2
                0x00000000001021d6                IDT_request3
                0x00000000001021e0                IDT_request4
                0x00000000001021ea                IDT_request5
                0x00000000001021f4                IDT_request6
                0x00000000001021fe                IDT_request7
                0x0000000000102208                IDT_request8
                0x0000000000102212                IDT_request9
                0x000000000010221c                IDT_request10
                0x0000000000102226                IDT_request11
                0x0000000000102230                IDT_request12
                0x000000000010223a                IDT_request13
                0x0000000000102244                IDT_request14
                0x000000000010224e                IDT_request15
 .text          0x0000000000102258      0x18f pit.o
                0x000000000010233f                PIT8253_measureRuntime
                0x0000000000102362                PIT8253_sleep
                0x00000000001023a2                PIT8253_getModule
 *fill*         0x00000000001023e7        0x1 
 .text          0x00000000001023e8       0xa9 cpu.o
                0x00000000001023e8                CPU_getCR
                0x0000000000102449                CPU_setCR
 *fill*         0x0000000000102491        0x3 
 .text          0x0000000000102494      0x2e9 bitmap.o
                0x0000000000102494                Bitmap_setBit
                0x0000000000102548                Bitmap_clearBit
                0x00000000001025fe                Bitmap_isSet
                0x00000000001026ad                Bitmap_toggle
                0x0000000000102767                Bitmap_init
 *fill*         0x000000000010277d        0x3 
 .text          0x0000000000102780      0x185 stack.o
                0x0000000000102780                Stack_push
                0x0000000000102827                Stack_pop
                0x00000000001028c9                Stack_peek
                0x00000000001028e5                Stack_init
 *fill*         0x0000000000102905        0x3 
 .text          0x0000000000102908      0x129 math.o
                0x0000000000102908                Math_abs
                0x0000000000102943                Math_sqrt
                0x000000000010297e                Math_sin
                0x00000000001029b9                Math_cos
                0x00000000001029f4                Math_tan
 *fill*         0x0000000000102a31        0x3 
 .text          0x0000000000102a34       0x7e pmm.o
                0x0000000000102a71                PhysicalMemory_getModule
 *fill*         0x0000000000102ab2        0x2 
 .text          0x0000000000102ab4      0x309 smm.o
                0x0000000000102ab4                StackPMM_allocateFrame
                0x0000000000102ade                StackPMM_freeFrame
                0x0000000000102b6f                StackPMM_init
                0x0000000000102d84                StackPMM_getInfo
 *fill*         0x0000000000102dbd        0x3 
 .text          0x0000000000102dc0      0x4e7 bmm.o
                0x0000000000102f1b                BitmapPMM_allocateFrame
                0x0000000000102f99                BitmapPMM_freeFrame
                0x0000000000103032                BitmapPMM_getInfo
                0x0000000000103077                BitmapPMM_init
 *fill*         0x00000000001032a7        0x1 
 .text          0x00000000001032a8     0x129b vmm.o
                0x00000000001038ac                VirtualMemory_getKernelDir
                0x00000000001038b6                VirtualMemory_switchPageDir
                0x0000000000103976                VirtualMemory_mapKernel
                0x0000000000103bb3                VirtualMemory_createPageDirectory
                0x0000000000103d37                VirtualMemory_destroyPageDirectory
                0x0000000000103fba                VirtualMemory_mapPage
                0x0000000000104167                VirtualMemory_unmapPage
                0x000000000010432c                VirtualMemory_getPhysicalAddress
                0x00000000001044f4                VirtualMemory_getModule
 *fill*         0x0000000000104543        0x1 
 .text          0x0000000000104544      0x4c7 heap.o
                0x0000000000104618                HeapMemory_expand
                0x00000000001049c6                HeapMemory_getModule
 *fill*         0x0000000000104a0b        0x1 
 .text          0x0000000000104a0c     0x5f15 dl.o
                0x00000000001081ef                DougLea_malloc
                0x0000000000108724                DougLea_free
                0x0000000000109539                DougLea_calloc
                0x000000000010a463                DougLea_realloc
                0x000000000010a56f                DougLea_realloc_in_place
                0x000000000010a5f4                DougLea_memalign
                0x000000000010a629                DougLea_posix_memalign
                0x000000000010a6cf                DougLea_valloc
                0x000000000010a701                DougLea_pvalloc
                0x000000000010a742                DougLea_independent_calloc
                0x000000000010a779                DougLea_independent_comalloc
                0x000000000010a7aa                DougLea_bulk_free
                0x000000000010a7cc                DougLea_malloc_trim
                0x000000000010a804                DougLea_malloc_footprint
                0x000000000010a80e                DougLea_malloc_max_footprint
                0x000000000010a818                DougLea_malloc_footprint_limit
                0x000000000010a838                DougLea_malloc_set_footprint_limit
                0x000000000010a88e                DougLea_mallinfo
                0x000000000010a8b1                DougLea_mallopt
                0x000000000010a8cb                DougLea_malloc_usable_size
 *fill*         0x000000000010a921        0x3 
 .text          0x000000000010a924      0x49a arrlist.o
                0x000000000010a924                ArrayList_get
                0x000000000010a9aa                ArrayList_add
                0x000000000010aa8b                ArrayList_getIndex
                0x000000000010aac8                ArrayList_exists
                0x000000000010aaed                ArrayList_getSize
                0x000000000010aaf8                ArrayList_remove
                0x000000000010ab27                ArrayList_removeAt
                0x000000000010abf6                ArrayList_isEmpty
                0x000000000010ac15                ArrayList_destroy
                0x000000000010ac39                ArrayList_new
 *fill*         0x000000000010adbe        0x2 
 .text          0x000000000010adc0      0x1a8 dumbH.o
                0x000000000010adc0                DumbHeapManager_malloc
                0x000000000010ae1a                DumbHeapManager_realloc
                0x000000000010ae8b                DumbHeapManager_calloc
                0x000000000010aefc                DumbHeapManager_free
 .text          0x000000000010af68      0x4ef linkl.o
                0x000000000010b144                LinkedList_add
                0x000000000010b28e                LinkedList_remove
                0x000000000010b327                LinkedList_removeFromFront
                0x000000000010b343                LinkedList_push
                0x000000000010b35d                LinkedList_pop
                0x000000000010b37a                LinkedList_peek
                0x000000000010b3f8                LinkedList_new
                0x000000000010b416                LinkedList_destroy
 *fill*         0x000000000010b457        0x1 
 .text          0x000000000010b458      0x2d4 string.o
                0x000000000010b458                String_startsWith
                0x000000000010b4a2                String_endsWith
                0x000000000010b50c                String_charAt
                0x000000000010b51b                String_length
                0x000000000010b543                String_charToInt
                0x000000000010b558                String_stringToInt
                0x000000000010b5d4                String_numberToString
                0x000000000010b671                String_copy
                0x000000000010b6a7                String_compare
                0x000000000010b6ed                String_countChar
 .text          0x000000000010b72c      0x48f process.o
                0x000000000010b8d9                Process_new
                0x000000000010bb8b                Process_destroy
 *fill*         0x000000000010bbbb        0x1 
 .text          0x000000000010bbbc       0x72 sched.o
                0x000000000010bbe9                Scheduler_getModule
 *fill*         0x000000000010bc2e        0x2 
 .text          0x000000000010bc30      0x265 rr.o
                0x000000000010bc30                RoundRobin_addProcess
                0x000000000010bcd8                RoundRobin_removeProcess
                0x000000000010bde6                RoundRobin_getNextProcess
                0x000000000010be8b                RoundRobin_getCurrentProcess
 *fill*         0x000000000010be95        0x3 
 .text          0x000000000010be98      0x2e6 pm.o
                0x000000000010bf82                ProcessManager_switch
                0x000000000010c139                ProcessManager_getModule
 *fill*         0x000000000010c17e        0x2 
 .text          0x000000000010c180      0x58d kbd.o
                0x000000000010c383                Keyboard_setLeds
                0x000000000010c41f                Keyboard_init
 *fill*         0x000000000010c70d        0x3 
 .text          0x000000000010c710      0x2d9 mouse.o
                0x000000000010c7e1                Mouse_init
 *fill*         0x000000000010c9e9        0x3 
 .text          0x000000000010c9ec      0x69e ps2.o
                0x000000000010cff6                PS2Controller_send
                0x000000000010d025                PS2Controller_receive
                0x000000000010d045                PS2Controller_getModule
 *fill*         0x000000000010d08a        0x2 
 .text          0x000000000010d08c      0xc88 ramdisk.o
                0x000000000010dc17                RamDisk_init
 .text          0x000000000010dd14      0x299 tar.o
                0x000000000010ddf3                Tar_nextHeader
                0x000000000010dec4                Tar_getHeader
                0x000000000010df0b                Tar_getNumberOfFiles
 *fill*         0x000000000010dfad        0x3 
 .text          0x000000000010dfb0      0x110 vfs.o
                0x000000000010e03c                VFS_openFile
                0x000000000010e07b                VFS_getModule
 .text          0x000000000010e0c0      0x1d7 user.o
                0x000000000010e1dd                Usermode_getModule
 *fill*         0x000000000010e297        0x1 
 .text          0x000000000010e298       0xb4 incit.o
                0x000000000010e2cf                puts
                0x000000000010e30a                putc
                0x000000000010f000                . = ALIGN (0x1000)
 *fill*         0x000000000010e34c      0xcb4 

.eh_frame       0x000000000010f000     0x1e94
 .eh_frame      0x000000000010f000       0x90 kernel.o
 .eh_frame      0x000000000010f090       0x40 vga.o
                                         0x58 (size before relaxing)
 .eh_frame      0x000000000010f0d0      0x1e0 console.o
                                        0x1f8 (size before relaxing)
 .eh_frame      0x000000000010f2b0       0xa0 sys.o
                                         0xb8 (size before relaxing)
 .eh_frame      0x000000000010f350       0x60 module.o
                                         0x78 (size before relaxing)
 .eh_frame      0x000000000010f3b0       0xc0 gdt.o
                                         0xd8 (size before relaxing)
 .eh_frame      0x000000000010f470       0xcc pic.o
                                         0xe4 (size before relaxing)
 .eh_frame      0x000000000010f53c      0x108 idt.o
                                        0x120 (size before relaxing)
 .eh_frame      0x000000000010f644       0xe0 pit.o
                                         0xf8 (size before relaxing)
 .eh_frame      0x000000000010f724       0x44 cpu.o
                                         0x5c (size before relaxing)
 .eh_frame      0x000000000010f768       0xb8 bitmap.o
                                         0xd0 (size before relaxing)
 .eh_frame      0x000000000010f820       0x80 stack.o
                                         0x98 (size before relaxing)
 .eh_frame      0x000000000010f8a0       0xa0 math.o
                                         0xb8 (size before relaxing)
 .eh_frame      0x000000000010f940       0x40 pmm.o
                                         0x58 (size before relaxing)
 .eh_frame      0x000000000010f980       0x80 smm.o
                                         0x98 (size before relaxing)
 .eh_frame      0x000000000010fa00       0xe0 bmm.o
                                         0xf8 (size before relaxing)
 .eh_frame      0x000000000010fae0      0x248 vmm.o
                                        0x260 (size before relaxing)
 .eh_frame      0x000000000010fd28       0x80 heap.o
                                         0x98 (size before relaxing)
 .eh_frame      0x000000000010fda8      0x5dc dl.o
                                        0x5f4 (size before relaxing)
 .eh_frame      0x0000000000110384      0x140 arrlist.o
                                        0x158 (size before relaxing)
 .eh_frame      0x00000000001104c4       0x80 dumbH.o
                                         0x98 (size before relaxing)
 .eh_frame      0x0000000000110544      0x140 linkl.o
                                        0x158 (size before relaxing)
 .eh_frame      0x0000000000110684      0x140 string.o
                                        0x158 (size before relaxing)
 .eh_frame      0x00000000001107c4       0x80 process.o
                                         0x98 (size before relaxing)
 .eh_frame      0x0000000000110844       0x40 sched.o
                                         0x58 (size before relaxing)
 .eh_frame      0x0000000000110884       0x80 rr.o
                                         0x98 (size before relaxing)
 .eh_frame      0x0000000000110904       0x9c pm.o
                                         0xb4 (size before relaxing)
 .eh_frame      0x00000000001109a0       0x80 kbd.o
                                         0x98 (size before relaxing)
 .eh_frame      0x0000000000110a20       0x60 mouse.o
                                         0x78 (size before relaxing)
 .eh_frame      0x0000000000110a80      0x144 ps2.o
                                        0x15c (size before relaxing)
 .eh_frame      0x0000000000110bc4       0xf8 ramdisk.o
                                        0x110 (size before relaxing)
 .eh_frame      0x0000000000110cbc       0x80 tar.o
                                         0x98 (size before relaxing)
 .eh_frame      0x0000000000110d3c       0x80 vfs.o
                                         0x98 (size before relaxing)
 .eh_frame      0x0000000000110dbc       0x6c user.o
                                         0x84 (size before relaxing)
 .eh_frame      0x0000000000110e28       0x6c incit.o
                                         0x84 (size before relaxing)

.iplt           0x0000000000110ea0        0x0
 .iplt          0x0000000000000000        0x0 start.o

.rel.dyn        0x0000000000110e94        0x0
 .rel.iplt      0x0000000000000000        0x0 start.o
 .rel.text      0x0000000000000000        0x0 start.o

.data           0x0000000000110ea0     0x1160
                0x0000000000110ea0                data = .
                0x0000000000110ea0                _data = .
                0x0000000000110ea0                __data = .
 *(.data)
 .data          0x0000000000110ea0        0x0 kernel.o
 .data          0x0000000000110ea0        0x0 vga.o
 .data          0x0000000000110ea0        0x0 console.o
 .data          0x0000000000110ea0        0x0 sys.o
 .data          0x0000000000110ea0        0x0 module.o
 .data          0x0000000000110ea0        0x0 gdt.o
 .data          0x0000000000110ea0        0x0 pic.o
 .data          0x0000000000110ea0        0x0 idt.o
 .data          0x0000000000110ea0        0x0 pit.o
 .data          0x0000000000110ea0        0x0 cpu.o
 .data          0x0000000000110ea0        0x0 bitmap.o
 .data          0x0000000000110ea0        0x0 stack.o
 .data          0x0000000000110ea0        0x0 math.o
 .data          0x0000000000110ea0        0x0 pmm.o
 .data          0x0000000000110ea0        0x0 smm.o
 .data          0x0000000000110ea0        0x0 bmm.o
 .data          0x0000000000110ea0        0x0 vmm.o
 .data          0x0000000000110ea0        0x0 heap.o
 .data          0x0000000000110ea0        0x0 dl.o
 .data          0x0000000000110ea0        0x0 arrlist.o
 .data          0x0000000000110ea0        0x4 dumbH.o
 .data          0x0000000000110ea4        0x0 linkl.o
 .data          0x0000000000110ea4        0x0 string.o
 .data          0x0000000000110ea4        0x0 process.o
 .data          0x0000000000110ea4        0x0 sched.o
 .data          0x0000000000110ea4        0x0 rr.o
 .data          0x0000000000110ea4        0x0 pm.o
 .data          0x0000000000110ea4        0x0 kbd.o
 .data          0x0000000000110ea4        0x0 mouse.o
 .data          0x0000000000110ea4        0x0 ps2.o
 .data          0x0000000000110ea4        0x0 ramdisk.o
 .data          0x0000000000110ea4        0x0 tar.o
 .data          0x0000000000110ea4        0x0 vfs.o
 .data          0x0000000000110ea4        0x8 user.o
 .data          0x0000000000110eac        0x0 incit.o
 *(.rodata)
 .rodata        0x0000000000110eac       0x48 kernel.o
 .rodata        0x0000000000110ef4       0x12 vga.o
 .rodata        0x0000000000110f06       0x6d console.o
 .rodata        0x0000000000110f73        0xe sys.o
 .rodata        0x0000000000110f81       0x3d module.o
 .rodata        0x0000000000110fbe       0x18 gdt.o
 .rodata        0x0000000000110fd6        0xa pic.o
 .rodata        0x0000000000110fe0       0x9f idt.o
 .rodata        0x000000000011107f        0x9 pit.o
 .rodata        0x0000000000111088       0x28 cpu.o
 .rodata        0x00000000001110b0       0x41 bitmap.o
 .rodata        0x00000000001110f1       0x40 stack.o
 .rodata        0x0000000000111131       0x18 pmm.o
 .rodata        0x0000000000111149       0x46 smm.o
 .rodata        0x000000000011118f       0x5f bmm.o
 *fill*         0x00000000001111ee        0x2 
 .rodata        0x00000000001111f0       0xcc vmm.o
 .rodata        0x00000000001112bc       0x8f heap.o
 .rodata        0x000000000011134b       0x41 dl.o
 .rodata        0x000000000011138c       0x44 arrlist.o
 .rodata        0x00000000001113d0       0x50 dumbH.o
 .rodata        0x0000000000111420       0x45 linkl.o
 .rodata        0x0000000000111465       0x11 string.o
 .rodata        0x0000000000111476       0x5e process.o
 .rodata        0x00000000001114d4       0x12 sched.o
 *fill*         0x00000000001114e6        0x2 
 .rodata        0x00000000001114e8       0x4c rr.o
 .rodata        0x0000000000111534       0x6c pm.o
 .rodata        0x00000000001115a0      0x2eb kbd.o
 *fill*         0x000000000011188b        0x1 
 .rodata        0x000000000011188c       0xc4 mouse.o
 .rodata        0x0000000000111950      0x13e ps2.o
 *fill*         0x0000000000111a8e        0x2 
 .rodata        0x0000000000111a90       0xce ramdisk.o
 .rodata        0x0000000000111b5e       0x45 tar.o
 .rodata        0x0000000000111ba3       0x16 vfs.o
 .rodata        0x0000000000111bb9       0x4c user.o
                0x0000000000112000                . = ALIGN (0x1000)
 *fill*         0x0000000000111c05      0x3fb 

.igot.plt       0x0000000000112000        0x0
 .igot.plt      0x0000000000000000        0x0 start.o

.bss            0x0000000000112000    0x1203c
                0x0000000000112000                bss = .
                0x0000000000112000                _bss = .
                0x0000000000112000                __bss = .
 *(.bss)
 .bss           0x0000000000112000     0xff00 start.o
 .bss           0x0000000000121f00        0x0 kernel.o
 .bss           0x0000000000121f00       0x34 vga.o
 *fill*         0x0000000000121f34        0xc 
 .bss           0x0000000000121f40       0x37 console.o
 *fill*         0x0000000000121f77        0x1 
 .bss           0x0000000000121f78        0x0 sys.o
 *fill*         0x0000000000121f78        0x8 
 .bss           0x0000000000121f80       0x84 module.o
 *fill*         0x0000000000122004       0x1c 
 .bss           0x0000000000122020       0xec gdt.o
 *fill*         0x000000000012210c       0x14 
 .bss           0x0000000000122120       0x34 pic.o
 *fill*         0x0000000000122154        0xc 
 .bss           0x0000000000122160      0xc60 idt.o
 .bss           0x0000000000122dc0       0x38 pit.o
 .bss           0x0000000000122df8        0x0 cpu.o
 .bss           0x0000000000122df8        0x0 bitmap.o
 .bss           0x0000000000122df8        0x0 stack.o
 .bss           0x0000000000122df8        0x0 math.o
 *fill*         0x0000000000122df8        0x8 
 .bss           0x0000000000122e00       0x3c pmm.o
 .bss           0x0000000000122e3c       0x14 smm.o
 .bss           0x0000000000122e50       0x18 bmm.o
 *fill*         0x0000000000122e68       0x18 
 .bss           0x0000000000122e80       0x38 vmm.o
 *fill*         0x0000000000122eb8        0x8 
 .bss           0x0000000000122ec0       0x38 heap.o
 *fill*         0x0000000000122ef8        0x8 
 .bss           0x0000000000122f00      0x1f8 dl.o
 .bss           0x00000000001230f8        0x0 arrlist.o
 .bss           0x00000000001230f8        0x4 dumbH.o
 .bss           0x00000000001230fc        0x0 linkl.o
 *fill*         0x00000000001230fc        0x4 
 .bss           0x0000000000123100       0x20 string.o
 .bss           0x0000000000123120        0x4 process.o
 *fill*         0x0000000000123124       0x1c 
 .bss           0x0000000000123140       0x34 sched.o
 .bss           0x0000000000123174        0x8 rr.o
 *fill*         0x000000000012317c        0x4 
 .bss           0x0000000000123180       0x34 pm.o
 .bss           0x00000000001231b4        0x4 kbd.o
 .bss           0x00000000001231b8        0x4 mouse.o
 *fill*         0x00000000001231bc        0x4 
 .bss           0x00000000001231c0       0x54 ps2.o
 *fill*         0x0000000000123214        0xc 
 .bss           0x0000000000123220       0xe4 ramdisk.o
 .bss           0x0000000000123304        0x0 tar.o
 *fill*         0x0000000000123304       0x1c 
 .bss           0x0000000000123320       0x38 vfs.o
 *fill*         0x0000000000123358        0x8 
 .bss           0x0000000000123360       0x38 user.o
 .bss           0x0000000000123398        0x0 incit.o
                0x0000000000124000                . = ALIGN (0x1000)
 *fill*         0x0000000000123398      0xc68 
 COMMON         0x0000000000124000        0x4 kernel.o
                0x0000000000124000                multibootInfo
 COMMON         0x0000000000124004        0x6 vga.o
                0x0000000000124004                vgaRam
                0x0000000000124008                vgaHeight
                0x0000000000124009                vgaWidth
 *fill*         0x000000000012400a        0x2 
 COMMON         0x000000000012400c        0xc pmm.o
                0x000000000012400c                PhysicalMemory_getInfo
                0x0000000000124010                PhysicalMemory_allocateFrame
                0x0000000000124014                PhysicalMemory_freeFrame
 COMMON         0x0000000000124018       0x14 heap.o
                0x0000000000124018                HeapMemory_realloc
                0x000000000012401c                errno
                0x0000000000124020                HeapMemory_free
                0x0000000000124024                HeapMemory_calloc
                0x0000000000124028                HeapMemory_alloc
 COMMON         0x000000000012402c       0x10 sched.o
                0x000000000012402c                Scheduler_removeProcess
                0x0000000000124030                Scheduler_addProcess
                0x0000000000124034                Scheduler_getNextProcess
                0x0000000000124038                Scheduler_getCurrentProcess
                0x000000000012403c                end = .
                0x000000000012403c                _end = .
                0x000000000012403c                __end = .
LOAD start.o
LOAD kernel.o
LOAD vga.o
LOAD console.o
LOAD sys.o
LOAD module.o
LOAD gdt.o
LOAD pic.o
LOAD idt.o
LOAD idtAsm.o
LOAD pit.o
LOAD cpu.o
LOAD bitmap.o
LOAD stack.o
LOAD math.o
LOAD pmm.o
LOAD smm.o
LOAD bmm.o
LOAD vmm.o
LOAD heap.o
LOAD dl.o
LOAD arrlist.o
LOAD dumbH.o
LOAD linkl.o
LOAD string.o
LOAD process.o
LOAD sched.o
LOAD rr.o
LOAD pm.o
LOAD kbd.o
LOAD mouse.o
LOAD ps2.o
LOAD ramdisk.o
LOAD tar.o
LOAD vfs.o
LOAD user.o
LOAD incit.o
OUTPUT(bootloader/kernel elf32-i386)

.comment        0x0000000000000000       0x11
 .comment       0x0000000000000000       0x11 kernel.o
                                         0x12 (size before relaxing)
 .comment       0x0000000000000000       0x12 vga.o
 .comment       0x0000000000000000       0x12 console.o
 .comment       0x0000000000000000       0x12 sys.o
 .comment       0x0000000000000000       0x12 module.o
 .comment       0x0000000000000000       0x12 gdt.o
 .comment       0x0000000000000000       0x12 pic.o
 .comment       0x0000000000000000       0x12 idt.o
 .comment       0x0000000000000000       0x12 pit.o
 .comment       0x0000000000000000       0x12 cpu.o
 .comment       0x0000000000000000       0x12 bitmap.o
 .comment       0x0000000000000000       0x12 stack.o
 .comment       0x0000000000000000       0x12 math.o
 .comment       0x0000000000000000       0x12 pmm.o
 .comment       0x0000000000000000       0x12 smm.o
 .comment       0x0000000000000000       0x12 bmm.o
 .comment       0x0000000000000000       0x12 vmm.o
 .comment       0x0000000000000000       0x12 heap.o
 .comment       0x0000000000000000       0x12 dl.o
 .comment       0x0000000000000000       0x12 arrlist.o
 .comment       0x0000000000000000       0x12 dumbH.o
 .comment       0x0000000000000000       0x12 linkl.o
 .comment       0x0000000000000000       0x12 string.o
 .comment       0x0000000000000000       0x12 process.o
 .comment       0x0000000000000000       0x12 sched.o
 .comment       0x0000000000000000       0x12 rr.o
 .comment       0x0000000000000000       0x12 pm.o
 .comment       0x0000000000000000       0x12 kbd.o
 .comment       0x0000000000000000       0x12 mouse.o
 .comment       0x0000000000000000       0x12 ps2.o
 .comment       0x0000000000000000       0x12 ramdisk.o
 .comment       0x0000000000000000       0x12 tar.o
 .comment       0x0000000000000000       0x12 vfs.o
 .comment       0x0000000000000000       0x12 user.o
 .comment       0x0000000000000000       0x12 incit.o
