
Allocating common symbols
Common symbol       size              file

HeapMemory_realloc  0x4               heap.o
errno               0x4               heap.o
HeapMemory_free     0x4               heap.o
PhysicalMemory_getInfo
                    0x4               pmm.o
HeapMemory_calloc   0x4               heap.o
vgaRam              0x4               vga.o
vgaHeight           0x1               vga.o
vgaWidth            0x1               vga.o
PhysicalMemory_allocateFrame
                    0x4               pmm.o
HeapMemory_alloc    0x4               heap.o
PhysicalMemory_freeFrame
                    0x4               pmm.o

Memory Configuration

Name             Origin             Length             Attributes
*default*        0x0000000000000000 0xffffffffffffffff

Linker script and memory map


.text           0x0000000000100000     0x8000
                0x0000000000100000                text = .
                0x0000000000100000                _text = .
                0x0000000000100000                __text = .
 *(.text)
 .text          0x0000000000100000       0x2c start.o
                0x0000000000100000                mbHead
                0x0000000000100020                Start
 *fill*         0x000000000010002c        0x4 00
 .text          0x0000000000100030      0x18c kernel.o
                0x0000000000100030                Kernel
 *fill*         0x00000000001001bc        0x4 00
 .text          0x00000000001001c0       0x56 io.o
                0x00000000001001c0                IO_outB
                0x00000000001001d0                IO_outW
                0x00000000001001e0                IO_outL
                0x00000000001001f0                IO_inB
                0x0000000000100200                IO_inW
                0x0000000000100210                IO_inL
 *fill*         0x0000000000100216        0xa 00
 .text          0x0000000000100220       0x44 vga.o
                0x0000000000100240                VGA_getModule
 *fill*         0x0000000000100264        0xc 00
 .text          0x0000000000100270      0x4e8 console.o
                0x0000000000100280                Console_printString
                0x00000000001002b0                Console_printf
                0x00000000001004d0                Console_printChar
                0x0000000000100680                Console_clearScreen
                0x0000000000100710                Console_setColor
                0x0000000000100720                Console_getModule
 *fill*         0x0000000000100758        0x8 00
 .text          0x0000000000100760       0x61 sys.o
                0x0000000000100760                Sys_restart
                0x0000000000100780                Sys_haltCPU
                0x0000000000100790                Sys_panic
 *fill*         0x00000000001007c1        0xf 00
 .text          0x00000000001007d0      0x2c6 module.o
                0x00000000001007d0                Module_load
                0x0000000000100a50                Module_getLoadedModuleNames
                0x0000000000100a90                Module_getNumberOfLoadedModules
 *fill*         0x0000000000100a96        0xa 00
 .text          0x0000000000100aa0      0x1b4 mem.o
                0x0000000000100aa0                Memory_set
                0x0000000000100b40                Memory_copy
 *fill*         0x0000000000100c54        0xc 00
 .text          0x0000000000100c60      0x114 gdt.o
                0x0000000000100d50                GDT_getModule
 *fill*         0x0000000000100d74        0xc 00
 .text          0x0000000000100d80        0x8 gdtAsm.o
                0x0000000000100d80                GDT_farJump
 *fill*         0x0000000000100d88        0x8 00
 .text          0x0000000000100d90      0x1a4 pic.o
                0x0000000000100e60                PIC8259_setMask
                0x0000000000100ed0                PIC8259_sendEOI
                0x0000000000100f10                PIC8259_getModule
 *fill*         0x0000000000100f34        0xc 00
 .text          0x0000000000100f40      0xa52 idt.o
                0x0000000000101770                IDT_registerHandler
                0x0000000000101820                IDT_handlerException
                0x00000000001018b0                IDT_handlerIRQ
                0x0000000000101950                IDT_getModule
 *fill*         0x0000000000101992        0xe 00
 .text          0x00000000001019a0      0x20d idtAsm.o
                0x00000000001019ee                IDT_handler0
                0x00000000001019f5                IDT_handler1
                0x00000000001019fc                IDT_handler2
                0x0000000000101a03                IDT_handler3
                0x0000000000101a0a                IDT_handler4
                0x0000000000101a11                IDT_handler5
                0x0000000000101a18                IDT_handler6
                0x0000000000101a1f                IDT_handler7
                0x0000000000101a29                IDT_handler8
                0x0000000000101a31                IDT_handler9
                0x0000000000101a3b                IDT_handler10
                0x0000000000101a43                IDT_handler11
                0x0000000000101a4b                IDT_handler12
                0x0000000000101a53                IDT_handler13
                0x0000000000101a5b                IDT_handler14
                0x0000000000101a63                IDT_handler15
                0x0000000000101a6d                IDT_handler16
                0x0000000000101a77                IDT_handler17
                0x0000000000101a81                IDT_handler18
                0x0000000000101a8b                IDT_handler19
                0x0000000000101a95                IDT_handler20
                0x0000000000101a9f                IDT_handler21
                0x0000000000101aa9                IDT_handler22
                0x0000000000101ab3                IDT_handler23
                0x0000000000101abd                IDT_handler24
                0x0000000000101ac7                IDT_handler25
                0x0000000000101ad1                IDT_handler26
                0x0000000000101adb                IDT_handler27
                0x0000000000101ae5                IDT_handler28
                0x0000000000101aef                IDT_handler29
                0x0000000000101af9                IDT_handler30
                0x0000000000101b03                IDT_handler31
                0x0000000000101b0d                IDT_request0
                0x0000000000101b17                IDT_request1
                0x0000000000101b21                IDT_request2
                0x0000000000101b2b                IDT_request3
                0x0000000000101b35                IDT_request4
                0x0000000000101b3f                IDT_request5
                0x0000000000101b49                IDT_request6
                0x0000000000101b53                IDT_request7
                0x0000000000101b5d                IDT_request8
                0x0000000000101b67                IDT_request9
                0x0000000000101b71                IDT_request10
                0x0000000000101b7b                IDT_request11
                0x0000000000101b85                IDT_request12
                0x0000000000101b8f                IDT_request13
                0x0000000000101b99                IDT_request14
                0x0000000000101ba3                IDT_request15
 *fill*         0x0000000000101bad        0x3 00
 .text          0x0000000000101bb0      0x148 pit.o
                0x0000000000101c60                PIT8253_measureRuntime
                0x0000000000101c80                PIT8253_sleep
                0x0000000000101cc0                PIT8253_getModule
 *fill*         0x0000000000101cf8        0x8 00
 .text          0x0000000000101d00       0xd4 cpu.o
                0x0000000000101d00                CPU_getCR
                0x0000000000101d70                CPU_setCR
 *fill*         0x0000000000101dd4        0xc 00
 .text          0x0000000000101de0      0x2b2 bitmap.o
                0x0000000000101de0                Bitmap_setBit
                0x0000000000101e80                Bitmap_clearBit
                0x0000000000101f20                Bitmap_isSet
                0x0000000000101fc0                Bitmap_toggle
                0x0000000000102080                Bitmap_init
 *fill*         0x0000000000102092        0xe 00
 .text          0x00000000001020a0      0x159 stack.o
                0x00000000001020a0                Stack_push
                0x0000000000102140                Stack_pop
                0x00000000001021d0                Stack_peek
                0x00000000001021e0                Stack_init
 *fill*         0x00000000001021f9        0x7 00
 .text          0x0000000000102200       0x4d math.o
                0x0000000000102200                Math_abs
                0x0000000000102210                Math_sqrt
                0x0000000000102220                Math_sin
                0x0000000000102230                Math_cos
                0x0000000000102240                Math_tan
 *fill*         0x000000000010224d        0x3 00
 .text          0x0000000000102250       0x76 pmm.o
                0x0000000000102290                PhysicalMemory_getModule
 *fill*         0x00000000001022c6        0xa 00
 .text          0x00000000001022d0      0x2b1 smm.o
                0x00000000001022d0                StackPMM_allocateFrame
                0x00000000001022f0                StackPMM_freeFrame
                0x0000000000102380                StackPMM_init
                0x0000000000102560                StackPMM_getInfo
 *fill*         0x0000000000102581        0xf 00
 .text          0x0000000000102590      0x3d5 bmm.o
                0x0000000000102590                BitmapPMM_allocateFrame
                0x0000000000102610                BitmapPMM_freeFrame
                0x00000000001026c0                BitmapPMM_getInfo
                0x00000000001026f0                BitmapPMM_init
 *fill*         0x0000000000102965        0xb 00
 .text          0x0000000000102970      0x862 vmm.o
                0x0000000000102cb0                VirtualMemory_mapPage
                0x0000000000102e40                VirtualMemory_unmapPage
                0x0000000000102ff0                VirtualMemory_getPhysicalAddress
                0x0000000000103190                VirtualMemory_getModule
 *fill*         0x00000000001031d2        0xe 00
 .text          0x00000000001031e0      0x4d8 heap.o
                0x0000000000103220                HeapMemory_contract
                0x0000000000103400                HeapMemory_expand
                0x0000000000103680                HeapMemory_getModule
 *fill*         0x00000000001036b8        0x8 00
 .text          0x00000000001036c0     0x36fa dl.o
                0x00000000001044e0                DougLea_malloc
                0x0000000000105f20                DougLea_free
                0x0000000000106720                DougLea_calloc
                0x0000000000106790                DougLea_realloc
                0x0000000000106860                DougLea_realloc_in_place
                0x00000000001068d0                DougLea_memalign
                0x0000000000106900                DougLea_posix_memalign
                0x0000000000106990                DougLea_valloc
                0x00000000001069c0                DougLea_pvalloc
                0x0000000000106a00                DougLea_independent_calloc
                0x0000000000106a30                DougLea_independent_comalloc
                0x0000000000106a50                DougLea_bulk_free
                0x0000000000106b10                DougLea_malloc_trim
                0x0000000000106b40                DougLea_malloc_footprint
                0x0000000000106b50                DougLea_malloc_max_footprint
                0x0000000000106b60                DougLea_malloc_footprint_limit
                0x0000000000106b70                DougLea_malloc_set_footprint_limit
                0x0000000000106b90                DougLea_mallinfo
                0x0000000000106d10                DougLea_mallopt
                0x0000000000106d90                DougLea_malloc_usable_size
 *fill*         0x0000000000106dba        0x6 00
 .text          0x0000000000106dc0      0x4e9 arrlist.o
                0x0000000000106dc0                ArrayList_get
                0x0000000000106e50                ArrayList_add
                0x0000000000106f30                ArrayList_getIndex
                0x0000000000106f60                ArrayList_exists
                0x0000000000106fa0                ArrayList_getSize
                0x0000000000106fb0                ArrayList_removeAt
                0x0000000000107080                ArrayList_remove
                0x00000000001070c0                ArrayList_isEmpty
                0x00000000001070e0                ArrayList_destroy
                0x0000000000107110                ArrayList_new
 *fill*         0x00000000001072a9        0x7 00
 .text          0x00000000001072b0      0x19b dumbH.o
                0x00000000001072b0                DumbHeapManager_malloc
                0x0000000000107300                DumbHeapManager_realloc
                0x0000000000107370                DumbHeapManager_calloc
                0x00000000001073e0                DumbHeapManager_free
 *fill*         0x000000000010744b        0x5 00
 .text          0x0000000000107450      0x4e2 linkl.o
                0x0000000000107600                LinkedList_add
                0x0000000000107770                LinkedList_remove
                0x0000000000107820                LinkedList_push
                0x0000000000107830                LinkedList_pop
                0x0000000000107840                LinkedList_peek
                0x00000000001078d0                LinkedList_new
                0x00000000001078f0                LinkedList_destroy
 *fill*         0x0000000000107932        0xe 00
 .text          0x0000000000107940       0xc7 process.o
                0x0000000000107940                Process_new
                0x0000000000107a00                Process_destroy
 *fill*         0x0000000000107a07        0x9 00
 .text          0x0000000000107a10      0x198 pm.o
                0x0000000000107b10                ProcessManager_schedule
                0x0000000000107b70                ProcessManager_getModule
                0x0000000000108000                . = ALIGN (0x1000)
 *fill*         0x0000000000107ba8      0x458 00

.rodata.str1.1  0x0000000000108000      0x24e
 .rodata.str1.1
                0x0000000000108000       0x3d kernel.o
 .rodata.str1.1
                0x000000000010803d       0x12 vga.o
 .rodata.str1.1
                0x000000000010804f       0x3d console.o
                                         0x66 (size before relaxing)
 .rodata.str1.1
                0x000000000010808c        0xe sys.o
 .rodata.str1.1
                0x000000000010809a       0x14 module.o
                                         0x3d (size before relaxing)
 .rodata.str1.1
                0x00000000001080ae       0x14 mem.o
                                         0x3d (size before relaxing)
 .rodata.str1.1
                0x00000000001080c2       0x18 gdt.o
 .rodata.str1.1
                0x00000000001080da        0xa pic.o
 .rodata.str1.1
                0x00000000001080e4       0x56 idt.o
                                         0x7f (size before relaxing)
 .rodata.str1.1
                0x000000000010813a        0x9 pit.o
 .rodata.str1.1
                0x0000000000108143       0x18 bitmap.o
                                         0x41 (size before relaxing)
 .rodata.str1.1
                0x000000000010815b       0x17 stack.o
                                         0x40 (size before relaxing)
 .rodata.str1.1
                0x0000000000108172       0x18 pmm.o
 .rodata.str1.1
                0x000000000010818a       0x1d smm.o
                                         0x46 (size before relaxing)
 .rodata.str1.1
                0x00000000001081a7       0x1e bmm.o
                                         0x47 (size before relaxing)
 .rodata.str1.1
                0x00000000001081c5       0x23 vmm.o
                                         0x4c (size before relaxing)
 .rodata.str1.1
                0x00000000001081e8       0x14 heap.o
                                         0x3d (size before relaxing)
 .rodata.str1.1
                0x00000000001081fc       0x1b arrlist.o
                                         0x44 (size before relaxing)
 .rodata.str1.1
                0x0000000000000000       0x29 dumbH.o
 .rodata.str1.1
                0x0000000000108217       0x1c linkl.o
                                         0x45 (size before relaxing)
 .rodata.str1.1
                0x0000000000108233       0x1b pm.o

.eh_frame       0x0000000000108250     0x1394
 .eh_frame      0x0000000000108250       0x38 kernel.o
 .eh_frame      0x0000000000108288       0x78 io.o
                                         0x90 (size before relaxing)
 .eh_frame      0x0000000000108300       0x28 vga.o
                                         0x40 (size before relaxing)
 .eh_frame      0x0000000000108328      0x128 console.o
                                        0x140 (size before relaxing)
 .eh_frame      0x0000000000108450       0x44 sys.o
                                         0x5c (size before relaxing)
 .eh_frame      0x0000000000108494       0x68 module.o
                                         0x80 (size before relaxing)
 .eh_frame      0x00000000001084fc       0x64 mem.o
                                         0x7c (size before relaxing)
 .eh_frame      0x0000000000108560       0x28 gdt.o
                                         0x40 (size before relaxing)
 .eh_frame      0x0000000000108588       0x68 pic.o
                                         0x80 (size before relaxing)
 .eh_frame      0x00000000001085f0       0x9c idt.o
                                         0xb4 (size before relaxing)
 .eh_frame      0x000000000010868c       0x88 pit.o
                                         0xa0 (size before relaxing)
 .eh_frame      0x0000000000108714       0x28 cpu.o
                                         0x40 (size before relaxing)
 .eh_frame      0x000000000010873c       0xec bitmap.o
                                        0x104 (size before relaxing)
 .eh_frame      0x0000000000108828       0x70 stack.o
                                         0x88 (size before relaxing)
 .eh_frame      0x0000000000108898       0x64 math.o
                                         0x7c (size before relaxing)
 .eh_frame      0x00000000001088fc       0x2c pmm.o
                                         0x44 (size before relaxing)
 .eh_frame      0x0000000000108928       0x90 smm.o
                                         0xa8 (size before relaxing)
 .eh_frame      0x00000000001089b8       0xb0 bmm.o
                                         0xc8 (size before relaxing)
 .eh_frame      0x0000000000108a68      0x158 vmm.o
                                        0x170 (size before relaxing)
 .eh_frame      0x0000000000108bc0       0xa0 heap.o
                                         0xb8 (size before relaxing)
 .eh_frame      0x0000000000108c60      0x5b0 dl.o
                                        0x5c8 (size before relaxing)
 .eh_frame      0x0000000000109210      0x170 arrlist.o
                                        0x188 (size before relaxing)
 .eh_frame      0x0000000000109380       0x6c dumbH.o
                                         0x84 (size before relaxing)
 .eh_frame      0x00000000001093ec      0x11c linkl.o
                                        0x134 (size before relaxing)
 .eh_frame      0x0000000000109508       0x40 process.o
                                         0x58 (size before relaxing)
 .eh_frame      0x0000000000109548       0x9c pm.o
                                         0xb4 (size before relaxing)

.rodata.str1.4  0x00000000001095e4       0x88
 .rodata.str1.4
                0x00000000001095e4       0x1f idt.o
 *fill*         0x0000000000109603        0x1 00
 .rodata.str1.4
                0x0000000000109604       0x22 vmm.o
 *fill*         0x0000000000109626        0x2 00
 .rodata.str1.4
                0x0000000000109628       0x1f heap.o
 *fill*         0x0000000000109647        0x1 00
 .rodata.str1.4
                0x0000000000109648       0x24 dumbH.o

.iplt           0x0000000000109670        0x0
 .iplt          0x0000000000000000        0x0 start.o

.rel.dyn        0x000000000010966c        0x0
 .rel.iplt      0x0000000000000000        0x0 start.o
 .rel.text      0x0000000000000000        0x0 start.o

.data           0x000000000010966c      0x994
                0x000000000010966c                data = .
                0x000000000010966c                _data = .
                0x000000000010966c                __data = .
 *(.data)
 .data          0x000000000010966c        0x0 kernel.o
 .data          0x000000000010966c        0x0 io.o
 .data          0x000000000010966c        0x0 vga.o
 .data          0x000000000010966c        0x0 console.o
 .data          0x000000000010966c        0x0 sys.o
 .data          0x000000000010966c        0x0 module.o
 .data          0x000000000010966c        0x0 mem.o
 .data          0x000000000010966c        0x0 gdt.o
 .data          0x000000000010966c        0x0 pic.o
 .data          0x000000000010966c        0x0 idt.o
 .data          0x000000000010966c        0x0 pit.o
 .data          0x000000000010966c        0x0 cpu.o
 .data          0x000000000010966c        0x0 bitmap.o
 .data          0x000000000010966c        0x0 stack.o
 .data          0x000000000010966c        0x0 math.o
 .data          0x000000000010966c        0x0 pmm.o
 .data          0x000000000010966c        0x0 smm.o
 .data          0x000000000010966c        0x0 bmm.o
 .data          0x000000000010966c        0x0 vmm.o
 .data          0x000000000010966c        0x0 heap.o
 .data          0x000000000010966c        0x0 dl.o
 .data          0x000000000010966c        0x0 arrlist.o
 .data          0x000000000010966c        0x4 dumbH.o
 .data          0x0000000000109670        0x0 linkl.o
 .data          0x0000000000109670        0x0 process.o
 .data          0x0000000000109670        0x0 pm.o
 *(.rodata)
 .rodata        0x0000000000109670       0x28 cpu.o
                0x000000000010a000                . = ALIGN (0x1000)
 *fill*         0x0000000000109698      0x968 00

.igot.plt       0x000000000010a000        0x0
 .igot.plt      0x0000000000000000        0x0 start.o

.bss            0x000000000010a000    0x12028
                0x000000000010a000                bss = .
                0x000000000010a000                _bss = .
                0x000000000010a000                __bss = .
 *(.bss)
 .bss           0x000000000010a000     0xff00 start.o
 .bss           0x0000000000119f00        0x0 kernel.o
 .bss           0x0000000000119f00        0x0 io.o
 .bss           0x0000000000119f00       0x34 vga.o
 *fill*         0x0000000000119f34        0xc 00
 .bss           0x0000000000119f40       0x94 console.o
 .bss           0x0000000000119fd4        0x0 sys.o
 *fill*         0x0000000000119fd4        0xc 00
 .bss           0x0000000000119fe0       0xa0 module.o
 .bss           0x000000000011a080        0x0 mem.o
 .bss           0x000000000011a080       0x6e gdt.o
 *fill*         0x000000000011a0ee       0x12 00
 .bss           0x000000000011a100       0x34 pic.o
 *fill*         0x000000000011a134        0xc 00
 .bss           0x000000000011a140      0xc40 idt.o
 .bss           0x000000000011ad80       0x54 pit.o
 .bss           0x000000000011add4        0x0 cpu.o
 .bss           0x000000000011add4        0x0 bitmap.o
 .bss           0x000000000011add4        0x0 stack.o
 .bss           0x000000000011add4        0x0 math.o
 *fill*         0x000000000011add4        0xc 00
 .bss           0x000000000011ade0       0x3c pmm.o
 .bss           0x000000000011ae1c       0x14 smm.o
 .bss           0x000000000011ae30       0x18 bmm.o
 *fill*         0x000000000011ae48       0x18 00
 .bss           0x000000000011ae60       0x38 vmm.o
 *fill*         0x000000000011ae98        0x8 00
 .bss           0x000000000011aea0       0x54 heap.o
 *fill*         0x000000000011aef4        0xc 00
 .bss           0x000000000011af00      0x1f0 dl.o
 .bss           0x000000000011b0f0        0x0 arrlist.o
 .bss           0x000000000011b0f0        0x4 dumbH.o
 .bss           0x000000000011b0f4        0x0 linkl.o
 .bss           0x000000000011b0f4        0x0 process.o
 *fill*         0x000000000011b0f4        0xc 00
 .bss           0x000000000011b100       0x54 pm.o
                0x000000000011c000                . = ALIGN (0x1000)
 *fill*         0x000000000011b154      0xeac 00
 COMMON         0x000000000011c000        0x6 vga.o
                0x000000000011c000                vgaRam
                0x000000000011c004                vgaHeight
                0x000000000011c005                vgaWidth
 *fill*         0x000000000011c006        0x2 00
 COMMON         0x000000000011c008        0xc pmm.o
                0x000000000011c008                PhysicalMemory_getInfo
                0x000000000011c00c                PhysicalMemory_allocateFrame
                0x000000000011c010                PhysicalMemory_freeFrame
 COMMON         0x000000000011c014       0x14 heap.o
                0x000000000011c014                HeapMemory_realloc
                0x000000000011c018                errno
                0x000000000011c01c                HeapMemory_free
                0x000000000011c020                HeapMemory_calloc
                0x000000000011c024                HeapMemory_alloc
                0x000000000011c028                end = .
                0x000000000011c028                _end = .
                0x000000000011c028                __end = .
LOAD start.o
LOAD kernel.o
LOAD io.o
LOAD vga.o
LOAD console.o
LOAD sys.o
LOAD module.o
LOAD mem.o
LOAD gdt.o
LOAD gdtAsm.o
LOAD pic.o
LOAD idt.o
LOAD idtAsm.o
LOAD pit.o
LOAD cpu.o
LOAD bitmap.o
LOAD stack.o
LOAD math.o
LOAD pmm.o
LOAD smm.o
LOAD bmm.o
LOAD vmm.o
LOAD heap.o
LOAD dl.o
LOAD arrlist.o
LOAD dumbH.o
LOAD linkl.o
LOAD process.o
LOAD pm.o
OUTPUT(bootloader/kernel elf32-i386)

.comment        0x0000000000000000       0x11
 .comment       0x0000000000000000       0x11 kernel.o
                                         0x12 (size before relaxing)
 .comment       0x0000000000000000       0x12 io.o
 .comment       0x0000000000000000       0x12 vga.o
 .comment       0x0000000000000000       0x12 console.o
 .comment       0x0000000000000000       0x12 sys.o
 .comment       0x0000000000000000       0x12 module.o
 .comment       0x0000000000000000       0x12 mem.o
 .comment       0x0000000000000000       0x12 gdt.o
 .comment       0x0000000000000000       0x12 pic.o
 .comment       0x0000000000000000       0x12 idt.o
 .comment       0x0000000000000000       0x12 pit.o
 .comment       0x0000000000000000       0x12 cpu.o
 .comment       0x0000000000000000       0x12 bitmap.o
 .comment       0x0000000000000000       0x12 stack.o
 .comment       0x0000000000000000       0x12 math.o
 .comment       0x0000000000000000       0x12 pmm.o
 .comment       0x0000000000000000       0x12 smm.o
 .comment       0x0000000000000000       0x12 bmm.o
 .comment       0x0000000000000000       0x12 vmm.o
 .comment       0x0000000000000000       0x12 heap.o
 .comment       0x0000000000000000       0x12 dl.o
 .comment       0x0000000000000000       0x12 arrlist.o
 .comment       0x0000000000000000       0x12 dumbH.o
 .comment       0x0000000000000000       0x12 linkl.o
 .comment       0x0000000000000000       0x12 process.o
 .comment       0x0000000000000000       0x12 pm.o
