
Allocating common symbols
Common symbol       size              file

HeapMemory_realloc  0x4               heap.o
errno               0x4               heap.o
HeapMemory_free     0x4               heap.o
HeapMemory_calloc   0x4               heap.o
vgaRam              0x4               vga.o
vgaHeight           0x1               vga.o
vgaWidth            0x1               vga.o
PhysicalMemory_allocateFrame
                    0x4               pmm.o
PhysicalMemory_printInfo
                    0x4               pmm.o
HeapMemory_alloc    0x4               heap.o
PhysicalMemory_freeFrame
                    0x4               pmm.o

Memory Configuration

Name             Origin             Length             Attributes
*default*        0x0000000000000000 0xffffffffffffffff

Linker script and memory map


.text           0x0000000000100000     0x8000
                0x0000000000100000                text = .
                0x0000000000100000                _text = .
                0x0000000000100000                __text = .
 *(.text)
 .text          0x0000000000100000       0x2c start.o
                0x0000000000100000                mbHead
                0x0000000000100020                Start
 *fill*         0x000000000010002c        0x4 00
 .text          0x0000000000100030      0x177 kernel.o
                0x0000000000100030                Kernel
 *fill*         0x00000000001001a7        0x9 00
 .text          0x00000000001001b0       0x56 io.o
                0x00000000001001b0                IO_outB
                0x00000000001001c0                IO_outW
                0x00000000001001d0                IO_outL
                0x00000000001001e0                IO_inB
                0x00000000001001f0                IO_inW
                0x0000000000100200                IO_inL
 *fill*         0x0000000000100206        0xa 00
 .text          0x0000000000100210       0x44 vga.o
                0x0000000000100230                VGA_getModule
 *fill*         0x0000000000100254        0xc 00
 .text          0x0000000000100260      0x4e8 console.o
                0x0000000000100270                Console_printString
                0x00000000001002a0                Console_printf
                0x00000000001004c0                Console_printChar
                0x0000000000100670                Console_clearScreen
                0x0000000000100700                Console_setColor
                0x0000000000100710                Console_getModule
 *fill*         0x0000000000100748        0x8 00
 .text          0x0000000000100750       0x61 sys.o
                0x0000000000100750                Sys_restart
                0x0000000000100770                Sys_haltCPU
                0x0000000000100780                Sys_panic
 *fill*         0x00000000001007b1        0xf 00
 .text          0x00000000001007c0      0x2c6 module.o
                0x00000000001007c0                Module_load
                0x0000000000100a40                Module_getLoadedModuleNames
                0x0000000000100a80                Module_getNumberOfLoadedModules
 *fill*         0x0000000000100a86        0xa 00
 .text          0x0000000000100a90      0x1b4 mem.o
                0x0000000000100a90                Memory_set
                0x0000000000100b30                Memory_copy
 *fill*         0x0000000000100c44        0xc 00
 .text          0x0000000000100c50      0x114 gdt.o
                0x0000000000100d40                GDT_getModule
 *fill*         0x0000000000100d64        0xc 00
 .text          0x0000000000100d70        0x8 gdtAsm.o
                0x0000000000100d70                GDT_farJump
 *fill*         0x0000000000100d78        0x8 00
 .text          0x0000000000100d80      0x1a4 pic.o
                0x0000000000100e50                PIC8259_setMask
                0x0000000000100ec0                PIC8259_sendEOI
                0x0000000000100f00                PIC8259_getModule
 *fill*         0x0000000000100f24        0xc 00
 .text          0x0000000000100f30      0xa52 idt.o
                0x0000000000101760                IDT_registerHandler
                0x0000000000101810                IDT_handlerException
                0x00000000001018a0                IDT_handlerIRQ
                0x0000000000101940                IDT_getModule
 *fill*         0x0000000000101982        0xe 00
 .text          0x0000000000101990      0x212 idtAsm.o
                0x00000000001019e0                IDT_handler0
                0x00000000001019e7                IDT_handler1
                0x00000000001019ee                IDT_handler2
                0x00000000001019f5                IDT_handler3
                0x00000000001019fc                IDT_handler4
                0x0000000000101a03                IDT_handler5
                0x0000000000101a0a                IDT_handler6
                0x0000000000101a14                IDT_handler7
                0x0000000000101a1e                IDT_handler8
                0x0000000000101a26                IDT_handler9
                0x0000000000101a30                IDT_handler10
                0x0000000000101a38                IDT_handler11
                0x0000000000101a40                IDT_handler12
                0x0000000000101a48                IDT_handler13
                0x0000000000101a50                IDT_handler14
                0x0000000000101a58                IDT_handler15
                0x0000000000101a62                IDT_handler16
                0x0000000000101a6c                IDT_handler17
                0x0000000000101a76                IDT_handler18
                0x0000000000101a80                IDT_handler19
                0x0000000000101a8a                IDT_handler20
                0x0000000000101a94                IDT_handler21
                0x0000000000101a9e                IDT_handler22
                0x0000000000101aa8                IDT_handler23
                0x0000000000101ab2                IDT_handler24
                0x0000000000101abc                IDT_handler25
                0x0000000000101ac6                IDT_handler26
                0x0000000000101ad0                IDT_handler27
                0x0000000000101ada                IDT_handler28
                0x0000000000101ae4                IDT_handler29
                0x0000000000101aee                IDT_handler30
                0x0000000000101af8                IDT_handler31
                0x0000000000101b02                IDT_request0
                0x0000000000101b0c                IDT_request1
                0x0000000000101b16                IDT_request2
                0x0000000000101b20                IDT_request3
                0x0000000000101b2a                IDT_request4
                0x0000000000101b34                IDT_request5
                0x0000000000101b3e                IDT_request6
                0x0000000000101b48                IDT_request7
                0x0000000000101b52                IDT_request8
                0x0000000000101b5c                IDT_request9
                0x0000000000101b66                IDT_request10
                0x0000000000101b70                IDT_request11
                0x0000000000101b7a                IDT_request12
                0x0000000000101b84                IDT_request13
                0x0000000000101b8e                IDT_request14
                0x0000000000101b98                IDT_request15
 *fill*         0x0000000000101ba2        0xe 00
 .text          0x0000000000101bb0      0x118 pit.o
                0x0000000000101c30                PIT8253_measureRuntime
                0x0000000000101c50                PIT8253_sleep
                0x0000000000101c90                PIT8253_getModule
 *fill*         0x0000000000101cc8        0x8 00
 .text          0x0000000000101cd0       0xd4 cpu.o
                0x0000000000101cd0                CPU_getCR
                0x0000000000101d40                CPU_setCR
 *fill*         0x0000000000101da4        0xc 00
 .text          0x0000000000101db0      0x2b2 bitmap.o
                0x0000000000101db0                Bitmap_setBit
                0x0000000000101e50                Bitmap_clearBit
                0x0000000000101ef0                Bitmap_isSet
                0x0000000000101f90                Bitmap_toggle
                0x0000000000102050                Bitmap_init
 *fill*         0x0000000000102062        0xe 00
 .text          0x0000000000102070      0x159 stack.o
                0x0000000000102070                Stack_push
                0x0000000000102110                Stack_pop
                0x00000000001021a0                Stack_peek
                0x00000000001021b0                Stack_init
 *fill*         0x00000000001021c9        0x7 00
 .text          0x00000000001021d0       0x4d math.o
                0x00000000001021d0                Math_abs
                0x00000000001021e0                Math_sqrt
                0x00000000001021f0                Math_sin
                0x0000000000102200                Math_cos
                0x0000000000102210                Math_tan
 *fill*         0x000000000010221d        0x3 00
 .text          0x0000000000102220       0x76 pmm.o
                0x0000000000102260                PhysicalMemory_getModule
 *fill*         0x0000000000102296        0xa 00
 .text          0x00000000001022a0      0x2f1 smm.o
                0x00000000001022a0                StackPMM_allocateFrame
                0x00000000001022c0                StackPMM_freeFrame
                0x0000000000102350                StackPMM_init
                0x0000000000102530                StackPMM_printInfo
 *fill*         0x0000000000102591        0xf 00
 .text          0x00000000001025a0      0x415 bmm.o
                0x00000000001025a0                BitmapPMM_allocateFrame
                0x0000000000102620                BitmapPMM_freeFrame
                0x00000000001026d0                BitmapPMM_printInfo
                0x0000000000102740                BitmapPMM_init
 *fill*         0x00000000001029b5        0xb 00
 .text          0x00000000001029c0      0x862 vmm.o
                0x0000000000102d00                VirtualMemory_mapPage
                0x0000000000102e90                VirtualMemory_unmapPage
                0x0000000000103040                VirtualMemory_getPhysicalAddress
                0x00000000001031e0                VirtualMemory_getModule
 *fill*         0x0000000000103222        0xe 00
 .text          0x0000000000103230      0x3b8 heap.o
                0x0000000000103270                HeapMemory_expand
                0x00000000001033d0                HeapMemory_contract
                0x00000000001035b0                HeapMemory_getModule
 *fill*         0x00000000001035e8        0x8 00
 .text          0x00000000001035f0     0x36fa dl.o
                0x0000000000104410                DougLea_malloc
                0x0000000000105e50                DougLea_free
                0x0000000000106650                DougLea_calloc
                0x00000000001066c0                DougLea_realloc
                0x0000000000106790                DougLea_realloc_in_place
                0x0000000000106800                DougLea_memalign
                0x0000000000106830                DougLea_posix_memalign
                0x00000000001068c0                DougLea_valloc
                0x00000000001068f0                DougLea_pvalloc
                0x0000000000106930                DougLea_independent_calloc
                0x0000000000106960                DougLea_independent_comalloc
                0x0000000000106980                DougLea_bulk_free
                0x0000000000106a40                DougLea_malloc_trim
                0x0000000000106a70                DougLea_malloc_footprint
                0x0000000000106a80                DougLea_malloc_max_footprint
                0x0000000000106a90                DougLea_malloc_footprint_limit
                0x0000000000106aa0                DougLea_malloc_set_footprint_limit
                0x0000000000106ac0                DougLea_mallinfo
                0x0000000000106c40                DougLea_mallopt
                0x0000000000106cc0                DougLea_malloc_usable_size
 *fill*         0x0000000000106cea        0x6 00
 .text          0x0000000000106cf0      0x569 arrlist.o
                0x0000000000106cf0                ArrayList_get
                0x0000000000106d80                ArrayList_add
                0x0000000000106e60                ArrayList_getIndex
                0x0000000000106e90                ArrayList_exists
                0x0000000000106ed0                ArrayList_getSize
                0x0000000000106ee0                ArrayList_removeAt
                0x0000000000107030                ArrayList_remove
                0x0000000000107070                ArrayList_isEmpty
                0x0000000000107090                ArrayList_destroy
                0x00000000001070c0                ArrayList_new
 *fill*         0x0000000000107259        0x7 00
 .text          0x0000000000107260      0x19b dumbH.o
                0x0000000000107260                DumbHeapManager_malloc
                0x00000000001072b0                DumbHeapManager_realloc
                0x0000000000107320                DumbHeapManager_calloc
                0x0000000000107390                DumbHeapManager_free
                0x0000000000108000                . = ALIGN (0x1000)
 *fill*         0x00000000001073fb      0xc05 00

.rodata.str1.1  0x0000000000108000      0x271
 .rodata.str1.1
                0x0000000000108000       0x3d kernel.o
 .rodata.str1.1
                0x000000000010803d       0x12 vga.o
 .rodata.str1.1
                0x000000000010804f       0x3d console.o
                                         0x66 (size before relaxing)
 .rodata.str1.1
                0x000000000010808c        0xe sys.o
 .rodata.str1.1
                0x000000000010809a       0x14 module.o
                                         0x3d (size before relaxing)
 .rodata.str1.1
                0x00000000001080ae       0x14 mem.o
                                         0x3d (size before relaxing)
 .rodata.str1.1
                0x00000000001080c2       0x18 gdt.o
 .rodata.str1.1
                0x00000000001080da        0xa pic.o
 .rodata.str1.1
                0x00000000001080e4       0x56 idt.o
                                         0x7f (size before relaxing)
 .rodata.str1.1
                0x000000000010813a        0x9 pit.o
 .rodata.str1.1
                0x0000000000108143       0x18 bitmap.o
                                         0x41 (size before relaxing)
 .rodata.str1.1
                0x000000000010815b       0x17 stack.o
                                         0x40 (size before relaxing)
 .rodata.str1.1
                0x0000000000108172       0x18 pmm.o
 .rodata.str1.1
                0x000000000010818a       0x69 smm.o
                                         0x92 (size before relaxing)
 .rodata.str1.1
                0x00000000001081f3       0x2c bmm.o
                                         0x93 (size before relaxing)
 .rodata.str1.1
                0x000000000010821f       0x23 vmm.o
                                         0x4c (size before relaxing)
 .rodata.str1.1
                0x0000000000108242       0x14 heap.o
                                         0x3d (size before relaxing)
 .rodata.str1.1
                0x0000000000108256       0x1b arrlist.o
                                         0x44 (size before relaxing)
 .rodata.str1.1
                0x0000000000000000       0x29 dumbH.o

.eh_frame       0x0000000000108274     0x1198
 .eh_frame      0x0000000000108274       0x38 kernel.o
 .eh_frame      0x00000000001082ac       0x78 io.o
                                         0x90 (size before relaxing)
 .eh_frame      0x0000000000108324       0x28 vga.o
                                         0x40 (size before relaxing)
 .eh_frame      0x000000000010834c      0x128 console.o
                                        0x140 (size before relaxing)
 .eh_frame      0x0000000000108474       0x44 sys.o
                                         0x5c (size before relaxing)
 .eh_frame      0x00000000001084b8       0x68 module.o
                                         0x80 (size before relaxing)
 .eh_frame      0x0000000000108520       0x64 mem.o
                                         0x7c (size before relaxing)
 .eh_frame      0x0000000000108584       0x28 gdt.o
                                         0x40 (size before relaxing)
 .eh_frame      0x00000000001085ac       0x68 pic.o
                                         0x80 (size before relaxing)
 .eh_frame      0x0000000000108614       0x9c idt.o
                                         0xb4 (size before relaxing)
 .eh_frame      0x00000000001086b0       0x78 pit.o
                                         0x90 (size before relaxing)
 .eh_frame      0x0000000000108728       0x28 cpu.o
                                         0x40 (size before relaxing)
 .eh_frame      0x0000000000108750       0xec bitmap.o
                                        0x104 (size before relaxing)
 .eh_frame      0x000000000010883c       0x70 stack.o
                                         0x88 (size before relaxing)
 .eh_frame      0x00000000001088ac       0x64 math.o
                                         0x7c (size before relaxing)
 .eh_frame      0x0000000000108910       0x2c pmm.o
                                         0x44 (size before relaxing)
 .eh_frame      0x000000000010893c       0x94 smm.o
                                         0xac (size before relaxing)
 .eh_frame      0x00000000001089d0       0xac bmm.o
                                         0xc4 (size before relaxing)
 .eh_frame      0x0000000000108a7c      0x158 vmm.o
                                        0x170 (size before relaxing)
 .eh_frame      0x0000000000108bd4       0x90 heap.o
                                         0xa8 (size before relaxing)
 .eh_frame      0x0000000000108c64      0x5b0 dl.o
                                        0x5c8 (size before relaxing)
 .eh_frame      0x0000000000109214      0x18c arrlist.o
                                        0x1a4 (size before relaxing)
 .eh_frame      0x00000000001093a0       0x6c dumbH.o
                                         0x84 (size before relaxing)

.rodata.str1.4  0x000000000010940c       0x88
 .rodata.str1.4
                0x000000000010940c       0x1f idt.o
 *fill*         0x000000000010942b        0x1 00
 .rodata.str1.4
                0x000000000010942c       0x22 vmm.o
 *fill*         0x000000000010944e        0x2 00
 .rodata.str1.4
                0x0000000000109450       0x1f heap.o
 *fill*         0x000000000010946f        0x1 00
 .rodata.str1.4
                0x0000000000109470       0x24 dumbH.o

.iplt           0x00000000001094a0        0x0
 .iplt          0x0000000000000000        0x0 start.o

.rel.dyn        0x0000000000109494        0x0
 .rel.iplt      0x0000000000000000        0x0 start.o
 .rel.text      0x0000000000000000        0x0 start.o

.data           0x0000000000109494      0xb6c
                0x0000000000109494                data = .
                0x0000000000109494                _data = .
                0x0000000000109494                __data = .
 *(.data)
 .data          0x0000000000109494        0x0 kernel.o
 .data          0x0000000000109494        0x0 io.o
 .data          0x0000000000109494        0x0 vga.o
 .data          0x0000000000109494        0x0 console.o
 .data          0x0000000000109494        0x0 sys.o
 .data          0x0000000000109494        0x0 module.o
 .data          0x0000000000109494        0x0 mem.o
 .data          0x0000000000109494        0x0 gdt.o
 .data          0x0000000000109494        0x0 pic.o
 .data          0x0000000000109494        0x0 idt.o
 .data          0x0000000000109494        0x0 pit.o
 .data          0x0000000000109494        0x0 cpu.o
 .data          0x0000000000109494        0x0 bitmap.o
 .data          0x0000000000109494        0x0 stack.o
 .data          0x0000000000109494        0x0 math.o
 .data          0x0000000000109494        0x0 pmm.o
 .data          0x0000000000109494        0x0 smm.o
 .data          0x0000000000109494        0x0 bmm.o
 .data          0x0000000000109494        0x0 vmm.o
 .data          0x0000000000109494        0x0 heap.o
 .data          0x0000000000109494        0x0 dl.o
 .data          0x0000000000109494        0x0 arrlist.o
 .data          0x0000000000109494        0x4 dumbH.o
 *(.rodata)
 .rodata        0x0000000000109498       0x28 cpu.o
                0x000000000010a000                . = ALIGN (0x1000)
 *fill*         0x00000000001094c0      0xb40 00

.igot.plt       0x000000000010a000        0x0
 .igot.plt      0x0000000000000000        0x0 start.o

.bss            0x000000000010a000    0x12028
                0x000000000010a000                bss = .
                0x000000000010a000                _bss = .
                0x000000000010a000                __bss = .
 *(.bss)
 .bss           0x000000000010a000     0xff00 start.o
 .bss           0x0000000000119f00        0x0 kernel.o
 .bss           0x0000000000119f00        0x0 io.o
 .bss           0x0000000000119f00       0x34 vga.o
 *fill*         0x0000000000119f34        0xc 00
 .bss           0x0000000000119f40       0x94 console.o
 .bss           0x0000000000119fd4        0x0 sys.o
 *fill*         0x0000000000119fd4        0xc 00
 .bss           0x0000000000119fe0       0xa0 module.o
 .bss           0x000000000011a080        0x0 mem.o
 .bss           0x000000000011a080       0x6e gdt.o
 *fill*         0x000000000011a0ee       0x12 00
 .bss           0x000000000011a100       0x34 pic.o
 *fill*         0x000000000011a134        0xc 00
 .bss           0x000000000011a140      0xc40 idt.o
 .bss           0x000000000011ad80       0x54 pit.o
 .bss           0x000000000011add4        0x0 cpu.o
 .bss           0x000000000011add4        0x0 bitmap.o
 .bss           0x000000000011add4        0x0 stack.o
 .bss           0x000000000011add4        0x0 math.o
 *fill*         0x000000000011add4        0xc 00
 .bss           0x000000000011ade0       0x3c pmm.o
 .bss           0x000000000011ae1c       0x14 smm.o
 .bss           0x000000000011ae30       0x18 bmm.o
 *fill*         0x000000000011ae48       0x18 00
 .bss           0x000000000011ae60       0x38 vmm.o
 *fill*         0x000000000011ae98        0x8 00
 .bss           0x000000000011aea0       0x54 heap.o
 *fill*         0x000000000011aef4        0xc 00
 .bss           0x000000000011af00      0x1f0 dl.o
 .bss           0x000000000011b0f0        0x0 arrlist.o
 .bss           0x000000000011b0f0        0x4 dumbH.o
                0x000000000011c000                . = ALIGN (0x1000)
 *fill*         0x000000000011b0f4      0xf0c 00
 COMMON         0x000000000011c000        0x6 vga.o
                0x000000000011c000                vgaRam
                0x000000000011c004                vgaHeight
                0x000000000011c005                vgaWidth
 *fill*         0x000000000011c006        0x2 00
 COMMON         0x000000000011c008        0xc pmm.o
                0x000000000011c008                PhysicalMemory_allocateFrame
                0x000000000011c00c                PhysicalMemory_printInfo
                0x000000000011c010                PhysicalMemory_freeFrame
 COMMON         0x000000000011c014       0x14 heap.o
                0x000000000011c014                HeapMemory_realloc
                0x000000000011c018                errno
                0x000000000011c01c                HeapMemory_free
                0x000000000011c020                HeapMemory_calloc
                0x000000000011c024                HeapMemory_alloc
                0x000000000011c028                end = .
                0x000000000011c028                _end = .
                0x000000000011c028                __end = .
LOAD start.o
LOAD kernel.o
LOAD io.o
LOAD vga.o
LOAD console.o
LOAD sys.o
LOAD module.o
LOAD mem.o
LOAD gdt.o
LOAD gdtAsm.o
LOAD pic.o
LOAD idt.o
LOAD idtAsm.o
LOAD pit.o
LOAD cpu.o
LOAD bitmap.o
LOAD stack.o
LOAD math.o
LOAD pmm.o
LOAD smm.o
LOAD bmm.o
LOAD vmm.o
LOAD heap.o
LOAD dl.o
LOAD arrlist.o
LOAD dumbH.o
OUTPUT(bootloader/kernel elf32-i386)

.comment        0x0000000000000000       0x11
 .comment       0x0000000000000000       0x11 kernel.o
                                         0x12 (size before relaxing)
 .comment       0x0000000000000000       0x12 io.o
 .comment       0x0000000000000000       0x12 vga.o
 .comment       0x0000000000000000       0x12 console.o
 .comment       0x0000000000000000       0x12 sys.o
 .comment       0x0000000000000000       0x12 module.o
 .comment       0x0000000000000000       0x12 mem.o
 .comment       0x0000000000000000       0x12 gdt.o
 .comment       0x0000000000000000       0x12 pic.o
 .comment       0x0000000000000000       0x12 idt.o
 .comment       0x0000000000000000       0x12 pit.o
 .comment       0x0000000000000000       0x12 cpu.o
 .comment       0x0000000000000000       0x12 bitmap.o
 .comment       0x0000000000000000       0x12 stack.o
 .comment       0x0000000000000000       0x12 math.o
 .comment       0x0000000000000000       0x12 pmm.o
 .comment       0x0000000000000000       0x12 smm.o
 .comment       0x0000000000000000       0x12 bmm.o
 .comment       0x0000000000000000       0x12 vmm.o
 .comment       0x0000000000000000       0x12 heap.o
 .comment       0x0000000000000000       0x12 dl.o
 .comment       0x0000000000000000       0x12 arrlist.o
 .comment       0x0000000000000000       0x12 dumbH.o
