
Allocating common symbols
Common symbol       size              file

vgaRam              0x4               vga.o
vgaHeight           0x1               vga.o
vgaWidth            0x1               vga.o

Memory Configuration

Name             Origin             Length             Attributes
*default*        0x0000000000000000 0xffffffffffffffff

Linker script and memory map


.text           0x0000000000100000     0x2000
                0x0000000000100000                text = .
                0x0000000000100000                _text = .
                0x0000000000100000                __text = .
 *(.text)
 .text          0x0000000000100000       0x2c start.o
                0x0000000000100000                mbHead
                0x0000000000100020                Start
 *fill*         0x000000000010002c        0x4 00
 .text          0x0000000000100030       0xc7 kernel.o
                0x0000000000100030                test
                0x0000000000100070                Kernel
 *fill*         0x00000000001000f7        0x9 00
 .text          0x0000000000100100       0x56 io.o
                0x0000000000100100                IO_outB
                0x0000000000100110                IO_outW
                0x0000000000100120                IO_outL
                0x0000000000100130                IO_inB
                0x0000000000100140                IO_inW
                0x0000000000100150                IO_inL
 *fill*         0x0000000000100156        0xa 00
 .text          0x0000000000100160       0x44 vga.o
                0x0000000000100180                VGA_getModule
 *fill*         0x00000000001001a4        0xc 00
 .text          0x00000000001001b0      0x4e8 console.o
                0x00000000001001c0                Console_printString
                0x00000000001001f0                Console_printf
                0x0000000000100410                Console_printChar
                0x00000000001005c0                Console_clearScreen
                0x0000000000100650                Console_setColor
                0x0000000000100660                Console_getModule
 *fill*         0x0000000000100698        0x8 00
 .text          0x00000000001006a0       0x61 sys.o
                0x00000000001006a0                Sys_restart
                0x00000000001006c0                Sys_haltCPU
                0x00000000001006d0                Sys_panic
 *fill*         0x0000000000100701        0xf 00
 .text          0x0000000000100710      0x2c6 module.o
                0x0000000000100710                Module_load
                0x0000000000100990                Module_getLoadedModuleNames
                0x00000000001009d0                Module_getNumberOfLoadedModules
 *fill*         0x00000000001009d6        0xa 00
 .text          0x00000000001009e0      0x1b4 mem.o
                0x00000000001009e0                Memory_set
                0x0000000000100a80                Memory_copy
 *fill*         0x0000000000100b94        0xc 00
 .text          0x0000000000100ba0      0x114 gdt.o
                0x0000000000100c90                GDT_getModule
 *fill*         0x0000000000100cb4        0xc 00
 .text          0x0000000000100cc0        0x8 gdtAsm.o
                0x0000000000100cc0                GDT_farJump
 *fill*         0x0000000000100cc8        0x8 00
 .text          0x0000000000100cd0      0x1a4 pic.o
                0x0000000000100da0                PIC8259_setMask
                0x0000000000100e10                PIC8259_sendEOI
                0x0000000000100e50                PIC8259_getModule
 *fill*         0x0000000000100e74        0xc 00
 .text          0x0000000000100e80      0xa52 idt.o
                0x00000000001016b0                IDT_registerHandler
                0x0000000000101760                IDT_handlerException
                0x00000000001017f0                IDT_handlerIRQ
                0x0000000000101890                IDT_getModule
 *fill*         0x00000000001018d2        0xe 00
 .text          0x00000000001018e0      0x212 idtAsm.o
                0x0000000000101930                IDT_handler0
                0x0000000000101937                IDT_handler1
                0x000000000010193e                IDT_handler2
                0x0000000000101945                IDT_handler3
                0x000000000010194c                IDT_handler4
                0x0000000000101953                IDT_handler5
                0x000000000010195a                IDT_handler6
                0x0000000000101964                IDT_handler7
                0x000000000010196e                IDT_handler8
                0x0000000000101976                IDT_handler9
                0x0000000000101980                IDT_handler10
                0x0000000000101988                IDT_handler11
                0x0000000000101990                IDT_handler12
                0x0000000000101998                IDT_handler13
                0x00000000001019a0                IDT_handler14
                0x00000000001019a8                IDT_handler15
                0x00000000001019b2                IDT_handler16
                0x00000000001019bc                IDT_handler17
                0x00000000001019c6                IDT_handler18
                0x00000000001019d0                IDT_handler19
                0x00000000001019da                IDT_handler20
                0x00000000001019e4                IDT_handler21
                0x00000000001019ee                IDT_handler22
                0x00000000001019f8                IDT_handler23
                0x0000000000101a02                IDT_handler24
                0x0000000000101a0c                IDT_handler25
                0x0000000000101a16                IDT_handler26
                0x0000000000101a20                IDT_handler27
                0x0000000000101a2a                IDT_handler28
                0x0000000000101a34                IDT_handler29
                0x0000000000101a3e                IDT_handler30
                0x0000000000101a48                IDT_handler31
                0x0000000000101a52                IDT_request0
                0x0000000000101a5c                IDT_request1
                0x0000000000101a66                IDT_request2
                0x0000000000101a70                IDT_request3
                0x0000000000101a7a                IDT_request4
                0x0000000000101a84                IDT_request5
                0x0000000000101a8e                IDT_request6
                0x0000000000101a98                IDT_request7
                0x0000000000101aa2                IDT_request8
                0x0000000000101aac                IDT_request9
                0x0000000000101ab6                IDT_request10
                0x0000000000101ac0                IDT_request11
                0x0000000000101aca                IDT_request12
                0x0000000000101ad4                IDT_request13
                0x0000000000101ade                IDT_request14
                0x0000000000101ae8                IDT_request15
 *fill*         0x0000000000101af2        0xe 00
 .text          0x0000000000101b00      0x118 pit.o
                0x0000000000101b80                PIT8253_measureRuntime
                0x0000000000101ba0                PIT8253_sleep
                0x0000000000101be0                PIT8253_getModule
                0x0000000000102000                . = ALIGN (0x1000)
 *fill*         0x0000000000101c18      0x3e8 00

.rodata.str1.1  0x0000000000102000      0x13c
 .rodata.str1.1
                0x0000000000102000        0xd kernel.o
                                         0x13 (size before relaxing)
 .rodata.str1.1
                0x000000000010200d       0x12 vga.o
 .rodata.str1.1
                0x000000000010201f       0x66 console.o
 .rodata.str1.1
                0x0000000000102085        0xe sys.o
 .rodata.str1.1
                0x0000000000102093       0x14 module.o
                                         0x3d (size before relaxing)
 .rodata.str1.1
                0x00000000001020a7       0x14 mem.o
                                         0x3d (size before relaxing)
 .rodata.str1.1
                0x00000000001020bb       0x18 gdt.o
 .rodata.str1.1
                0x00000000001020d3        0xa pic.o
 .rodata.str1.1
                0x00000000001020dd       0x56 idt.o
                                         0x7f (size before relaxing)
 .rodata.str1.1
                0x0000000000102133        0x9 pit.o

.eh_frame       0x000000000010213c      0x4d4
 .eh_frame      0x000000000010213c       0x58 kernel.o
 .eh_frame      0x0000000000102194       0x78 io.o
                                         0x90 (size before relaxing)
 .eh_frame      0x000000000010220c       0x28 vga.o
                                         0x40 (size before relaxing)
 .eh_frame      0x0000000000102234      0x128 console.o
                                        0x140 (size before relaxing)
 .eh_frame      0x000000000010235c       0x44 sys.o
                                         0x5c (size before relaxing)
 .eh_frame      0x00000000001023a0       0x68 module.o
                                         0x80 (size before relaxing)
 .eh_frame      0x0000000000102408       0x64 mem.o
                                         0x7c (size before relaxing)
 .eh_frame      0x000000000010246c       0x28 gdt.o
                                         0x40 (size before relaxing)
 .eh_frame      0x0000000000102494       0x68 pic.o
                                         0x80 (size before relaxing)
 .eh_frame      0x00000000001024fc       0x9c idt.o
                                         0xb4 (size before relaxing)
 .eh_frame      0x0000000000102598       0x78 pit.o
                                         0x90 (size before relaxing)

.rodata.str1.4  0x0000000000102610       0x20
 .rodata.str1.4
                0x0000000000102610       0x20 idt.o
                                         0x1f (size before relaxing)

.iplt           0x0000000000102630        0x0
 .iplt          0x0000000000000000        0x0 start.o

.rel.dyn        0x0000000000102630        0x0
 .rel.iplt      0x0000000000000000        0x0 start.o
 .rel.text      0x0000000000000000        0x0 start.o

.data           0x0000000000102630      0x9d0
                0x0000000000102630                data = .
                0x0000000000102630                _data = .
                0x0000000000102630                __data = .
 *(.data)
 .data          0x0000000000102630        0x0 kernel.o
 .data          0x0000000000102630        0x0 io.o
 .data          0x0000000000102630        0x0 vga.o
 .data          0x0000000000102630        0x0 console.o
 .data          0x0000000000102630        0x0 sys.o
 .data          0x0000000000102630        0x0 module.o
 .data          0x0000000000102630        0x0 mem.o
 .data          0x0000000000102630        0x0 gdt.o
 .data          0x0000000000102630        0x0 pic.o
 .data          0x0000000000102630        0x0 idt.o
 .data          0x0000000000102630        0x0 pit.o
 *(.rodata)
                0x0000000000103000                . = ALIGN (0x1000)
 *fill*         0x0000000000102630      0x9d0 00

.igot.plt       0x0000000000103000        0x0
 .igot.plt      0x0000000000000000        0x0 start.o

.bss            0x0000000000103000    0x11006
                0x0000000000103000                bss = .
                0x0000000000103000                _bss = .
                0x0000000000103000                __bss = .
 *(.bss)
 .bss           0x0000000000103000     0xff00 start.o
 .bss           0x0000000000112f00        0x0 kernel.o
 .bss           0x0000000000112f00        0x0 io.o
 .bss           0x0000000000112f00       0x34 vga.o
 *fill*         0x0000000000112f34        0xc 00
 .bss           0x0000000000112f40       0x94 console.o
 .bss           0x0000000000112fd4        0x0 sys.o
 *fill*         0x0000000000112fd4        0xc 00
 .bss           0x0000000000112fe0       0xa0 module.o
 .bss           0x0000000000113080        0x0 mem.o
 .bss           0x0000000000113080       0x6e gdt.o
 *fill*         0x00000000001130ee       0x12 00
 .bss           0x0000000000113100       0x34 pic.o
 *fill*         0x0000000000113134        0xc 00
 .bss           0x0000000000113140      0xc40 idt.o
 .bss           0x0000000000113d80       0x54 pit.o
                0x0000000000114000                . = ALIGN (0x1000)
 *fill*         0x0000000000113dd4      0x22c 00
 COMMON         0x0000000000114000        0x6 vga.o
                0x0000000000114000                vgaRam
                0x0000000000114004                vgaHeight
                0x0000000000114005                vgaWidth
                0x0000000000114006                end = .
                0x0000000000114006                _end = .
                0x0000000000114006                __end = .
LOAD start.o
LOAD kernel.o
LOAD io.o
LOAD vga.o
LOAD console.o
LOAD sys.o
LOAD module.o
LOAD mem.o
LOAD gdt.o
LOAD gdtAsm.o
LOAD pic.o
LOAD idt.o
LOAD idtAsm.o
LOAD pit.o
OUTPUT(bootloader/kernel elf32-i386)

.comment        0x0000000000000000       0x11
 .comment       0x0000000000000000       0x11 kernel.o
                                         0x12 (size before relaxing)
 .comment       0x0000000000000000       0x12 io.o
 .comment       0x0000000000000000       0x12 vga.o
 .comment       0x0000000000000000       0x12 console.o
 .comment       0x0000000000000000       0x12 sys.o
 .comment       0x0000000000000000       0x12 module.o
 .comment       0x0000000000000000       0x12 mem.o
 .comment       0x0000000000000000       0x12 gdt.o
 .comment       0x0000000000000000       0x12 pic.o
 .comment       0x0000000000000000       0x12 idt.o
 .comment       0x0000000000000000       0x12 pit.o
