
Allocating common symbols
Common symbol       size              file

Scheduler_removeProcess
                    0x4               sched.o
HeapMemory_realloc  0x4               heap.o
Scheduler_addProcess
                    0x4               sched.o
Scheduler_getNextProcess
                    0x4               sched.o
errno               0x4               heap.o
HeapMemory_free     0x4               heap.o
PhysicalMemory_getInfo
                    0x4               pmm.o
HeapMemory_calloc   0x4               heap.o
vgaRam              0x4               vga.o
vgaHeight           0x1               vga.o
vgaWidth            0x1               vga.o
PhysicalMemory_allocateFrame
                    0x4               pmm.o
HeapMemory_alloc    0x4               heap.o
PhysicalMemory_freeFrame
                    0x4               pmm.o
Scheduler_getCurrentProcess
                    0x4               sched.o

Memory Configuration

Name             Origin             Length             Attributes
*default*        0x0000000000000000 0xffffffffffffffff

Linker script and memory map


.text           0x0000000000100000     0xa000
                0x0000000000100000                text = .
                0x0000000000100000                _text = .
                0x0000000000100000                __text = .
 *(.text)
 .text          0x0000000000100000       0x2c start.o
                0x0000000000100000                mbHead
                0x0000000000100020                Start
 *fill*         0x000000000010002c        0x4 
 .text          0x0000000000100030      0x21c kernel.o
                0x0000000000100030                Kernel
 *fill*         0x000000000010024c        0x4 
 .text          0x0000000000100250       0x44 vga.o
                0x0000000000100270                VGA_getModule
 *fill*         0x0000000000100294        0xc 
 .text          0x00000000001002a0      0x4b8 console.o
                0x00000000001002b0                Console_printString
                0x00000000001002e0                Console_printf
                0x0000000000100460                Console_printChar
                0x00000000001006b0                Console_clearScreen
                0x0000000000100710                Console_setColor
                0x0000000000100720                Console_getModule
 *fill*         0x0000000000100758        0x8 
 .text          0x0000000000100760       0x41 sys.o
                0x0000000000100760                Sys_restart
                0x0000000000100770                Sys_panic
 *fill*         0x00000000001007a1        0xf 
 .text          0x00000000001007b0      0x2c6 module.o
                0x00000000001007b0                Module_load
                0x0000000000100a30                Module_getLoadedModuleNames
                0x0000000000100a70                Module_getNumberOfLoadedModules
 *fill*         0x0000000000100a76        0xa 
 .text          0x0000000000100a80      0x11d gdt.o
                0x0000000000100b70                GDT_getModule
 *fill*         0x0000000000100b9d        0x3 
 .text          0x0000000000100ba0       0xad pic.o
                0x0000000000100bd0                PIC8259_setMask
                0x0000000000100c10                PIC8259_sendEOI
                0x0000000000100c20                PIC8259_getModule
 *fill*         0x0000000000100c4d        0x3 
 .text          0x0000000000100c50      0xa7b idt.o
                0x0000000000101480                IDT_registerHandler
                0x0000000000101530                IDT_handlerException
                0x00000000001015c0                IDT_handlerIRQ
                0x0000000000101680                IDT_getModule
 *fill*         0x00000000001016cb        0x5 
 .text          0x00000000001016d0      0x23b idtAsm.o
                0x000000000010173d                IDT_handler0
                0x0000000000101744                IDT_handler1
                0x000000000010174b                IDT_handler2
                0x0000000000101755                IDT_handler3
                0x000000000010175f                IDT_handler4
                0x0000000000101769                IDT_handler5
                0x0000000000101773                IDT_handler6
                0x000000000010177d                IDT_handler7
                0x0000000000101787                IDT_handler8
                0x000000000010178f                IDT_handler9
                0x0000000000101799                IDT_handler10
                0x00000000001017a1                IDT_handler11
                0x00000000001017a9                IDT_handler12
                0x00000000001017b1                IDT_handler13
                0x00000000001017b9                IDT_handler14
                0x00000000001017c1                IDT_handler15
                0x00000000001017cb                IDT_handler16
                0x00000000001017d5                IDT_handler17
                0x00000000001017df                IDT_handler18
                0x00000000001017e9                IDT_handler19
                0x00000000001017f3                IDT_handler20
                0x00000000001017fd                IDT_handler21
                0x0000000000101807                IDT_handler22
                0x0000000000101811                IDT_handler23
                0x000000000010181b                IDT_handler24
                0x0000000000101825                IDT_handler25
                0x000000000010182f                IDT_handler26
                0x0000000000101839                IDT_handler27
                0x0000000000101843                IDT_handler28
                0x000000000010184d                IDT_handler29
                0x0000000000101857                IDT_handler30
                0x0000000000101861                IDT_handler31
                0x000000000010186b                IDT_request0
                0x0000000000101875                IDT_request1
                0x000000000010187f                IDT_request2
                0x0000000000101889                IDT_request3
                0x0000000000101893                IDT_request4
                0x000000000010189d                IDT_request5
                0x00000000001018a7                IDT_request6
                0x00000000001018b1                IDT_request7
                0x00000000001018bb                IDT_request8
                0x00000000001018c5                IDT_request9
                0x00000000001018cf                IDT_request10
                0x00000000001018d9                IDT_request11
                0x00000000001018e3                IDT_request12
                0x00000000001018ed                IDT_request13
                0x00000000001018f7                IDT_request14
                0x0000000000101901                IDT_request15
 *fill*         0x000000000010190b        0x5 
 .text          0x0000000000101910      0x181 pit.o
                0x00000000001019e0                PIT8253_measureRuntime
                0x0000000000101a00                PIT8253_sleep
                0x0000000000101a50                PIT8253_getModule
 *fill*         0x0000000000101a91        0xf 
 .text          0x0000000000101aa0       0xd8 cpu.o
                0x0000000000101aa0                CPU_getCR
                0x0000000000101b10                CPU_setCR
 *fill*         0x0000000000101b78        0x8 
 .text          0x0000000000101b80      0x2b2 bitmap.o
                0x0000000000101b80                Bitmap_setBit
                0x0000000000101c20                Bitmap_clearBit
                0x0000000000101cc0                Bitmap_isSet
                0x0000000000101d60                Bitmap_toggle
                0x0000000000101e20                Bitmap_init
 *fill*         0x0000000000101e32        0xe 
 .text          0x0000000000101e40      0x159 stack.o
                0x0000000000101e40                Stack_push
                0x0000000000101ee0                Stack_pop
                0x0000000000101f70                Stack_peek
                0x0000000000101f80                Stack_init
 *fill*         0x0000000000101f99        0x7 
 .text          0x0000000000101fa0       0x4d math.o
                0x0000000000101fa0                Math_abs
                0x0000000000101fb0                Math_sqrt
                0x0000000000101fc0                Math_sin
                0x0000000000101fd0                Math_cos
                0x0000000000101fe0                Math_tan
 *fill*         0x0000000000101fed        0x3 
 .text          0x0000000000101ff0       0x7f pmm.o
                0x0000000000102030                PhysicalMemory_getModule
 *fill*         0x000000000010206f        0x1 
 .text          0x0000000000102070      0x2c1 smm.o
                0x0000000000102070                StackPMM_allocateFrame
                0x00000000001020a0                StackPMM_freeFrame
                0x0000000000102130                StackPMM_init
                0x0000000000102310                StackPMM_getInfo
 *fill*         0x0000000000102331        0xf 
 .text          0x0000000000102340      0x44e bmm.o
                0x0000000000102340                BitmapPMM_allocateFrame
                0x00000000001023c0                BitmapPMM_freeFrame
                0x0000000000102470                BitmapPMM_getInfo
                0x00000000001024a0                BitmapPMM_init
 *fill*         0x000000000010278e        0x2 
 .text          0x0000000000102790     0x119b vmm.o
                0x0000000000102bd0                VirtualMemory_getKernelDir
                0x0000000000102be0                VirtualMemory_switchPageDir
                0x0000000000102de0                VirtualMemory_mapPage
                0x0000000000102fc0                VirtualMemory_unmapPage
                0x0000000000103160                VirtualMemory_destroyPageDirectory
                0x00000000001033b0                VirtualMemory_createPageDirectory
                0x0000000000103540                VirtualMemory_mapKernel
                0x0000000000103740                VirtualMemory_getPhysicalAddress
                0x00000000001038e0                VirtualMemory_getModule
 *fill*         0x000000000010392b        0x5 
 .text          0x0000000000103930      0x4e1 heap.o
                0x0000000000103970                HeapMemory_expand
                0x0000000000103dd0                HeapMemory_getModule
 *fill*         0x0000000000103e11        0xf 
 .text          0x0000000000103e20     0x37a3 dl.o
                0x0000000000104c60                DougLea_malloc
                0x0000000000106710                DougLea_free
                0x0000000000106f10                DougLea_calloc
                0x0000000000106f90                DougLea_realloc
                0x0000000000107060                DougLea_realloc_in_place
                0x00000000001070d0                DougLea_memalign
                0x0000000000107100                DougLea_posix_memalign
                0x0000000000107180                DougLea_valloc
                0x00000000001071b0                DougLea_pvalloc
                0x00000000001071f0                DougLea_independent_calloc
                0x0000000000107220                DougLea_independent_comalloc
                0x0000000000107240                DougLea_bulk_free
                0x0000000000107300                DougLea_malloc_trim
                0x0000000000107330                DougLea_malloc_footprint
                0x0000000000107340                DougLea_malloc_max_footprint
                0x0000000000107350                DougLea_malloc_footprint_limit
                0x0000000000107360                DougLea_malloc_set_footprint_limit
                0x0000000000107390                DougLea_mallinfo
                0x0000000000107510                DougLea_mallopt
                0x0000000000107590                DougLea_malloc_usable_size
 *fill*         0x00000000001075c3        0xd 
 .text          0x00000000001075d0      0x4e9 arrlist.o
                0x00000000001075d0                ArrayList_get
                0x0000000000107660                ArrayList_add
                0x0000000000107740                ArrayList_getIndex
                0x0000000000107770                ArrayList_exists
                0x00000000001077b0                ArrayList_getSize
                0x00000000001077c0                ArrayList_removeAt
                0x0000000000107880                ArrayList_remove
                0x00000000001078c0                ArrayList_isEmpty
                0x00000000001078f0                ArrayList_destroy
                0x0000000000107920                ArrayList_new
 *fill*         0x0000000000107ab9        0x7 
 .text          0x0000000000107ac0      0x19b dumbH.o
                0x0000000000107ac0                DumbHeapManager_malloc
                0x0000000000107b10                DumbHeapManager_realloc
                0x0000000000107b80                DumbHeapManager_calloc
                0x0000000000107bf0                DumbHeapManager_free
 *fill*         0x0000000000107c5b        0x5 
 .text          0x0000000000107c60      0x4e2 linkl.o
                0x0000000000107e10                LinkedList_add
                0x0000000000107f80                LinkedList_remove
                0x0000000000108030                LinkedList_removeFromFront
                0x0000000000108040                LinkedList_push
                0x0000000000108050                LinkedList_pop
                0x0000000000108060                LinkedList_peek
                0x00000000001080f0                LinkedList_new
                0x0000000000108110                LinkedList_destroy
 *fill*         0x0000000000108142        0xe 
 .text          0x0000000000108150      0x228 string.o
                0x0000000000108150                String_startsWith
                0x00000000001081c0                String_endsWith
                0x0000000000108230                String_charAt
                0x0000000000108240                String_length
                0x0000000000108260                String_charToInt
                0x0000000000108270                String_stringToInt
                0x00000000001082c0                String_numberToString
 *fill*         0x0000000000108378        0x8 
 .text          0x0000000000108380      0x34b process.o
                0x0000000000108380                Process_new
                0x00000000001086a0                Process_destroy
 *fill*         0x00000000001086cb        0x5 
 .text          0x00000000001086d0       0x71 sched.o
                0x0000000000108700                Scheduler_getModule
 *fill*         0x0000000000108741        0xf 
 .text          0x0000000000108750      0x286 rr.o
                0x0000000000108750                RoundRobin_addProcess
                0x0000000000108810                RoundRobin_removeProcess
                0x0000000000108930                RoundRobin_getNextProcess
                0x00000000001089d0                RoundRobin_getCurrentProcess
 *fill*         0x00000000001089d6        0xa 
 .text          0x00000000001089e0      0x361 pm.o
                0x0000000000108b50                ProcessManager_switch
                0x0000000000108d00                ProcessManager_getModule
 *fill*         0x0000000000108d41        0xf 
 .text          0x0000000000108d50      0x4b1 kbd.o
                0x0000000000108d80                Keyboard_setLeds
                0x0000000000108f40                Keyboard_init
 *fill*         0x0000000000109201        0xf 
 .text          0x0000000000109210      0x291 mouse.o
                0x00000000001092c0                Mouse_init
 *fill*         0x00000000001094a1        0xf 
 .text          0x00000000001094b0      0x671 ps2.o
                0x0000000000109a60                PS2Controller_send
                0x0000000000109aa0                PS2Controller_receive
                0x0000000000109ae0                PS2Controller_getModule
 *fill*         0x0000000000109b21        0xf 
 .text          0x0000000000109b30      0x47a ramdisk.o
                0x0000000000109b90                Tar_getFileContents
                0x0000000000109f60                RamDisk_getModule
                0x000000000010a000                . = ALIGN (0x1000)
 *fill*         0x0000000000109faa       0x56 

.rodata.str1.1  0x000000000010a000      0x4ec
 .rodata.str1.1
                0x000000000010a000       0x3d kernel.o
 .rodata.str1.1
                0x000000000010a03d       0x12 vga.o
 .rodata.str1.1
                0x000000000010a04f       0x44 console.o
                                         0x6d (size before relaxing)
 .rodata.str1.1
                0x000000000010a093        0x9 sys.o
                                          0xe (size before relaxing)
 .rodata.str1.1
                0x000000000010a09c       0x14 module.o
                                         0x3d (size before relaxing)
 .rodata.str1.1
                0x000000000010a0b0       0x18 gdt.o
 .rodata.str1.1
                0x000000000010a0c8        0xa pic.o
 .rodata.str1.1
                0x000000000010a0d2       0x56 idt.o
                                         0x7f (size before relaxing)
 .rodata.str1.1
                0x000000000010a128        0x9 pit.o
 .rodata.str1.1
                0x000000000010a131       0x18 bitmap.o
                                         0x41 (size before relaxing)
 .rodata.str1.1
                0x000000000010a149       0x17 stack.o
                                         0x40 (size before relaxing)
 .rodata.str1.1
                0x000000000010a160       0x18 pmm.o
 .rodata.str1.1
                0x000000000010a178       0x1d smm.o
                                         0x46 (size before relaxing)
 .rodata.str1.1
                0x000000000010a195       0x1e bmm.o
                                         0x5f (size before relaxing)
 .rodata.str1.1
                0x000000000010a1b3       0x63 vmm.o
                                         0xa7 (size before relaxing)
 .rodata.str1.1
                0x000000000010a216       0x2c heap.o
                                         0x6d (size before relaxing)
 .rodata.str1.1
                0x000000000010a242       0x1b arrlist.o
                                         0x44 (size before relaxing)
 .rodata.str1.1
                0x0000000000000000       0x29 dumbH.o
 .rodata.str1.1
                0x000000000010a25d       0x1c linkl.o
                                         0x45 (size before relaxing)
 .rodata.str1.1
                0x000000000010a279       0x11 string.o
 .rodata.str1.1
                0x000000000010a28a       0x1d process.o
                                         0x5e (size before relaxing)
 .rodata.str1.1
                0x000000000010a2a7       0x12 sched.o
 .rodata.str1.1
                0x0000000000000000       0x29 rr.o
 .rodata.str1.1
                0x000000000010a2b9       0x71 pm.o
                                         0x9a (size before relaxing)
 .rodata.str1.1
                0x000000000010a32a       0x94 kbd.o
                                         0xa2 (size before relaxing)
 .rodata.str1.1
                0x000000000010a3be       0x30 mouse.o
                                         0x53 (size before relaxing)
 .rodata.str1.1
                0x000000000010a3ee       0xf5 ps2.o
                                        0x118 (size before relaxing)
 .rodata.str1.1
                0x000000000010a4e3        0x9 ramdisk.o
                                         0x4a (size before relaxing)

.eh_frame       0x000000000010a4ec     0x17f8
 .eh_frame      0x000000000010a4ec       0x3c kernel.o
 .eh_frame      0x000000000010a528       0x28 vga.o
                                         0x40 (size before relaxing)
 .eh_frame      0x000000000010a550      0x128 console.o
                                        0x140 (size before relaxing)
 .eh_frame      0x000000000010a678       0x2c sys.o
                                         0x44 (size before relaxing)
 .eh_frame      0x000000000010a6a4       0x68 module.o
                                         0x80 (size before relaxing)
 .eh_frame      0x000000000010a70c       0x28 gdt.o
                                         0x40 (size before relaxing)
 .eh_frame      0x000000000010a734       0x5c pic.o
                                         0x74 (size before relaxing)
 .eh_frame      0x000000000010a790       0xa8 idt.o
                                         0xc0 (size before relaxing)
 .eh_frame      0x000000000010a838       0xb8 pit.o
                                         0xd0 (size before relaxing)
 .eh_frame      0x000000000010a8f0       0x28 cpu.o
                                         0x40 (size before relaxing)
 .eh_frame      0x000000000010a918       0xd4 bitmap.o
                                         0xec (size before relaxing)
 .eh_frame      0x000000000010a9ec       0x70 stack.o
                                         0x88 (size before relaxing)
 .eh_frame      0x000000000010aa5c       0x64 math.o
                                         0x7c (size before relaxing)
 .eh_frame      0x000000000010aac0       0x2c pmm.o
                                         0x44 (size before relaxing)
 .eh_frame      0x000000000010aaec       0x90 smm.o
                                         0xa8 (size before relaxing)
 .eh_frame      0x000000000010ab7c       0xb0 bmm.o
                                         0xc8 (size before relaxing)
 .eh_frame      0x000000000010ac2c      0x248 vmm.o
                                        0x260 (size before relaxing)
 .eh_frame      0x000000000010ae74       0x68 heap.o
                                         0x80 (size before relaxing)
 .eh_frame      0x000000000010aedc      0x598 dl.o
                                        0x5b0 (size before relaxing)
 .eh_frame      0x000000000010b474      0x174 arrlist.o
                                        0x18c (size before relaxing)
 .eh_frame      0x000000000010b5e8       0x6c dumbH.o
                                         0x84 (size before relaxing)
 .eh_frame      0x000000000010b654      0x130 linkl.o
                                        0x148 (size before relaxing)
 .eh_frame      0x000000000010b784      0x12c string.o
                                        0x144 (size before relaxing)
 .eh_frame      0x000000000010b8b0       0x60 process.o
                                         0x78 (size before relaxing)
 .eh_frame      0x000000000010b910       0x28 sched.o
                                         0x40 (size before relaxing)
 .eh_frame      0x000000000010b938       0x80 rr.o
                                         0x98 (size before relaxing)
 .eh_frame      0x000000000010b9b8       0xac pm.o
                                         0xc4 (size before relaxing)
 .eh_frame      0x000000000010ba64       0xa4 kbd.o
                                         0xbc (size before relaxing)
 .eh_frame      0x000000000010bb08       0x60 mouse.o
                                         0x78 (size before relaxing)
 .eh_frame      0x000000000010bb68       0x88 ps2.o
                                         0xa0 (size before relaxing)
 .eh_frame      0x000000000010bbf0       0xf4 ramdisk.o
                                        0x10c (size before relaxing)

.rodata.str1.4  0x000000000010bce4      0x1c8
 .rodata.str1.4
                0x000000000010bce4       0x1f idt.o
 *fill*         0x000000000010bd03        0x1 
 .rodata.str1.4
                0x000000000010bd04       0x22 vmm.o
 *fill*         0x000000000010bd26        0x2 
 .rodata.str1.4
                0x000000000010bd28       0x1f heap.o
 *fill*         0x000000000010bd47        0x1 
 .rodata.str1.4
                0x000000000010bd48       0x24 dumbH.o
 .rodata.str1.4
                0x000000000010bd6c       0x20 rr.o
 .rodata.str1.4
                0x000000000010bd8c       0x24 pm.o
 .rodata.str1.4
                0x000000000010bdb0       0x47 kbd.o
 *fill*         0x000000000010bdf7        0x1 
 .rodata.str1.4
                0x000000000010bdf8       0x70 mouse.o
 .rodata.str1.4
                0x000000000010be68       0x23 ps2.o
 *fill*         0x000000000010be8b        0x1 
 .rodata.str1.4
                0x000000000010be8c       0x20 ramdisk.o

.iplt           0x000000000010beb0        0x0
 .iplt          0x0000000000000000        0x0 start.o

.rel.dyn        0x000000000010beac        0x0
 .rel.iplt      0x0000000000000000        0x0 start.o
 .rel.text      0x0000000000000000        0x0 start.o

.data           0x000000000010bec0     0x1140
                0x000000000010bec0                data = .
                0x000000000010bec0                _data = .
                0x000000000010bec0                __data = .
 *(.data)
 .data          0x000000000010bec0        0x0 kernel.o
 .data          0x000000000010bec0        0x0 vga.o
 .data          0x000000000010bec0        0x0 console.o
 .data          0x000000000010bec0        0x0 sys.o
 .data          0x000000000010bec0        0x0 module.o
 .data          0x000000000010bec0        0x0 gdt.o
 .data          0x000000000010bec0        0x0 pic.o
 .data          0x000000000010bec0        0x0 idt.o
 .data          0x000000000010bec0        0x0 pit.o
 .data          0x000000000010bec0        0x0 cpu.o
 .data          0x000000000010bec0        0x0 bitmap.o
 .data          0x000000000010bec0        0x0 stack.o
 .data          0x000000000010bec0        0x0 math.o
 .data          0x000000000010bec0        0x0 pmm.o
 .data          0x000000000010bec0        0x0 smm.o
 .data          0x000000000010bec0        0x0 bmm.o
 .data          0x000000000010bec0        0x0 vmm.o
 .data          0x000000000010bec0        0x0 heap.o
 .data          0x000000000010bec0        0x0 dl.o
 .data          0x000000000010bec0        0x0 arrlist.o
 .data          0x000000000010bec0        0x4 dumbH.o
 .data          0x000000000010bec4        0x0 linkl.o
 .data          0x000000000010bec4        0x0 string.o
 .data          0x000000000010bec4        0x0 process.o
 .data          0x000000000010bec4        0x0 sched.o
 .data          0x000000000010bec4        0x0 rr.o
 .data          0x000000000010bec4        0x0 pm.o
 .data          0x000000000010bec4        0x0 kbd.o
 .data          0x000000000010bec4        0x0 mouse.o
 .data          0x000000000010bec4        0x0 ps2.o
 .data          0x000000000010bec4        0x0 ramdisk.o
 *(.rodata)
 .rodata        0x000000000010bec4       0x28 cpu.o
 *fill*         0x000000000010beec       0x14 
 .rodata        0x000000000010bf00      0x200 kbd.o
                0x000000000010d000                . = ALIGN (0x1000)
 *fill*         0x000000000010c100      0xf00 

.igot.plt       0x000000000010d000        0x0
 .igot.plt      0x0000000000000000        0x0 start.o

.bss            0x000000000010d000    0x12038
                0x000000000010d000                bss = .
                0x000000000010d000                _bss = .
                0x000000000010d000                __bss = .
 *(.bss)
 .bss           0x000000000010d000     0xff00 start.o
 .bss           0x000000000011cf00        0x0 kernel.o
 .bss           0x000000000011cf00       0x34 vga.o
 *fill*         0x000000000011cf34        0xc 
 .bss           0x000000000011cf40       0x54 console.o
 .bss           0x000000000011cf94        0x0 sys.o
 *fill*         0x000000000011cf94        0xc 
 .bss           0x000000000011cfa0       0xa0 module.o
 .bss           0x000000000011d040       0x6e gdt.o
 *fill*         0x000000000011d0ae       0x12 
 .bss           0x000000000011d0c0       0x34 pic.o
 *fill*         0x000000000011d0f4        0xc 
 .bss           0x000000000011d100      0xc40 idt.o
 .bss           0x000000000011dd40       0x54 pit.o
 .bss           0x000000000011dd94        0x0 cpu.o
 .bss           0x000000000011dd94        0x0 bitmap.o
 .bss           0x000000000011dd94        0x0 stack.o
 .bss           0x000000000011dd94        0x0 math.o
 *fill*         0x000000000011dd94        0xc 
 .bss           0x000000000011dda0       0x3c pmm.o
 .bss           0x000000000011dddc       0x14 smm.o
 .bss           0x000000000011ddf0       0x18 bmm.o
 *fill*         0x000000000011de08       0x18 
 .bss           0x000000000011de20       0x54 vmm.o
 *fill*         0x000000000011de74        0xc 
 .bss           0x000000000011de80       0x54 heap.o
 *fill*         0x000000000011ded4        0xc 
 .bss           0x000000000011dee0      0x1f0 dl.o
 .bss           0x000000000011e0d0        0x0 arrlist.o
 .bss           0x000000000011e0d0        0x4 dumbH.o
 .bss           0x000000000011e0d4        0x0 linkl.o
 *fill*         0x000000000011e0d4        0xc 
 .bss           0x000000000011e0e0       0x20 string.o
 .bss           0x000000000011e100        0x0 process.o
 .bss           0x000000000011e100       0x34 sched.o
 .bss           0x000000000011e134        0x8 rr.o
 *fill*         0x000000000011e13c        0x4 
 .bss           0x000000000011e140       0x34 pm.o
 .bss           0x000000000011e174        0x4 kbd.o
 .bss           0x000000000011e178        0x4 mouse.o
 *fill*         0x000000000011e17c        0x4 
 .bss           0x000000000011e180       0x35 ps2.o
 *fill*         0x000000000011e1b5        0xb 
 .bss           0x000000000011e1c0       0x58 ramdisk.o
                0x000000000011f000                . = ALIGN (0x1000)
 *fill*         0x000000000011e218      0xde8 
 COMMON         0x000000000011f000        0x6 vga.o
                0x000000000011f000                vgaRam
                0x000000000011f004                vgaHeight
                0x000000000011f005                vgaWidth
 *fill*         0x000000000011f006        0x2 
 COMMON         0x000000000011f008        0xc pmm.o
                0x000000000011f008                PhysicalMemory_getInfo
                0x000000000011f00c                PhysicalMemory_allocateFrame
                0x000000000011f010                PhysicalMemory_freeFrame
 COMMON         0x000000000011f014       0x14 heap.o
                0x000000000011f014                HeapMemory_realloc
                0x000000000011f018                errno
                0x000000000011f01c                HeapMemory_free
                0x000000000011f020                HeapMemory_calloc
                0x000000000011f024                HeapMemory_alloc
 COMMON         0x000000000011f028       0x10 sched.o
                0x000000000011f028                Scheduler_removeProcess
                0x000000000011f02c                Scheduler_addProcess
                0x000000000011f030                Scheduler_getNextProcess
                0x000000000011f034                Scheduler_getCurrentProcess
                0x000000000011f038                end = .
                0x000000000011f038                _end = .
                0x000000000011f038                __end = .
LOAD start.o
LOAD kernel.o
LOAD vga.o
LOAD console.o
LOAD sys.o
LOAD module.o
LOAD gdt.o
LOAD pic.o
LOAD idt.o
LOAD idtAsm.o
LOAD pit.o
LOAD cpu.o
LOAD bitmap.o
LOAD stack.o
LOAD math.o
LOAD pmm.o
LOAD smm.o
LOAD bmm.o
LOAD vmm.o
LOAD heap.o
LOAD dl.o
LOAD arrlist.o
LOAD dumbH.o
LOAD linkl.o
LOAD string.o
LOAD process.o
LOAD sched.o
LOAD rr.o
LOAD pm.o
LOAD kbd.o
LOAD mouse.o
LOAD ps2.o
LOAD ramdisk.o
OUTPUT(bootloader/kernel elf32-i386)

.comment        0x0000000000000000       0x11
 .comment       0x0000000000000000       0x11 kernel.o
                                         0x12 (size before relaxing)
 .comment       0x0000000000000000       0x12 vga.o
 .comment       0x0000000000000000       0x12 console.o
 .comment       0x0000000000000000       0x12 sys.o
 .comment       0x0000000000000000       0x12 module.o
 .comment       0x0000000000000000       0x12 gdt.o
 .comment       0x0000000000000000       0x12 pic.o
 .comment       0x0000000000000000       0x12 idt.o
 .comment       0x0000000000000000       0x12 pit.o
 .comment       0x0000000000000000       0x12 cpu.o
 .comment       0x0000000000000000       0x12 bitmap.o
 .comment       0x0000000000000000       0x12 stack.o
 .comment       0x0000000000000000       0x12 math.o
 .comment       0x0000000000000000       0x12 pmm.o
 .comment       0x0000000000000000       0x12 smm.o
 .comment       0x0000000000000000       0x12 bmm.o
 .comment       0x0000000000000000       0x12 vmm.o
 .comment       0x0000000000000000       0x12 heap.o
 .comment       0x0000000000000000       0x12 dl.o
 .comment       0x0000000000000000       0x12 arrlist.o
 .comment       0x0000000000000000       0x12 dumbH.o
 .comment       0x0000000000000000       0x12 linkl.o
 .comment       0x0000000000000000       0x12 string.o
 .comment       0x0000000000000000       0x12 process.o
 .comment       0x0000000000000000       0x12 sched.o
 .comment       0x0000000000000000       0x12 rr.o
 .comment       0x0000000000000000       0x12 pm.o
 .comment       0x0000000000000000       0x12 kbd.o
 .comment       0x0000000000000000       0x12 mouse.o
 .comment       0x0000000000000000       0x12 ps2.o
 .comment       0x0000000000000000       0x12 ramdisk.o
