
Allocating common symbols
Common symbol       size              file

HeapMemory_realloc  0x4               heap.o
errno               0x4               heap.o
HeapMemory_free     0x4               heap.o
PhysicalMemory_getInfo
                    0x4               pmm.o
HeapMemory_calloc   0x4               heap.o
vgaRam              0x4               vga.o
vgaHeight           0x1               vga.o
vgaWidth            0x1               vga.o
PhysicalMemory_allocateFrame
                    0x4               pmm.o
HeapMemory_alloc    0x4               heap.o
PhysicalMemory_freeFrame
                    0x4               pmm.o

Memory Configuration

Name             Origin             Length             Attributes
*default*        0x0000000000000000 0xffffffffffffffff

Linker script and memory map


.text           0x0000000000100000     0x8000
                0x0000000000100000                text = .
                0x0000000000100000                _text = .
                0x0000000000100000                __text = .
 *(.text)
 .text          0x0000000000100000       0x2c start.o
                0x0000000000100000                mbHead
                0x0000000000100020                Start
 *fill*         0x000000000010002c        0x4 
 .text          0x0000000000100030      0x188 kernel.o
                0x0000000000100030                Kernel
 *fill*         0x00000000001001b8        0x8 
 .text          0x00000000001001c0       0x56 io.o
                0x00000000001001c0                IO_outB
                0x00000000001001d0                IO_outW
                0x00000000001001e0                IO_outL
                0x00000000001001f0                IO_inB
                0x0000000000100200                IO_inW
                0x0000000000100210                IO_inL
 *fill*         0x0000000000100216        0xa 
 .text          0x0000000000100220       0x44 vga.o
                0x0000000000100240                VGA_getModule
 *fill*         0x0000000000100264        0xc 
 .text          0x0000000000100270      0x4e8 console.o
                0x0000000000100280                Console_printString
                0x00000000001002b0                Console_printf
                0x00000000001004e0                Console_printChar
                0x0000000000100680                Console_clearScreen
                0x0000000000100710                Console_setColor
                0x0000000000100720                Console_getModule
 *fill*         0x0000000000100758        0x8 
 .text          0x0000000000100760       0x51 sys.o
                0x0000000000100760                Sys_restart
                0x0000000000100780                Sys_panic
 *fill*         0x00000000001007b1        0xf 
 .text          0x00000000001007c0      0x2c6 module.o
                0x00000000001007c0                Module_load
                0x0000000000100a40                Module_getLoadedModuleNames
                0x0000000000100a80                Module_getNumberOfLoadedModules
 *fill*         0x0000000000100a86        0xa 
 .text          0x0000000000100a90      0x1b4 mem.o
                0x0000000000100a90                Memory_set
                0x0000000000100b30                Memory_copy
 *fill*         0x0000000000100c44        0xc 
 .text          0x0000000000100c50      0x114 gdt.o
                0x0000000000100d40                GDT_getModule
 *fill*         0x0000000000100d64        0xc 
 .text          0x0000000000100d70      0x1a4 pic.o
                0x0000000000100e40                PIC8259_setMask
                0x0000000000100eb0                PIC8259_sendEOI
                0x0000000000100ef0                PIC8259_getModule
 *fill*         0x0000000000100f14        0xc 
 .text          0x0000000000100f20      0xa52 idt.o
                0x0000000000101750                IDT_registerHandler
                0x0000000000101800                IDT_handlerException
                0x0000000000101890                IDT_handlerIRQ
                0x0000000000101930                IDT_getModule
 *fill*         0x0000000000101972        0xe 
 .text          0x0000000000101980      0x20d idtAsm.o
                0x00000000001019ce                IDT_handler0
                0x00000000001019d5                IDT_handler1
                0x00000000001019dc                IDT_handler2
                0x00000000001019e3                IDT_handler3
                0x00000000001019ea                IDT_handler4
                0x00000000001019f1                IDT_handler5
                0x00000000001019f8                IDT_handler6
                0x00000000001019ff                IDT_handler7
                0x0000000000101a09                IDT_handler8
                0x0000000000101a11                IDT_handler9
                0x0000000000101a1b                IDT_handler10
                0x0000000000101a23                IDT_handler11
                0x0000000000101a2b                IDT_handler12
                0x0000000000101a33                IDT_handler13
                0x0000000000101a3b                IDT_handler14
                0x0000000000101a43                IDT_handler15
                0x0000000000101a4d                IDT_handler16
                0x0000000000101a57                IDT_handler17
                0x0000000000101a61                IDT_handler18
                0x0000000000101a6b                IDT_handler19
                0x0000000000101a75                IDT_handler20
                0x0000000000101a7f                IDT_handler21
                0x0000000000101a89                IDT_handler22
                0x0000000000101a93                IDT_handler23
                0x0000000000101a9d                IDT_handler24
                0x0000000000101aa7                IDT_handler25
                0x0000000000101ab1                IDT_handler26
                0x0000000000101abb                IDT_handler27
                0x0000000000101ac5                IDT_handler28
                0x0000000000101acf                IDT_handler29
                0x0000000000101ad9                IDT_handler30
                0x0000000000101ae3                IDT_handler31
                0x0000000000101aed                IDT_request0
                0x0000000000101af7                IDT_request1
                0x0000000000101b01                IDT_request2
                0x0000000000101b0b                IDT_request3
                0x0000000000101b15                IDT_request4
                0x0000000000101b1f                IDT_request5
                0x0000000000101b29                IDT_request6
                0x0000000000101b33                IDT_request7
                0x0000000000101b3d                IDT_request8
                0x0000000000101b47                IDT_request9
                0x0000000000101b51                IDT_request10
                0x0000000000101b5b                IDT_request11
                0x0000000000101b65                IDT_request12
                0x0000000000101b6f                IDT_request13
                0x0000000000101b79                IDT_request14
                0x0000000000101b83                IDT_request15
 *fill*         0x0000000000101b8d        0x3 
 .text          0x0000000000101b90      0x168 pit.o
                0x0000000000101c50                PIT8253_measureRuntime
                0x0000000000101c70                PIT8253_sleep
                0x0000000000101cc0                PIT8253_getModule
 *fill*         0x0000000000101cf8        0x8 
 .text          0x0000000000101d00       0xd8 cpu.o
                0x0000000000101d00                CPU_getCR
                0x0000000000101d70                CPU_setCR
 *fill*         0x0000000000101dd8        0x8 
 .text          0x0000000000101de0      0x2b2 bitmap.o
                0x0000000000101de0                Bitmap_setBit
                0x0000000000101e80                Bitmap_clearBit
                0x0000000000101f20                Bitmap_isSet
                0x0000000000101fc0                Bitmap_toggle
                0x0000000000102080                Bitmap_init
 *fill*         0x0000000000102092        0xe 
 .text          0x00000000001020a0      0x159 stack.o
                0x00000000001020a0                Stack_push
                0x0000000000102140                Stack_pop
                0x00000000001021d0                Stack_peek
                0x00000000001021e0                Stack_init
 *fill*         0x00000000001021f9        0x7 
 .text          0x0000000000102200       0x4d math.o
                0x0000000000102200                Math_abs
                0x0000000000102210                Math_sqrt
                0x0000000000102220                Math_sin
                0x0000000000102230                Math_cos
                0x0000000000102240                Math_tan
 *fill*         0x000000000010224d        0x3 
 .text          0x0000000000102250       0x76 pmm.o
                0x0000000000102290                PhysicalMemory_getModule
 *fill*         0x00000000001022c6        0xa 
 .text          0x00000000001022d0      0x2c1 smm.o
                0x00000000001022d0                StackPMM_allocateFrame
                0x0000000000102300                StackPMM_freeFrame
                0x0000000000102390                StackPMM_init
                0x0000000000102570                StackPMM_getInfo
 *fill*         0x0000000000102591        0xf 
 .text          0x00000000001025a0      0x3d5 bmm.o
                0x00000000001025a0                BitmapPMM_allocateFrame
                0x0000000000102620                BitmapPMM_freeFrame
                0x00000000001026d0                BitmapPMM_getInfo
                0x0000000000102700                BitmapPMM_init
 *fill*         0x0000000000102975        0xb 
 .text          0x0000000000102980      0x852 vmm.o
                0x0000000000102cc0                VirtualMemory_mapPage
                0x0000000000102e40                VirtualMemory_unmapPage
                0x0000000000102ff0                VirtualMemory_getPhysicalAddress
                0x0000000000103190                VirtualMemory_getModule
 *fill*         0x00000000001031d2        0xe 
 .text          0x00000000001031e0      0x478 heap.o
                0x0000000000103220                HeapMemory_contract
                0x0000000000103400                HeapMemory_expand
                0x0000000000103620                HeapMemory_getModule
 *fill*         0x0000000000103658        0x8 
 .text          0x0000000000103660     0x37a3 dl.o
                0x00000000001044a0                DougLea_malloc
                0x0000000000105f50                DougLea_free
                0x0000000000106750                DougLea_calloc
                0x00000000001067d0                DougLea_realloc
                0x00000000001068a0                DougLea_realloc_in_place
                0x0000000000106910                DougLea_memalign
                0x0000000000106940                DougLea_posix_memalign
                0x00000000001069c0                DougLea_valloc
                0x00000000001069f0                DougLea_pvalloc
                0x0000000000106a30                DougLea_independent_calloc
                0x0000000000106a60                DougLea_independent_comalloc
                0x0000000000106a80                DougLea_bulk_free
                0x0000000000106b40                DougLea_malloc_trim
                0x0000000000106b70                DougLea_malloc_footprint
                0x0000000000106b80                DougLea_malloc_max_footprint
                0x0000000000106b90                DougLea_malloc_footprint_limit
                0x0000000000106ba0                DougLea_malloc_set_footprint_limit
                0x0000000000106bd0                DougLea_mallinfo
                0x0000000000106d50                DougLea_mallopt
                0x0000000000106dd0                DougLea_malloc_usable_size
 *fill*         0x0000000000106e03        0xd 
 .text          0x0000000000106e10      0x4e9 arrlist.o
                0x0000000000106e10                ArrayList_get
                0x0000000000106ea0                ArrayList_add
                0x0000000000106f80                ArrayList_getIndex
                0x0000000000106fb0                ArrayList_exists
                0x0000000000106ff0                ArrayList_getSize
                0x0000000000107000                ArrayList_removeAt
                0x00000000001070c0                ArrayList_remove
                0x0000000000107100                ArrayList_isEmpty
                0x0000000000107130                ArrayList_destroy
                0x0000000000107160                ArrayList_new
 *fill*         0x00000000001072f9        0x7 
 .text          0x0000000000107300      0x19b dumbH.o
                0x0000000000107300                DumbHeapManager_malloc
                0x0000000000107350                DumbHeapManager_realloc
                0x00000000001073c0                DumbHeapManager_calloc
                0x0000000000107430                DumbHeapManager_free
 *fill*         0x000000000010749b        0x5 
 .text          0x00000000001074a0      0x4d2 linkl.o
                0x0000000000107650                LinkedList_add
                0x00000000001077c0                LinkedList_remove
                0x0000000000107870                LinkedList_push
                0x0000000000107880                LinkedList_pop
                0x0000000000107890                LinkedList_peek
                0x0000000000107920                LinkedList_new
                0x0000000000107940                LinkedList_destroy
 *fill*         0x0000000000107972        0xe 
 .text          0x0000000000107980       0xc7 process.o
                0x0000000000107980                Process_new
                0x0000000000107a40                Process_destroy
 *fill*         0x0000000000107a47        0x9 
 .text          0x0000000000107a50      0x198 pm.o
                0x0000000000107b50                ProcessManager_schedule
                0x0000000000107bb0                ProcessManager_getModule
                0x0000000000108000                . = ALIGN (0x1000)
 *fill*         0x0000000000107be8      0x418 

.rodata.str1.1  0x0000000000108000      0x266
 .rodata.str1.1
                0x0000000000108000       0x3d kernel.o
 .rodata.str1.1
                0x000000000010803d       0x12 vga.o
 .rodata.str1.1
                0x000000000010804f       0x3d console.o
                                         0x66 (size before relaxing)
 .rodata.str1.1
                0x000000000010808c        0xe sys.o
 .rodata.str1.1
                0x000000000010809a       0x14 module.o
                                         0x3d (size before relaxing)
 .rodata.str1.1
                0x00000000001080ae       0x14 mem.o
                                         0x3d (size before relaxing)
 .rodata.str1.1
                0x00000000001080c2       0x18 gdt.o
 .rodata.str1.1
                0x00000000001080da        0xa pic.o
 .rodata.str1.1
                0x00000000001080e4       0x56 idt.o
                                         0x7f (size before relaxing)
 .rodata.str1.1
                0x000000000010813a        0x9 pit.o
 .rodata.str1.1
                0x0000000000108143       0x18 bitmap.o
                                         0x41 (size before relaxing)
 .rodata.str1.1
                0x000000000010815b       0x17 stack.o
                                         0x40 (size before relaxing)
 .rodata.str1.1
                0x0000000000108172       0x18 pmm.o
 .rodata.str1.1
                0x000000000010818a       0x1d smm.o
                                         0x46 (size before relaxing)
 .rodata.str1.1
                0x00000000001081a7       0x1e bmm.o
                                         0x47 (size before relaxing)
 .rodata.str1.1
                0x00000000001081c5       0x23 vmm.o
                                         0x4c (size before relaxing)
 .rodata.str1.1
                0x00000000001081e8       0x2c heap.o
                                         0x55 (size before relaxing)
 .rodata.str1.1
                0x0000000000108214       0x1b arrlist.o
                                         0x44 (size before relaxing)
 .rodata.str1.1
                0x0000000000000000       0x29 dumbH.o
 .rodata.str1.1
                0x000000000010822f       0x1c linkl.o
                                         0x45 (size before relaxing)
 .rodata.str1.1
                0x000000000010824b       0x1b pm.o

.eh_frame       0x0000000000108268     0x1350
 .eh_frame      0x0000000000108268       0x3c kernel.o
 .eh_frame      0x00000000001082a4       0x78 io.o
                                         0x90 (size before relaxing)
 .eh_frame      0x000000000010831c       0x28 vga.o
                                         0x40 (size before relaxing)
 .eh_frame      0x0000000000108344      0x120 console.o
                                        0x138 (size before relaxing)
 .eh_frame      0x0000000000108464       0x30 sys.o
                                         0x48 (size before relaxing)
 .eh_frame      0x0000000000108494       0x68 module.o
                                         0x80 (size before relaxing)
 .eh_frame      0x00000000001084fc       0x64 mem.o
                                         0x7c (size before relaxing)
 .eh_frame      0x0000000000108560       0x28 gdt.o
                                         0x40 (size before relaxing)
 .eh_frame      0x0000000000108588       0x74 pic.o
                                         0x8c (size before relaxing)
 .eh_frame      0x00000000001085fc       0x9c idt.o
                                         0xb4 (size before relaxing)
 .eh_frame      0x0000000000108698       0x9c pit.o
                                         0xb4 (size before relaxing)
 .eh_frame      0x0000000000108734       0x28 cpu.o
                                         0x40 (size before relaxing)
 .eh_frame      0x000000000010875c       0xd4 bitmap.o
                                         0xec (size before relaxing)
 .eh_frame      0x0000000000108830       0x70 stack.o
                                         0x88 (size before relaxing)
 .eh_frame      0x00000000001088a0       0x64 math.o
                                         0x7c (size before relaxing)
 .eh_frame      0x0000000000108904       0x2c pmm.o
                                         0x44 (size before relaxing)
 .eh_frame      0x0000000000108930       0x90 smm.o
                                         0xa8 (size before relaxing)
 .eh_frame      0x00000000001089c0       0xb0 bmm.o
                                         0xc8 (size before relaxing)
 .eh_frame      0x0000000000108a70      0x150 vmm.o
                                        0x168 (size before relaxing)
 .eh_frame      0x0000000000108bc0       0xa0 heap.o
                                         0xb8 (size before relaxing)
 .eh_frame      0x0000000000108c60      0x580 dl.o
                                        0x598 (size before relaxing)
 .eh_frame      0x00000000001091e0      0x174 arrlist.o
                                        0x18c (size before relaxing)
 .eh_frame      0x0000000000109354       0x6c dumbH.o
                                         0x84 (size before relaxing)
 .eh_frame      0x00000000001093c0      0x11c linkl.o
                                        0x134 (size before relaxing)
 .eh_frame      0x00000000001094dc       0x40 process.o
                                         0x58 (size before relaxing)
 .eh_frame      0x000000000010951c       0x9c pm.o
                                         0xb4 (size before relaxing)

.rodata.str1.4  0x00000000001095b8       0x88
 .rodata.str1.4
                0x00000000001095b8       0x1f idt.o
 *fill*         0x00000000001095d7        0x1 
 .rodata.str1.4
                0x00000000001095d8       0x22 vmm.o
 *fill*         0x00000000001095fa        0x2 
 .rodata.str1.4
                0x00000000001095fc       0x1f heap.o
 *fill*         0x000000000010961b        0x1 
 .rodata.str1.4
                0x000000000010961c       0x24 dumbH.o

.iplt           0x0000000000109640        0x0
 .iplt          0x0000000000000000        0x0 start.o

.rel.dyn        0x0000000000109640        0x0
 .rel.iplt      0x0000000000000000        0x0 start.o
 .rel.text      0x0000000000000000        0x0 start.o

.data           0x0000000000109640      0x9c0
                0x0000000000109640                data = .
                0x0000000000109640                _data = .
                0x0000000000109640                __data = .
 *(.data)
 .data          0x0000000000109640        0x0 kernel.o
 .data          0x0000000000109640        0x0 io.o
 .data          0x0000000000109640        0x0 vga.o
 .data          0x0000000000109640        0x0 console.o
 .data          0x0000000000109640        0x0 sys.o
 .data          0x0000000000109640        0x0 module.o
 .data          0x0000000000109640        0x0 mem.o
 .data          0x0000000000109640        0x0 gdt.o
 .data          0x0000000000109640        0x0 pic.o
 .data          0x0000000000109640        0x0 idt.o
 .data          0x0000000000109640        0x0 pit.o
 .data          0x0000000000109640        0x0 cpu.o
 .data          0x0000000000109640        0x0 bitmap.o
 .data          0x0000000000109640        0x0 stack.o
 .data          0x0000000000109640        0x0 math.o
 .data          0x0000000000109640        0x0 pmm.o
 .data          0x0000000000109640        0x0 smm.o
 .data          0x0000000000109640        0x0 bmm.o
 .data          0x0000000000109640        0x0 vmm.o
 .data          0x0000000000109640        0x0 heap.o
 .data          0x0000000000109640        0x0 dl.o
 .data          0x0000000000109640        0x0 arrlist.o
 .data          0x0000000000109640        0x4 dumbH.o
 .data          0x0000000000109644        0x0 linkl.o
 .data          0x0000000000109644        0x0 process.o
 .data          0x0000000000109644        0x0 pm.o
 *(.rodata)
 .rodata        0x0000000000109644       0x28 cpu.o
                0x000000000010a000                . = ALIGN (0x1000)
 *fill*         0x000000000010966c      0x994 

.igot.plt       0x000000000010a000        0x0
 .igot.plt      0x0000000000000000        0x0 start.o

.bss            0x000000000010a000    0x12028
                0x000000000010a000                bss = .
                0x000000000010a000                _bss = .
                0x000000000010a000                __bss = .
 *(.bss)
 .bss           0x000000000010a000     0xff00 start.o
 .bss           0x0000000000119f00        0x0 kernel.o
 .bss           0x0000000000119f00        0x0 io.o
 .bss           0x0000000000119f00       0x34 vga.o
 *fill*         0x0000000000119f34        0xc 
 .bss           0x0000000000119f40       0x94 console.o
 .bss           0x0000000000119fd4        0x0 sys.o
 *fill*         0x0000000000119fd4        0xc 
 .bss           0x0000000000119fe0       0xa0 module.o
 .bss           0x000000000011a080        0x0 mem.o
 .bss           0x000000000011a080       0x6e gdt.o
 *fill*         0x000000000011a0ee       0x12 
 .bss           0x000000000011a100       0x34 pic.o
 *fill*         0x000000000011a134        0xc 
 .bss           0x000000000011a140      0xc40 idt.o
 .bss           0x000000000011ad80       0x54 pit.o
 .bss           0x000000000011add4        0x0 cpu.o
 .bss           0x000000000011add4        0x0 bitmap.o
 .bss           0x000000000011add4        0x0 stack.o
 .bss           0x000000000011add4        0x0 math.o
 *fill*         0x000000000011add4        0xc 
 .bss           0x000000000011ade0       0x3c pmm.o
 .bss           0x000000000011ae1c       0x14 smm.o
 .bss           0x000000000011ae30       0x18 bmm.o
 *fill*         0x000000000011ae48       0x18 
 .bss           0x000000000011ae60       0x38 vmm.o
 *fill*         0x000000000011ae98        0x8 
 .bss           0x000000000011aea0       0x54 heap.o
 *fill*         0x000000000011aef4        0xc 
 .bss           0x000000000011af00      0x1f0 dl.o
 .bss           0x000000000011b0f0        0x0 arrlist.o
 .bss           0x000000000011b0f0        0x4 dumbH.o
 .bss           0x000000000011b0f4        0x0 linkl.o
 .bss           0x000000000011b0f4        0x0 process.o
 *fill*         0x000000000011b0f4        0xc 
 .bss           0x000000000011b100       0x54 pm.o
                0x000000000011c000                . = ALIGN (0x1000)
 *fill*         0x000000000011b154      0xeac 
 COMMON         0x000000000011c000        0x6 vga.o
                0x000000000011c000                vgaRam
                0x000000000011c004                vgaHeight
                0x000000000011c005                vgaWidth
 *fill*         0x000000000011c006        0x2 
 COMMON         0x000000000011c008        0xc pmm.o
                0x000000000011c008                PhysicalMemory_getInfo
                0x000000000011c00c                PhysicalMemory_allocateFrame
                0x000000000011c010                PhysicalMemory_freeFrame
 COMMON         0x000000000011c014       0x14 heap.o
                0x000000000011c014                HeapMemory_realloc
                0x000000000011c018                errno
                0x000000000011c01c                HeapMemory_free
                0x000000000011c020                HeapMemory_calloc
                0x000000000011c024                HeapMemory_alloc
                0x000000000011c028                end = .
                0x000000000011c028                _end = .
                0x000000000011c028                __end = .
LOAD start.o
LOAD kernel.o
LOAD io.o
LOAD vga.o
LOAD console.o
LOAD sys.o
LOAD module.o
LOAD mem.o
LOAD gdt.o
LOAD pic.o
LOAD idt.o
LOAD idtAsm.o
LOAD pit.o
LOAD cpu.o
LOAD bitmap.o
LOAD stack.o
LOAD math.o
LOAD pmm.o
LOAD smm.o
LOAD bmm.o
LOAD vmm.o
LOAD heap.o
LOAD dl.o
LOAD arrlist.o
LOAD dumbH.o
LOAD linkl.o
LOAD process.o
LOAD pm.o
OUTPUT(bootloader/kernel elf32-i386)

.comment        0x0000000000000000       0x11
 .comment       0x0000000000000000       0x11 kernel.o
                                         0x12 (size before relaxing)
 .comment       0x0000000000000000       0x12 io.o
 .comment       0x0000000000000000       0x12 vga.o
 .comment       0x0000000000000000       0x12 console.o
 .comment       0x0000000000000000       0x12 sys.o
 .comment       0x0000000000000000       0x12 module.o
 .comment       0x0000000000000000       0x12 mem.o
 .comment       0x0000000000000000       0x12 gdt.o
 .comment       0x0000000000000000       0x12 pic.o
 .comment       0x0000000000000000       0x12 idt.o
 .comment       0x0000000000000000       0x12 pit.o
 .comment       0x0000000000000000       0x12 cpu.o
 .comment       0x0000000000000000       0x12 bitmap.o
 .comment       0x0000000000000000       0x12 stack.o
 .comment       0x0000000000000000       0x12 math.o
 .comment       0x0000000000000000       0x12 pmm.o
 .comment       0x0000000000000000       0x12 smm.o
 .comment       0x0000000000000000       0x12 bmm.o
 .comment       0x0000000000000000       0x12 vmm.o
 .comment       0x0000000000000000       0x12 heap.o
 .comment       0x0000000000000000       0x12 dl.o
 .comment       0x0000000000000000       0x12 arrlist.o
 .comment       0x0000000000000000       0x12 dumbH.o
 .comment       0x0000000000000000       0x12 linkl.o
 .comment       0x0000000000000000       0x12 process.o
 .comment       0x0000000000000000       0x12 pm.o
