Archive member included because of file (symbol)

bin/libIncitatus.a(incit.o)   test.o (puts)

Memory Configuration

Name             Origin             Length             Attributes
*default*        0x0000000000000000 0xffffffffffffffff

Linker script and memory map


.text           0x0000000040000000      0x47c load address 0x0000000000000000
 *(.text)
 .text          0x0000000040000000       0x28 test.o
                0x0000000040000000                main
 .text          0x0000000040000028      0x28b bin/libIncitatus.a(incit.o)
                0x000000004000005f                puts
                0x000000004000009a                putc
                0x00000000400000dc                exit
                0x0000000040000117                spawn
                0x0000000040000152                fchdir
                0x000000004000018d                fparent
                0x00000000400001c8                readdir
                0x0000000040000202                fgetcwd
                0x000000004000023e                fstat
                0x0000000040000278                getcwd
                0x00000000400002b4                . = ALIGN (0x4)
 *fill*         0x00000000400002b3        0x1 
 *(.eh_frame)
 .eh_frame      0x00000000400002b4       0x38 test.o
 .eh_frame      0x00000000400002ec      0x184 bin/libIncitatus.a(incit.o)
                0x0000000040000470                . = ALIGN (0x4)
 *(.data)
 .data          0x0000000040000470        0x0 test.o
 .data          0x0000000040000470        0x0 bin/libIncitatus.a(incit.o)
                0x0000000040000470                . = ALIGN (0x4)
 *(.rodata)
 .rodata        0x0000000040000470        0xc test.o
                0x000000004000047c                . = ALIGN (0x4)
 *(.bss)
 .bss           0x000000004000047c        0x0 test.o
 .bss           0x000000004000047c        0x0 bin/libIncitatus.a(incit.o)
                0x000000004000047c                . = ALIGN (0x4)
 *(.COMMON)
                0x000000004000047c                . = ALIGN (0x4)
LOAD test.o
LOAD bin/libIncitatus.a
OUTPUT(test binary)

.comment        0x0000000000000000       0x24
 .comment       0x0000000000000000       0x12 test.o
 .comment       0x0000000000000012       0x12 bin/libIncitatus.a(incit.o)
